// Jest Snapshot v1, https://goo.gl/fbAQLP

exports[`/404 renders 1`] = `
<DocumentFragment>
  <a
    class="Layout_skipToMainContentStyle__1824noh3 sprinkles_paddingLeft_24_default__1lrvpk9ed sprinkles_paddingRight_24_default__1lrvpk9gg sprinkles_paddingTop_8_default__1lrvpk9id sprinkles_paddingBottom_8_default__1lrvpk9d1 sprinkles_backgroundColor_subtle_default__1lrvpk927 sprinkles_color_accent__1lrvpk94 sprinkles_textAlign_center_default__1lrvpk9kv"
    href="#content"
  >
    Skip to content
  </a>
  <div
    class="Layout_bandStickyStyle__1824noh1 backgroundImage_ripNotComingSoonBackgroundImageStyle__ewlb040 sprinkles_minHeight_16_default__1lrvpk99v sprinkles_width_full_default__1lrvpk9ng"
  />
  <div
    class="Layout_pageCanvasStyle__1824noh0 sprinkles_backgroundColor_default_default__1lrvpk921 sprinkles_display_flex_default__1lrvpk95a sprinkles_flexDirection_column_default__1lrvpk95s"
  >
    <header
      class="Layout_headerLayoutStyle__1824noh2 sprinkles_paddingLeft_pageMargin_default__1lrvpk9g1 sprinkles_paddingRight_pageMargin_default__1lrvpk9i4 sprinkles_paddingTop_24_default__1lrvpk9ij sprinkles_paddingTop_32_desktop__1lrvpk9io sprinkles_paddingBottom_24_default__1lrvpk9d7 sprinkles_paddingBottom_32_desktop__1lrvpk9dc sprinkles_display_flex_default__1lrvpk95a sprinkles_rowGap_24_default__1lrvpk9jv sprinkles_alignItems_center_default__1lrvpk91g sprinkles_boxShadow_borderBottom_default__1lrvpk92v sprinkles_backgroundColor_default_default__1lrvpk921"
    >
      <div
        class="sprinkles_display_flex_default__1lrvpk95a sprinkles_flexDirection_column_default__1lrvpk95s sprinkles_alignItems_inherit_default__1lrvpk91j sprinkles_justifyItems_inherit__1lrvpk9t"
      >
        <h1
          class="Mast_flagTypographyStyle__1107qlt0 sprinkles_whiteSpace_nowrap__1lrvpk91c sprinkles_fontWeight_normal__1lrvpk9p"
        >
          <a
            class="sprinkles_color_default__1lrvpk95"
            href="/"
          >
            Frank's Book Log
          </a>
        </h1>
        <p
          class="Mast_taglineStyle__1107qlt1 sprinkles_color_muted__1lrvpk96 sprinkles_lineHeight_16__1lrvpk9z sprinkles_width_full_default__1lrvpk9ng sprinkles_fontSize_small__1lrvpk9j"
        >
          Literature is a relative term.
        </p>
      </div>
      <form
        accept-charset="UTF-8"
        action="https://www.google.com/search"
        class="Mast_orderStyle__1107qlt3 sprinkles_boxShadow_borderAll_default__1lrvpk92y sprinkles_borderRadius_4__1lrvpk90 sprinkles_overflow_hidden__1lrvpk918 sprinkles_width_full_default__1lrvpk9ng sprinkles_width_unset_desktop__1lrvpk9no sprinkles_maxWidth_prose_default__1lrvpk99d"
        method="get"
        role="search"
      >
        <label
          class="sprinkles_display_flex_default__1lrvpk95a sprinkles_overflow_hidden__1lrvpk918"
          for="search"
        >
          <div
            class="ScreenReaderOnly_screenReaderOnlyStyle__1lzmpje0"
          >
            Search
          </div>
          <input
            class="SiteSearchForm_searchInputStyle__p9uc60 sprinkles_paddingLeft_16_default__1lrvpk9ea sprinkles_paddingRight_16_default__1lrvpk9gd sprinkles_paddingTop_8_default__1lrvpk9id sprinkles_paddingBottom_8_default__1lrvpk9d1 sprinkles_backgroundColor_subtle_default__1lrvpk927 sprinkles_color_default__1lrvpk95 sprinkles_fontSize_default__1lrvpk9k sprinkles_fontWeight_light__1lrvpk9o sprinkles_lineHeight_24__1lrvpk911 sprinkles_flexGrow_1__1lrvpk9g"
            id="search"
            name="q"
            placeholder="Search..."
            type="text"
          />
          <input
            name="q"
            type="hidden"
            value="site:www.franksmovielog.com"
          />
          <button
            aria-label="Search"
            class="SiteSearchForm_submitButtonStyle__p9uc61 sprinkles_backgroundColor_subtle_default__1lrvpk927"
            type="submit"
            value="Search"
          >
            <svg
              class="SiteSearchForm_iconStyle__p9uc62 SvgIcon_iconStyle__1ennvpn0"
              height="1em"
              viewBox="0 0 16 16"
              width="1em"
              xmlns="http://www.w3.org/2000/svg"
            >
              <path
                d="M10.442 10.442a1 1 0 011.415 0l3.85 3.85a1 1 0 01-1.414 1.415l-3.85-3.85a1 1 0 010-1.415z"
                fill-rule="evenodd"
              />
              <path
                d="M6.5 12a5.5 5.5 0 100-11 5.5 5.5 0 000 11zM13 6.5a6.5 6.5 0 11-13 0 6.5 6.5 0 0113 0z"
                fill-rule="evenodd"
              />
            </svg>
          </button>
        </label>
      </form>
      <nav
        class="sprinkles_color_accent__1lrvpk94"
      >
        <ul
          class="sprinkles_display_flex_default__1lrvpk95a sprinkles_flexWrap_wrap_default__1lrvpk95v sprinkles_justifyContent_center_default__1lrvpk97a sprinkles_rowGap_8_default__1lrvpk9jp sprinkles_columnGap_16_default__1lrvpk93a sprinkles_columnGap_24_tablet__1lrvpk93e"
        >
          <li
            class="sprinkles_display_block_default__1lrvpk954 sprinkles_letterSpacing_0.5__1lrvpk9w sprinkles_whiteSpace_nowrap__1lrvpk91c"
          >
            <a
              class="sprinkles_color_inherit__1lrvpk99"
              href="/"
            >
              Home
            </a>
          </li>
          <li
            class="sprinkles_display_block_default__1lrvpk954 sprinkles_letterSpacing_0.5__1lrvpk9w sprinkles_whiteSpace_nowrap__1lrvpk91c"
          >
            <a
              class="sprinkles_color_inherit__1lrvpk99"
              href="/how-i-grade/"
            >
              How I Grade
            </a>
          </li>
          <li
            class="sprinkles_display_block_default__1lrvpk954 sprinkles_letterSpacing_0.5__1lrvpk9w sprinkles_whiteSpace_nowrap__1lrvpk91c"
          >
            <a
              class="sprinkles_color_inherit__1lrvpk99"
              href="/reviews/"
            >
              Reviews
            </a>
          </li>
          <li
            class="sprinkles_display_block_default__1lrvpk954 sprinkles_letterSpacing_0.5__1lrvpk9w sprinkles_whiteSpace_nowrap__1lrvpk91c"
          >
            <a
              class="sprinkles_color_inherit__1lrvpk99"
              href="/readings/"
            >
              Reading Log
            </a>
          </li>
          <li
            class="sprinkles_display_block_default__1lrvpk954 sprinkles_letterSpacing_0.5__1lrvpk9w sprinkles_whiteSpace_nowrap__1lrvpk91c"
          >
            <a
              class="sprinkles_color_inherit__1lrvpk99"
              href="/shelf/"
            >
              Shelf
            </a>
          </li>
        </ul>
      </nav>
    </header>
    <div
      class="sprinkles_flexGrow_1__1lrvpk9g"
      id="content"
    >
      <main>
        <article
          class="sprinkles_display_flex_default__1lrvpk95a sprinkles_flexDirection_column_default__1lrvpk95s sprinkles_alignItems_center_default__1lrvpk91g"
        >
          <h1
            class="PageTitle_typographyStyle__o0ksb0 sprinkles_paddingLeft_pageMargin_default__1lrvpk9g1 sprinkles_paddingRight_pageMargin_default__1lrvpk9i4 sprinkles_paddingTop_24_default__1lrvpk9ij sprinkles_paddingTop_32_desktop__1lrvpk9io sprinkles_paddingBottom_24_default__1lrvpk9d7 sprinkles_paddingBottom_32_desktop__1lrvpk9dc sprinkles_textAlign_center_default__1lrvpk9kv"
          >
            404 Not Found
          </h1>
          <div
            class="gatsby-image-wrapper gatsby-image-wrapper-constrained"
            data-gatsby-image-wrapper=""
            style="position: relative; overflow: hidden; display: inline-block; vertical-align: top;"
          >
            <div
              style="max-width: 1000px; display: block;"
            >
              <img
                alt=""
                aria-hidden="true"
                role="presentation"
                src="data:image/svg+xml;charset=utf-8,%3Csvg%20height='563'%20width='1000'%20xmlns='http://www.w3.org/2000/svg'%20version='1.1'%3E%3C/svg%3E"
                style="max-width: 100%; display: block; position: static;"
              />
            </div>
            <img
              alt=""
              aria-hidden="true"
              data-placeholder-image=""
              decoding="async"
              src="data:image/png;base64,iVBORw0KGgoAAAANSUhEUgAAABQAAAALCAYAAAB/Ca1DAAAACXBIWXMAAAsTAAALEwEAmpwYAAAC80lEQVR42h2RW29TBQCATxQzu7U9PT3tbmZjzG2Ftuv9tD1d182etaen99J6hu0yKGUbGhQxjFFAIhmbinEQEvGCD3iJD6hEn5j67oN/6jPpH/i+fPmEbz7foZFyoYWdFIIneHyvwx8/HtDOvkEhJtNUrTy4UeL4+UNutBdpr7jIh0V6LYWXzx/R39bJhZzUEmPoyWmE0+MCS57XqabGudLyogdeoRQdJuUZGojWl50YkSFaKREzZWPbmKCmjuKbsZBdHEEL2CnExinGxlg8JSJc661RTk1QUUe53PRze1vl5uUcb2dPosdkGimZ3c0oB9fKbFXmWM+4qasy3aqX/k6Bi2UfRmx0ADSSUwi/PfuEjjbBWVUkH3yVrz/r8feLI9r5GYyYRC1h48tbDf775ykfdSLUk07MJQd3tlf49/g77r6nU1JkjLCTtnYKYTUgoQeHOK+52Kl7KCgOdMVFaH4EI+7CXLJTSwzTyU7SSNgxM+5BciFsxVydohwfpaG6OK972CycQUh4RsgGbZhpB92qj1xUIumxkPSKrAQc6BE7xaiNFd8wawEbRlSiHJepxh1oAREtKFGKybyTfZNz2gLCnz/d5WJpllxYIuMd4snBJi9/P+JK6wzLPjtpn43D62X+evGQq50ka0EHesjGra1Vjn894v77BvW4i2JYpFucQ+hvvTW4V03IZBatXGiE2L/eIh91kItIA9GGMcfhbpNqeopcRKasyDRXZ/jidptLFT8VxU0lPkZJnURIe14jHxqhnpS41FJY9lsJTQskPFYKUZFuSyUTchGbsxCed6AFHVztpGikxlleOIHmt2NEnOycjdDU5hGePdnDzC9QjDnIBCUO+yY/PL1HM7dA2i+inBbZfbfIz9/vYxb8hGZtFBUXe904v3z7MTd7WXIhmVpyjA/WAwif7rUwFCc11Ul03sJGI8J+f4OET0ILSwRnLTQNPw/udFhTJlG9ElpQxNRO8tX9Hh+ei1COu6kl3FzQp/kfBoKHdB1PFM8AAAAASUVORK5CYII="
              style="height: 100%; left: 0px; position: absolute; top: 0px; width: 100%;"
            />
            <picture>
              <source
                data-srcset="/static/107916d0ba76dbffca18cfbf0f5c4479/fdfcf/not-found.avif 250w,/static/107916d0ba76dbffca18cfbf0f5c4479/b400f/not-found.avif 500w,/static/107916d0ba76dbffca18cfbf0f5c4479/70674/not-found.avif 1000w,/static/107916d0ba76dbffca18cfbf0f5c4479/31a81/not-found.avif 2000w"
                sizes="(min-width: 1000px) 1000px, 100vw"
                type="image/avif"
              />
              <img
                alt="A lost highway."
                data-gatsby-image-ssr=""
                data-main-image=""
                data-src="/static/107916d0ba76dbffca18cfbf0f5c4479/f4320/not-found.jpg"
                data-srcset="/static/107916d0ba76dbffca18cfbf0f5c4479/2af26/not-found.jpg 250w,/static/107916d0ba76dbffca18cfbf0f5c4479/a5dc9/not-found.jpg 500w,/static/107916d0ba76dbffca18cfbf0f5c4479/f4320/not-found.jpg 1000w,/static/107916d0ba76dbffca18cfbf0f5c4479/f2565/not-found.jpg 2000w"
                decoding="async"
                loading="lazy"
                sizes="(min-width: 1000px) 1000px, 100vw"
                style="height: 100%; left: 0px; position: absolute; top: 0px; transform: translateZ(0); transition: opacity 250ms linear; width: 100%; will-change: opacity; opacity: 0;"
              />
            </picture>
            <noscript />
            <script
              type="module"
            >
              const t="undefined"!=typeof HTMLImageElement&&"loading"in HTMLImageElement.prototype;if(t){const t=document.querySelectorAll("img[data-main-image]");for(let e of t){e.dataset.src&&(e.setAttribute("src",e.dataset.src),e.removeAttribute("data-src")),e.dataset.srcset&&(e.setAttribute("srcset",e.dataset.srcset),e.removeAttribute("data-srcset"));const t=e.parentNode.querySelectorAll("source[data-srcset]");for(let e of t)e.setAttribute("srcset",e.dataset.srcset),e.removeAttribute("data-srcset");e.complete&&(e.style.opacity=1,e.parentNode.parentNode.querySelector("[data-placeholder-image]").style.opacity=0)}}
            </script>
          </div>
          <span
            class="sprinkles_width_px_default__1lrvpk9na sprinkles_height_64_default__1lrvpk96p sprinkles_minWidth_px_default__1lrvpk9c4 sprinkles_minHeight_64_default__1lrvpk9aa sprinkles_display_block_default__1lrvpk954"
          />
          <div
            class="sprinkles_paddingLeft_pageMargin_default__1lrvpk9g1 sprinkles_paddingRight_pageMargin_default__1lrvpk9i4"
          >
            <div
              class="RenderedMarkdown_renderedMarkdownStyle__w2sssm0 LongFormText_typographyStyle__za3khu0 sprinkles_fontWeight_light__1lrvpk9o sprinkles_maxWidth_prose_default__1lrvpk99d"
            >
              <p>
                This is probably my fault. Are you looking for one of my old reviews? I’m in the process of touching them up
and reposting them. In the mean time, you can find them in the site’s 
                <a
                  href="https://github.com/fshowalter/booklog/"
                >
                  GitHub repo
                </a>
                .
              </p>
              

              <p>
                If you still can’t find what you need, 
                <a
                  href="https://github.com/fshowalter/franksmovielog.com/issues/new/choose"
                >
                  open an issue on GitHub
                </a>
                 and I’ll try to help.
              </p>
              

              <p>
                My apologies, and thanks for stopping by.
              </p>
            </div>
          </div>
          <span
            class="sprinkles_width_px_default__1lrvpk9na sprinkles_height_128_default__1lrvpk96y sprinkles_minWidth_px_default__1lrvpk9c4 sprinkles_minHeight_128_default__1lrvpk9aj sprinkles_display_block_default__1lrvpk954"
          />
        </article>
      </main>
    </div>
    <footer
      class="backgroundImage_ripNotComingSoonBackgroundImageStyle__ewlb040 sprinkles_paddingLeft_pageMargin_default__1lrvpk9g1 sprinkles_paddingRight_pageMargin_default__1lrvpk9i4 sprinkles_paddingTop_32_default__1lrvpk9im sprinkles_paddingBottom_32_default__1lrvpk9da sprinkles_color_inverse__1lrvpk98 sprinkles_display_flex_default__1lrvpk95a sprinkles_rowGap_24_default__1lrvpk9jv sprinkles_alignItems_center_default__1lrvpk91g sprinkles_flexDirection_column_default__1lrvpk95s"
    >
      <nav>
        <ul
          class="sprinkles_display_flex_default__1lrvpk95a sprinkles_flexWrap_wrap_default__1lrvpk95v sprinkles_justifyContent_center_default__1lrvpk97a sprinkles_rowGap_8_default__1lrvpk9jp sprinkles_columnGap_16_default__1lrvpk93a sprinkles_columnGap_24_tablet__1lrvpk93e"
        >
          <li
            class="sprinkles_display_block_default__1lrvpk954 sprinkles_letterSpacing_0.5__1lrvpk9w sprinkles_whiteSpace_nowrap__1lrvpk91c"
          >
            <a
              class="sprinkles_color_inherit__1lrvpk99"
              href="/"
            >
              Home
            </a>
          </li>
          <li
            class="sprinkles_display_block_default__1lrvpk954 sprinkles_letterSpacing_0.5__1lrvpk9w sprinkles_whiteSpace_nowrap__1lrvpk91c"
          >
            <a
              class="sprinkles_color_inherit__1lrvpk99"
              href="/how-i-grade/"
            >
              How I Grade
            </a>
          </li>
          <li
            class="sprinkles_display_block_default__1lrvpk954 sprinkles_letterSpacing_0.5__1lrvpk9w sprinkles_whiteSpace_nowrap__1lrvpk91c"
          >
            <a
              class="sprinkles_color_inherit__1lrvpk99"
              href="/reviews/"
            >
              Reviews
            </a>
          </li>
          <li
            class="sprinkles_display_block_default__1lrvpk954 sprinkles_letterSpacing_0.5__1lrvpk9w sprinkles_whiteSpace_nowrap__1lrvpk91c"
          >
            <a
              class="sprinkles_color_inherit__1lrvpk99"
              href="/readings/"
            >
              Reading Log
            </a>
          </li>
          <li
            class="sprinkles_display_block_default__1lrvpk954 sprinkles_letterSpacing_0.5__1lrvpk9w sprinkles_whiteSpace_nowrap__1lrvpk91c"
          >
            <a
              class="sprinkles_color_inherit__1lrvpk99"
              href="/shelf/"
            >
              Shelf
            </a>
          </li>
        </ul>
      </nav>
      <p
        class="sprinkles_fontWeight_light__1lrvpk9o sprinkles_fontSize_small__1lrvpk9j sprinkles_lineHeight_16__1lrvpk9z"
      >
        All images used in accordance with the 
        <a
          class="sprinkles_color_inherit__1lrvpk99"
          href="http://www.copyright.gov/title17/92chap1.html#107"
        >
          Fair Use Law.
        </a>
      </p>
      <div
        class="ScreenReaderOnly_screenReaderOnlyStyle__1lzmpje0"
      >
        <a
          href="#top"
        >
          To the top ↑
        </a>
      </div>
    </footer>
  </div>
</DocumentFragment>
`;
