// Jest Snapshot v1, https://goo.gl/fbAQLP

exports[`/how-i-grade renders 1`] = `
<DocumentFragment>
  <a
    class="Layout_skipToMainContentStyle__1824noh3 sprinkles_paddingLeft_24_default__1lrvpk9ed sprinkles_paddingRight_24_default__1lrvpk9gg sprinkles_paddingTop_8_default__1lrvpk9id sprinkles_paddingBottom_8_default__1lrvpk9d1 sprinkles_backgroundColor_subtle_default__1lrvpk927 sprinkles_color_accent__1lrvpk94 sprinkles_textAlign_center_default__1lrvpk9kv"
    href="#content"
  >
    Skip to content
  </a>
  <div
    class="Layout_bandStickyStyle__1824noh1 backgroundImage_ripNotComingSoonBackgroundImageStyle__ewlb040 sprinkles_minHeight_16_default__1lrvpk99v sprinkles_width_full_default__1lrvpk9ng"
  />
  <div
    class="Layout_pageCanvasStyle__1824noh0 sprinkles_backgroundColor_default_default__1lrvpk921 sprinkles_display_flex_default__1lrvpk95a sprinkles_flexDirection_column_default__1lrvpk95s"
  >
    <header
      class="Layout_headerLayoutStyle__1824noh2 sprinkles_paddingLeft_pageMargin_default__1lrvpk9g1 sprinkles_paddingRight_pageMargin_default__1lrvpk9i4 sprinkles_paddingTop_24_default__1lrvpk9ij sprinkles_paddingTop_32_desktop__1lrvpk9io sprinkles_paddingBottom_24_default__1lrvpk9d7 sprinkles_paddingBottom_32_desktop__1lrvpk9dc sprinkles_display_flex_default__1lrvpk95a sprinkles_rowGap_24_default__1lrvpk9jv sprinkles_alignItems_center_default__1lrvpk91g sprinkles_boxShadow_borderBottom_default__1lrvpk92v sprinkles_backgroundColor_default_default__1lrvpk921"
    >
      <div
        class="sprinkles_display_flex_default__1lrvpk95a sprinkles_flexDirection_column_default__1lrvpk95s sprinkles_alignItems_inherit_default__1lrvpk91j sprinkles_justifyItems_inherit__1lrvpk9t"
      >
        <h1
          class="Mast_flagTypographyStyle__1107qlt0 sprinkles_whiteSpace_nowrap__1lrvpk91c sprinkles_fontWeight_normal__1lrvpk9p"
        >
          <a
            class="sprinkles_color_default__1lrvpk95"
            href="/"
          >
            Frank's Book Log
          </a>
        </h1>
        <p
          class="Mast_taglineStyle__1107qlt1 sprinkles_color_muted__1lrvpk96 sprinkles_lineHeight_16__1lrvpk9z sprinkles_width_full_default__1lrvpk9ng sprinkles_fontSize_small__1lrvpk9j"
        >
          Literature is a relative term.
        </p>
      </div>
      <form
        accept-charset="UTF-8"
        action="https://www.google.com/search"
        class="Mast_orderStyle__1107qlt3 sprinkles_boxShadow_borderAll_default__1lrvpk92y sprinkles_borderRadius_4__1lrvpk90 sprinkles_overflow_hidden__1lrvpk918 sprinkles_width_full_default__1lrvpk9ng sprinkles_width_unset_desktop__1lrvpk9no sprinkles_maxWidth_prose_default__1lrvpk99d"
        method="get"
        role="search"
      >
        <label
          class="sprinkles_display_flex_default__1lrvpk95a sprinkles_overflow_hidden__1lrvpk918"
          for="search"
        >
          <div
            class="ScreenReaderOnly_screenReaderOnlyStyle__1lzmpje0"
          >
            Search
          </div>
          <input
            class="SiteSearchForm_searchInputStyle__p9uc60 sprinkles_paddingLeft_16_default__1lrvpk9ea sprinkles_paddingRight_16_default__1lrvpk9gd sprinkles_paddingTop_8_default__1lrvpk9id sprinkles_paddingBottom_8_default__1lrvpk9d1 sprinkles_backgroundColor_subtle_default__1lrvpk927 sprinkles_color_default__1lrvpk95 sprinkles_fontSize_default__1lrvpk9k sprinkles_fontWeight_light__1lrvpk9o sprinkles_lineHeight_24__1lrvpk911 sprinkles_flexGrow_1__1lrvpk9g"
            id="search"
            name="q"
            placeholder="Search..."
            type="text"
          />
          <input
            name="q"
            type="hidden"
            value="site:www.franksmovielog.com"
          />
          <button
            aria-label="Search"
            class="SiteSearchForm_submitButtonStyle__p9uc61 sprinkles_backgroundColor_subtle_default__1lrvpk927"
            type="submit"
            value="Search"
          >
            <svg
              class="SiteSearchForm_iconStyle__p9uc62 SvgIcon_iconStyle__1ennvpn0"
              height="1em"
              viewBox="0 0 16 16"
              width="1em"
              xmlns="http://www.w3.org/2000/svg"
            >
              <path
                d="M10.442 10.442a1 1 0 011.415 0l3.85 3.85a1 1 0 01-1.414 1.415l-3.85-3.85a1 1 0 010-1.415z"
                fill-rule="evenodd"
              />
              <path
                d="M6.5 12a5.5 5.5 0 100-11 5.5 5.5 0 000 11zM13 6.5a6.5 6.5 0 11-13 0 6.5 6.5 0 0113 0z"
                fill-rule="evenodd"
              />
            </svg>
          </button>
        </label>
      </form>
      <nav
        class="sprinkles_color_accent__1lrvpk94"
      >
        <ul
          class="sprinkles_display_flex_default__1lrvpk95a sprinkles_flexWrap_wrap_default__1lrvpk95v sprinkles_justifyContent_center_default__1lrvpk97a sprinkles_rowGap_8_default__1lrvpk9jp sprinkles_columnGap_16_default__1lrvpk93a sprinkles_columnGap_24_tablet__1lrvpk93e"
        >
          <li
            class="sprinkles_display_block_default__1lrvpk954 sprinkles_letterSpacing_0.5__1lrvpk9w sprinkles_whiteSpace_nowrap__1lrvpk91c"
          >
            <a
              class="sprinkles_color_inherit__1lrvpk99"
              href="/"
            >
              Home
            </a>
          </li>
          <li
            class="sprinkles_display_block_default__1lrvpk954 sprinkles_letterSpacing_0.5__1lrvpk9w sprinkles_whiteSpace_nowrap__1lrvpk91c"
          >
            <a
              class="sprinkles_color_inherit__1lrvpk99"
              href="/how-i-grade/"
            >
              How I Grade
            </a>
          </li>
          <li
            class="sprinkles_display_block_default__1lrvpk954 sprinkles_letterSpacing_0.5__1lrvpk9w sprinkles_whiteSpace_nowrap__1lrvpk91c"
          >
            <a
              class="sprinkles_color_inherit__1lrvpk99"
              href="/reviews/"
            >
              Reviews
            </a>
          </li>
          <li
            class="sprinkles_display_block_default__1lrvpk954 sprinkles_letterSpacing_0.5__1lrvpk9w sprinkles_whiteSpace_nowrap__1lrvpk91c"
          >
            <a
              class="sprinkles_color_inherit__1lrvpk99"
              href="/readings/"
            >
              Reading Log
            </a>
          </li>
          <li
            class="sprinkles_display_block_default__1lrvpk954 sprinkles_letterSpacing_0.5__1lrvpk9w sprinkles_whiteSpace_nowrap__1lrvpk91c"
          >
            <a
              class="sprinkles_color_inherit__1lrvpk99"
              href="/shelf/"
            >
              Shelf
            </a>
          </li>
        </ul>
      </nav>
    </header>
    <div
      class="sprinkles_flexGrow_1__1lrvpk9g"
      id="content"
    >
      <main>
        <article
          class="sprinkles_display_flex_default__1lrvpk95a sprinkles_flexDirection_column_default__1lrvpk95s sprinkles_alignItems_center_default__1lrvpk91g"
        >
          <h1
            class="PageTitle_typographyStyle__o0ksb0 sprinkles_paddingLeft_pageMargin_default__1lrvpk9g1 sprinkles_paddingRight_pageMargin_default__1lrvpk9i4 sprinkles_paddingTop_24_default__1lrvpk9ij sprinkles_paddingTop_32_desktop__1lrvpk9io sprinkles_paddingBottom_24_default__1lrvpk9d7 sprinkles_paddingBottom_32_desktop__1lrvpk9dc sprinkles_textAlign_center_default__1lrvpk9kv"
          >
            How I Grade
          </h1>
          <div
            class="gatsby-image-wrapper gatsby-image-wrapper-constrained"
            data-gatsby-image-wrapper=""
            style="position: relative; overflow: hidden; display: inline-block; vertical-align: top;"
          >
            <div
              style="max-width: 1000px; display: block;"
            >
              <img
                alt=""
                aria-hidden="true"
                role="presentation"
                src="data:image/svg+xml;charset=utf-8,%3Csvg%20height='563'%20width='1000'%20xmlns='http://www.w3.org/2000/svg'%20version='1.1'%3E%3C/svg%3E"
                style="max-width: 100%; display: block; position: static;"
              />
            </div>
            <img
              alt=""
              aria-hidden="true"
              data-placeholder-image=""
              decoding="async"
              src="data:image/png;base64,iVBORw0KGgoAAAANSUhEUgAAABQAAAALCAYAAAB/Ca1DAAAACXBIWXMAAAsTAAALEwEAmpwYAAACvElEQVR42h3Oy3LaBgBAUb6jM90kbowBAZJAbyQhkJAESDzDwyHBDyA1TULsxHHSuG7TzrSddLpwN11010033XUmn3c78Q+cezOyKuFYFQxNInRVYlchaZl4NZXUqbLq25yPXC6mPrFnUberLMc+qibTaVi06wrLxKXrqQxCg8xesYCklNFViUlkE/kWi75HEphMfJNJZHEcKfx2NuBJEhJaEh9fPmQ1ChgFLoGt8/U0IqgbdyOZrJDnsF1jO2jS9w2GgUZUVxjHDrtZwMUi5nIR8tPZkA/HEe/PxlytB1zMWsxim0XbZuhrDL0qPafyGcxhaCJ1q4Kvi/RcmeOOycthnctFwOupx3rQYJG4HPXrjLoenqvdxRPfZBBYRG6Fk0gjbehk9vNZvnzwgC++2iM1ZD6cpGz7dTahybvTNrtUZzWO6Hgmdc+iF7nUKgJdT6MdOgwCm5paYtTQ+HY7JXPvYJ9s4YDPsGNVGbZM5rGBpZU4TA1OxxbbmcPTiU3fkwn1EkIpx71cFqFUQJYE9gsHyGKeXDFPpmGU8U2RVk0kbShcHUX8seuwTHSuVy1uX4T8+jzi9nWHZz2VWC0iiQXK5TxmtYwiF++GiuUC9ws5MleLkO9XMePE4e16wKghsWxrzCOFi5nLSWrT9URiT2bSMfj5NOCHQ5s3U4dvHnr8smnjKAJKpYQoCmSGvsrjWMezZJ4dRryaN/h41OK5L/F+4XE+cbmeWcwjmWXXYje0WMdVHrc12q5Mr6ng6yWUUp69XJbMJtG56WtsuxqHgcxfP2747/cdf28SXg1q3ERVPl2m/HkecRJVSSyRqCahlQ/QxBzFcg5dKSLLAveFfTLH/RrrtsK2VeTdSOdRUMGxJOKmyu22xafrlH+uuvz73ZCbJx5eTaTpVnkzb3L5qMU4NlBkAc+QiOsq/wOaUJiXKBeICwAAAABJRU5ErkJggg=="
              style="height: 100%; left: 0px; position: absolute; top: 0px; width: 100%;"
            />
            <picture>
              <source
                data-srcset="/static/563baac09c4eabc0a7aac829ae7b45f8/fdfcf/how-i-grade.avif 250w,/static/563baac09c4eabc0a7aac829ae7b45f8/b400f/how-i-grade.avif 500w,/static/563baac09c4eabc0a7aac829ae7b45f8/70674/how-i-grade.avif 1000w,/static/563baac09c4eabc0a7aac829ae7b45f8/31a81/how-i-grade.avif 2000w"
                sizes="(min-width: 1000px) 1000px, 100vw"
                type="image/avif"
              />
              <img
                alt="Empty cinema seats."
                data-gatsby-image-ssr=""
                data-main-image=""
                data-src="/static/563baac09c4eabc0a7aac829ae7b45f8/f4320/how-i-grade.jpg"
                data-srcset="/static/563baac09c4eabc0a7aac829ae7b45f8/2af26/how-i-grade.jpg 250w,/static/563baac09c4eabc0a7aac829ae7b45f8/a5dc9/how-i-grade.jpg 500w,/static/563baac09c4eabc0a7aac829ae7b45f8/f4320/how-i-grade.jpg 1000w,/static/563baac09c4eabc0a7aac829ae7b45f8/f2565/how-i-grade.jpg 2000w"
                decoding="async"
                loading="lazy"
                sizes="(min-width: 1000px) 1000px, 100vw"
                style="height: 100%; left: 0px; position: absolute; top: 0px; transform: translateZ(0); transition: opacity 250ms linear; width: 100%; will-change: opacity; opacity: 0;"
              />
            </picture>
            <noscript />
            <script
              type="module"
            >
              const t="undefined"!=typeof HTMLImageElement&&"loading"in HTMLImageElement.prototype;if(t){const t=document.querySelectorAll("img[data-main-image]");for(let e of t){e.dataset.src&&(e.setAttribute("src",e.dataset.src),e.removeAttribute("data-src")),e.dataset.srcset&&(e.setAttribute("srcset",e.dataset.srcset),e.removeAttribute("data-srcset"));const t=e.parentNode.querySelectorAll("source[data-srcset]");for(let e of t)e.setAttribute("srcset",e.dataset.srcset),e.removeAttribute("data-srcset");e.complete&&(e.style.opacity=1,e.parentNode.parentNode.querySelector("[data-placeholder-image]").style.opacity=0)}}
            </script>
          </div>
          <span
            class="sprinkles_width_px_default__1lrvpk9na sprinkles_height_64_default__1lrvpk96p sprinkles_minWidth_px_default__1lrvpk9c4 sprinkles_minHeight_64_default__1lrvpk9aa sprinkles_display_block_default__1lrvpk954"
          />
          <div
            class="sprinkles_paddingLeft_pageMargin_default__1lrvpk9g1 sprinkles_paddingRight_pageMargin_default__1lrvpk9i4"
          >
            <div
              class="RenderedMarkdown_renderedMarkdownStyle__w2sssm0 LongFormText_typographyStyle__za3khu0 sprinkles_fontWeight_light__1lrvpk9o sprinkles_maxWidth_prose_default__1lrvpk99d"
            >
              <p>
                I apply the following criteria to both long and short form works. It’s a work-in-progress.
              </p>
              

              <ul>
                

                <li>
                  

                  <h2>
                    great
                  </h2>
                  

                  <p>
                    <img
                      alt="5 stars"
                      src="/svg/5-stars.svg"
                    />
                     I loved it. A must-read. Perfect, or almost perfect. These are the works I recommend to everyone. A hard rating to earn.
                  </p>
                  

                </li>
                

                <li>
                  

                  <h2>
                    good
                  </h2>
                  

                  <p>
                    <img
                      alt="4 stars"
                      src="/svg/4-stars.svg"
                    />
                     I liked it. Unless you hate the genre or author, read it. These are the works I recommend to most folks. They may not resonate like the 5-star selections, but they don’t disappoint.
                  </p>
                  

                </li>
                

                <li>
                  

                  <h2>
                    okay
                  </h2>
                  

                  <p>
                    <img
                      alt="3 stars"
                      src="/svg/3-stars.svg"
                    />
                     I wouldn’t recommend it, but I wouldn’t recommend 
                    <em>
                      against
                    </em>
                     it either. Most works fall into this category.
                  </p>
                  

                </li>
                

                <li>
                  

                  <h2>
                    bad
                  </h2>
                  

                  <p>
                    <img
                      alt="2 stars"
                      src="/svg/2-stars.svg"
                    />
                     I didn’t like it. For a long-form work, this hints at a disappointing ending. For a shorter work, it underwhelmed. Approach with caution.
                  </p>
                  

                </li>
                

                <li>
                  

                  <h2>
                    awful
                  </h2>
                  

                  <p>
                    <img
                      alt="1 star"
                      src="/svg/1-star.svg"
                    />
                     I hated it. Another a hard rating to earn. Almost impossible for long works as they’re sooner abandoned.
                  </p>
                  

                </li>
                

              </ul>
              

              <hr />
              

              <h2>
                On Abandoning Books
              </h2>
              

              <p>
                53 pages into the 320 page novel, I closed it and moved on.
              </p>
              

              <p>
                It wasn’t easy.
              </p>
              

              <p>
                I used to finish every book I started. Finishing brought a sense of accomplishment. A comfort in completing a task, checking a box, achieving a goal. Letting go of that illusionary security is hard.
              </p>
              

              <p>
                But I’m learning.
              </p>
              

              <p>
                Forcing myself to finish every book didn’t make me a better person. It didn’t make me smarter or more well-rounded. It just made reading a chore rather than a pleasure.
              </p>
              

              <p>
                Statistics say I’ve got more life behind me than ahead. Which means I’ll never finish all the books I want to read.
              </p>
              

              <p>
                It’s about opportunity cost. I loved the pulp storytelling of Graham Masterton’s The Devils of D-Day. Mark Richard’s writing in The Ice at the Bottom of the World floored me. Clive Barker’s imagination made The Books of Blood unforgettable. Knowing there are more books out there like those, while I’m forcing myself to trudge through a mediocre read, pushed me to abandon lesser efforts.
              </p>
              

              <p>
                My shelves hold hundreds of unread books. I’d wager that a quarter of them aren’t worth reading. Maybe more.
              </p>
              

              <p>
                Some folks give a book a chapter or two. Others give a book a set number of pages. Neither system makes sense to me. I’ve had books start strong then flounder. And how does one apply an arbitrary page count to books of varying lengths? Fifty pages is a quarter of a two hundred page novel, but only five percent of a thousand-page biography.
              </p>
              

              <p>
                I give a book three hours. The length of a long movie. If a book drags for longer, I’ll abandon it. This doesn’t mean I have to 
                <em>
                  finish
                </em>
                 it in three hours, just that it can’t go longer than three consecutive hours without holding my interest. Granted, this means I could abandon a thousand-page doorstop with under a hundred pages to go, but I’m okay with that. Failing to recognize a sunk cost is a gambler’s fallacy.
              </p>
              

              <p>
                Perhaps, as I discover better books, my standards will increase. Today’s excellence might be tomorrow’s schlock. Of course, that would see me abandoning even more books.
              </p>
              

              <p>
                I can only hope.
              </p>
            </div>
          </div>
          <span
            class="sprinkles_width_px_default__1lrvpk9na sprinkles_height_128_default__1lrvpk96y sprinkles_minWidth_px_default__1lrvpk9c4 sprinkles_minHeight_128_default__1lrvpk9aj sprinkles_display_block_default__1lrvpk954"
          />
        </article>
      </main>
    </div>
    <footer
      class="backgroundImage_ripNotComingSoonBackgroundImageStyle__ewlb040 sprinkles_paddingLeft_pageMargin_default__1lrvpk9g1 sprinkles_paddingRight_pageMargin_default__1lrvpk9i4 sprinkles_paddingTop_32_default__1lrvpk9im sprinkles_paddingBottom_32_default__1lrvpk9da sprinkles_color_inverse__1lrvpk98 sprinkles_display_flex_default__1lrvpk95a sprinkles_rowGap_24_default__1lrvpk9jv sprinkles_alignItems_center_default__1lrvpk91g sprinkles_flexDirection_column_default__1lrvpk95s"
    >
      <nav>
        <ul
          class="sprinkles_display_flex_default__1lrvpk95a sprinkles_flexWrap_wrap_default__1lrvpk95v sprinkles_justifyContent_center_default__1lrvpk97a sprinkles_rowGap_8_default__1lrvpk9jp sprinkles_columnGap_16_default__1lrvpk93a sprinkles_columnGap_24_tablet__1lrvpk93e"
        >
          <li
            class="sprinkles_display_block_default__1lrvpk954 sprinkles_letterSpacing_0.5__1lrvpk9w sprinkles_whiteSpace_nowrap__1lrvpk91c"
          >
            <a
              class="sprinkles_color_inherit__1lrvpk99"
              href="/"
            >
              Home
            </a>
          </li>
          <li
            class="sprinkles_display_block_default__1lrvpk954 sprinkles_letterSpacing_0.5__1lrvpk9w sprinkles_whiteSpace_nowrap__1lrvpk91c"
          >
            <a
              class="sprinkles_color_inherit__1lrvpk99"
              href="/how-i-grade/"
            >
              How I Grade
            </a>
          </li>
          <li
            class="sprinkles_display_block_default__1lrvpk954 sprinkles_letterSpacing_0.5__1lrvpk9w sprinkles_whiteSpace_nowrap__1lrvpk91c"
          >
            <a
              class="sprinkles_color_inherit__1lrvpk99"
              href="/reviews/"
            >
              Reviews
            </a>
          </li>
          <li
            class="sprinkles_display_block_default__1lrvpk954 sprinkles_letterSpacing_0.5__1lrvpk9w sprinkles_whiteSpace_nowrap__1lrvpk91c"
          >
            <a
              class="sprinkles_color_inherit__1lrvpk99"
              href="/readings/"
            >
              Reading Log
            </a>
          </li>
          <li
            class="sprinkles_display_block_default__1lrvpk954 sprinkles_letterSpacing_0.5__1lrvpk9w sprinkles_whiteSpace_nowrap__1lrvpk91c"
          >
            <a
              class="sprinkles_color_inherit__1lrvpk99"
              href="/shelf/"
            >
              Shelf
            </a>
          </li>
        </ul>
      </nav>
      <p
        class="sprinkles_fontWeight_light__1lrvpk9o sprinkles_fontSize_small__1lrvpk9j sprinkles_lineHeight_16__1lrvpk9z"
      >
        All images used in accordance with the 
        <a
          class="sprinkles_color_inherit__1lrvpk99"
          href="http://www.copyright.gov/title17/92chap1.html#107"
        >
          Fair Use Law.
        </a>
      </p>
      <div
        class="ScreenReaderOnly_screenReaderOnlyStyle__1lzmpje0"
      >
        <a
          href="#top"
        >
          To the top ↑
        </a>
      </div>
    </footer>
  </div>
</DocumentFragment>
`;
