[
  {
    "date": "2025-02-15T00:00:00.000Z",
    "image": "/_image/?href=%2Fcontent%2Fassets%2Fcovers%2Fthe-lonely-one-by-richard-laymon.png%3ForigWidth%3D500%26origHeight%3D667%26origFormat%3Dpng&w=500&h=667&q=100&f=png",
    "slug": "the-lonely-one-by-richard-laymon",
    "stars": 3,
    "title": "The Lonely One by Richard Laymon"
  },
  {
    "date": "2024-12-01T00:00:00.000Z",
    "image": "/_image/?href=%2Fcontent%2Fassets%2Fcovers%2Fghost-story-by-peter-straub.png%3ForigWidth%3D500%26origHeight%3D750%26origFormat%3Dpng&w=500&h=750&q=100&f=png",
    "slug": "ghost-story-by-peter-straub",
    "stars": 4,
    "title": "Ghost Story by Peter Straub"
  },
  {
    "date": "2024-11-08T00:00:00.000Z",
    "image": "/_image/?href=%2Fcontent%2Fassets%2Fcovers%2Fgoth-by-lol-tolhurst.png%3ForigWidth%3D500%26origHeight%3D754%26origFormat%3Dpng&w=500&h=754&q=100&f=png",
    "slug": "goth-by-lol-tolhurst",
    "stars": 3,
    "title": "Goth by Lol Tolhurst"
  },
  {
    "date": "2024-08-25T00:00:00.000Z",
    "image": "/_image/?href=%2Fcontent%2Fassets%2Fcovers%2Frecessional-by-david-mamet.png%3ForigWidth%3D500%26origHeight%3D754%26origFormat%3Dpng&w=500&h=754&q=100&f=png",
    "slug": "recessional-by-david-mamet",
    "stars": 2,
    "title": "Recessional by David Mamet"
  },
  {
    "date": "2024-07-01T00:00:00.000Z",
    "image": "/_image/?href=%2Fcontent%2Fassets%2Fcovers%2Ffast-forward-by-stephen-morris.png%3ForigWidth%3D500%26origHeight%3D784%26origFormat%3Dpng&w=500&h=784&q=100&f=png",
    "slug": "fast-forward-by-stephen-morris",
    "stars": 4.5,
    "title": "Fast Forward by Stephen Morris"
  },
  {
    "date": "2024-06-30T00:00:00.000Z",
    "image": "/_image/?href=%2Fcontent%2Fassets%2Fcovers%2Fgothic-by-philip-fracassi.png%3ForigWidth%3D500%26origHeight%3D750%26origFormat%3Dpng&w=500&h=750&q=100&f=png",
    "slug": "gothic-by-philip-fracassi",
    "stars": 4,
    "title": "Gothic by Philip Fracassi"
  }
]
