<!doctype html>
<html lang="en">
  <head>
    <meta charset="utf-8" />
    <meta content="width=device-width" name="viewport" />
    <link href="/favicon.ico" rel="icon" sizes="48x48" />
    <link href="/favicon.svg" rel="icon" sizes="any" type="image/svg+xml" />
    <link href="/apple-touch-icon.png" rel="apple-touch-icon" />
    <link href="/site.webmanifest" rel="manifest" />
    <link href="/sitemap-index.xml" rel="sitemap" />
    <meta content="&#34;Dick Laurent is dead.&#34;" name="description" />
    <meta
      content="#f2f0e8"
      media="(prefers-color-scheme: light)"
      name="theme-color"
    />
    <meta
      content="#484745"
      media="(prefers-color-scheme: dark)"
      name="theme-color"
    />
    <link
      href="https://www.franksbooklog.com/feed.xml"
      rel="alternate"
      title="Frank's Book Log"
      type="application/rss+xml"
    />
    <title>404: Not Found - Frank&#39;s Book Log</title>
  </head>
  <body>
    <div>
      <a
        class="absolute left-1/2 top-0.5 z-50 mx-auto bg-subtle px-6 py-2 text-center text-accent [transform:translate(-50%,calc(-100%_-_2px))] focus:[transform:translate(-50%,0%)]"
        href="#content"
        >Skip to content</a
      >
      <div class="flex min-h-full w-full flex-col bg-default">
        <header
          class="z-20 flex w-full items-center justify-between px-container py-4 tablet:p-6 desktop:inset-x-0 desktop:z-40 desktop:flex-row desktop:flex-wrap desktop:px-16 desktop:py-8 desktop:text-left"
          style="
            background-image: unset;
            color: var(--fg-default);
            position: absolute;
          "
        >
          <div class="flex flex-col">
            <div
              class="whitespace-nowrap text-[1.375rem] font-normal leading-8 tablet:text-[1.5625rem]"
            >
              <a href="/">Frank&#x27;s Book Log</a>
            </div>
            <p class="w-full pl-px text-sm italic leading-4 opacity-85">
              by Frank Showalter
            </p>
          </div>
          <div class="flex items-center">
            <nav class="hidden w-full desktop:block desktop:w-auto">
              <ul class="flex flex-wrap justify-start gap-x-6 text-xl">
                <li
                  class="mast-item block whitespace-nowrap tracking-serif-wide"
                >
                  <a
                    class="text-inherit transition-all duration-500 ease-in-out hover:text-accent"
                    href="/"
                    style="text-shadow: unset"
                    >Home</a
                  >
                </li>
                <li
                  class="mast-item block whitespace-nowrap tracking-serif-wide"
                >
                  <a
                    class="text-inherit transition-all duration-500 ease-in-out hover:text-accent"
                    href="/how-i-grade/"
                    style="text-shadow: unset"
                    >How I Grade</a
                  >
                </li>
                <li
                  class="mast-item block whitespace-nowrap tracking-serif-wide"
                >
                  <a
                    class="text-inherit transition-all duration-500 ease-in-out hover:text-accent"
                    href="/reviews/"
                    style="text-shadow: unset"
                    >Reviews</a
                  >
                </li>
                <li
                  class="mast-item block whitespace-nowrap tracking-serif-wide"
                >
                  <a
                    class="text-inherit transition-all duration-500 ease-in-out hover:text-accent"
                    href="/authors/"
                    style="text-shadow: unset"
                    >Authors</a
                  >
                </li>
                <li
                  class="mast-item block whitespace-nowrap tracking-serif-wide"
                >
                  <a
                    class="text-inherit transition-all duration-500 ease-in-out hover:text-accent"
                    href="/readings/"
                    style="text-shadow: unset"
                    >Reading Log</a
                  >
                </li>
              </ul>
            </nav>
            <div class="search-button z-[1000]">
              <button
                aria-keyshortcuts="Control+K"
                aria-label="Search"
                class="flex size-10 items-center justify-center overflow-hidden text-sm leading-6 ring-default desktop:ml-6"
                data-open-modal="true"
                disabled=""
                title="Search: Control+K"
                type="button"
              >
                <svg
                  class="size-7"
                  fill="none"
                  stroke="currentColor"
                  stroke-width="1.5"
                  viewBox="0 0 24 24"
                  xmlns="http://www.w3.org/2000/svg"
                >
                  <path
                    d="m21 21-5.197-5.197m0 0A7.5 7.5 0 1 0 5.196 5.196a7.5 7.5 0 0 0 10.607 10.607Z"
                    stroke-linecap="round"
                    stroke-linejoin="round"
                  ></path>
                </svg>
              </button>
            </div>
            <input class="hidden" id="mobile-nav" type="checkbox" /><label
              class="hamburger-icon desktop:hidden"
              for="mobile-nav"
              ><span
                class="hamburger-icon-bars"
                style="background-color: var(--fg-default)"
              ></span
            ></label>
            <ul
              class="hamburger-menu flex flex-col items-start gap-y-5 text-left text-inverse desktop:hidden"
            >
              <li class="block w-1/2 whitespace-nowrap text-2xl">
                <a href="/">Home</a>
              </li>
              <li class="block w-1/2 whitespace-nowrap text-2xl">
                <a href="/how-i-grade/">How I Grade</a>
              </li>
              <li class="block w-1/2 whitespace-nowrap text-2xl">
                <a href="/reviews/">Reviews</a>
              </li>
              <li class="block w-1/2 whitespace-nowrap text-2xl">
                <a href="/authors/">Authors</a>
              </li>
              <li class="block w-1/2 whitespace-nowrap text-2xl">
                <a href="/readings/">Reading Log</a>
                <ol class="mt-4">
                  <li
                    class="mb-4 ml-1 font-sans text-xs uppercase tracking-wider text-inverse-subtle last:mb-0"
                  >
                    <a href="/readings/stats/">Stats</a>
                  </li>
                </ol>
              </li>
            </ul>
          </div>
        </header>
        <main class="grow" id="content">
          <article>
            <header
              class="min-h-[clamp(340px,50vh,1350px)] relative flex w-full flex-col content-start items-center justify-end gap-6 bg-canvas pt-40 tablet:pt-40 desktop:pb-16 desktop:pt-40"
            >
              <div
                class="z-10 mx-auto flex w-full px-container text-center tablet:max-w-unset tablet:px-0 flex-col py-8 tablet:pb-10 tablet:pt-20 desktop:py-0"
              >
                <h1
                  class="font-sans text-3xl font-bold uppercase tracking-widest tablet:text-4xl tablet-landscape:text-5xl desktop:text-7xl"
                >
                  404 Not Found
                </h1>
                <p class="mt-1 text-base desktop:my-4 desktop:text-xl">
                  &quot;Dick Laurent is dead.&quot;
                </p>
              </div>
            </header>
            <section class="flex flex-col items-center pb-32 pt-16">
              <div class="px-container">
                <div
                  class="rendered-markdown tracking-0.3px text-md/7 tablet:text-xl/8 max-w-prose"
                >
                  <p>My apologies.</p>
                </div>
              </div>
            </section>
          </article>
          <div
            class="flex w-full flex-col items-center gap-y-12 bg-subtle pb-32 pt-16 tablet:pt-8 desktop:gap-y-24"
            data-pagefind-ignore="true"
          >
            <nav
              class="mx-auto w-full max-w-screen-max bg-subtle tablet:max-w-popout desktop:max-w-screen-max desktop:px-container"
              data-page-find-ignore="true"
            >
              <div class="px-container tablet:px-0">
                <h2
                  class="py-10 font-sans text-xs font-semibold uppercase tracking-wide text-subtle"
                >
                  Recent<!-- -->
                  <a class="text-accent" href="/reviews/">Reviews</a>
                </h2>
              </div>
              <ul
                class="flex flex-wrap justify-center gap-x-[4%] gap-y-[6vw] px-[4%] tablet:gap-x-[3%] tablet:px-0 desktop:justify-between desktop:gap-x-[1%]"
              >
                <li
                  class="relative flex w-[48%] max-w-[248px] flex-col items-center border-default bg-default has-[a:hover]:shadow-hover min-[600px]:w-[30.66666667%] tablet:w-[31.33333333%] desktop:w-[15.75%]"
                >
                  <div class="bg-cover-back">
                    <img
                      src="/_image/?href=%2Fcontent%2Fassets%2Fcovers%2Fthe-lonely-one-by-richard-laymon.png%3ForigWidth%3D500%26origHeight%3D750%26origFormat%3Dpng&amp;w=248&amp;h=372&amp;q=80&amp;f=avif"
                      srcset="
                        /_image/?href=%2Fcontent%2Fassets%2Fcovers%2Fthe-lonely-one-by-richard-laymon.png%3ForigWidth%3D500%26origHeight%3D750%26origFormat%3Dpng&amp;w=62&amp;h=93&amp;q=80&amp;f=avif    62w,
                        /_image/?href=%2Fcontent%2Fassets%2Fcovers%2Fthe-lonely-one-by-richard-laymon.png%3ForigWidth%3D500%26origHeight%3D750%26origFormat%3Dpng&amp;w=124&amp;h=186&amp;q=80&amp;f=avif 124w,
                        /_image/?href=%2Fcontent%2Fassets%2Fcovers%2Fthe-lonely-one-by-richard-laymon.png%3ForigWidth%3D500%26origHeight%3D750%26origFormat%3Dpng&amp;w=248&amp;h=372&amp;q=80&amp;f=avif 248w,
                        /_image/?href=%2Fcontent%2Fassets%2Fcovers%2Fthe-lonely-one-by-richard-laymon.png%3ForigWidth%3D500%26origHeight%3D750%26origFormat%3Dpng&amp;w=496&amp;h=744&amp;q=80&amp;f=avif 496w
                      "
                      height="372"
                      sizes="(min-width: 1800px) 218px, (min-width: 1280px) calc(11.8vw + 8px), (min-width: 820px) 216px, (min-width: 600px) calc(23.5vw + 28px), calc(41.43vw + 8px)"
                      width="248"
                      alt=""
                      decoding="async"
                      loading="lazy"
                      style="aspect-ratio: 0.66666667"
                    />
                  </div>
                  <div
                    class="flex w-full grow flex-col bg-default px-[8%] pb-8 pt-4 has-[a:hover]:bg-canvas desktop:pl-[8.5%] desktop:pr-[10%]"
                  >
                    <div
                      class="font-sans text-sm font-medium leading-5 tablet:font-serif tablet:text-md max:py-1 max:text-xl max:leading-6"
                    >
                      <a
                        class="inline-block before:absolute before:inset-x-0 before:top-0 before:aspect-cover before:bg-default before:opacity-15 after:absolute after:left-0 after:top-0 after:z-10 after:size-full after:opacity-0 hover:text-accent hover:before:opacity-0"
                        href="/reviews/the-lonely-one-by-richard-laymon/"
                        rel="canonical"
                        >The Lonely One</a
                      >
                    </div>
                    <div
                      class="py-2 font-sans text-xxs font-light uppercase leading-4 tracking-wide text-subtle"
                    >
                      1985<!-- -->
                      |<!-- -->
                      <span class="whitespace-nowrap">Short Story</span>
                    </div>
                    <p
                      class="py-1 font-sans text-xs font-light leading-5 text-subtle tablet:font-serif tablet:text-base max:py-2"
                    >
                      by<!-- -->
                      <span class="font-normal text-default"
                        >Richard Laymon</span
                      >
                    </p>
                    <picture
                      ><source
                        media="(prefers-color-scheme: dark)"
                        srcset="/svg/3-stars-dark.svg" />
                      <img
                        alt="C+: 3 stars (out of 5)"
                        class="mt-2"
                        height="18"
                        src="/svg/3-stars.svg"
                        width="90"
                    /></picture>
                  </div>
                </li>
                <li
                  class="relative flex w-[48%] max-w-[248px] flex-col items-center border-default bg-default has-[a:hover]:shadow-hover min-[600px]:w-[30.66666667%] tablet:w-[31.33333333%] desktop:w-[15.75%]"
                >
                  <div class="bg-cover-back">
                    <img
                      src="/_image/?href=%2Fcontent%2Fassets%2Fcovers%2Fghost-story-by-peter-straub.png%3ForigWidth%3D500%26origHeight%3D750%26origFormat%3Dpng&amp;w=248&amp;h=372&amp;q=80&amp;f=avif"
                      srcset="
                        /_image/?href=%2Fcontent%2Fassets%2Fcovers%2Fghost-story-by-peter-straub.png%3ForigWidth%3D500%26origHeight%3D750%26origFormat%3Dpng&amp;w=62&amp;h=93&amp;q=80&amp;f=avif    62w,
                        /_image/?href=%2Fcontent%2Fassets%2Fcovers%2Fghost-story-by-peter-straub.png%3ForigWidth%3D500%26origHeight%3D750%26origFormat%3Dpng&amp;w=124&amp;h=186&amp;q=80&amp;f=avif 124w,
                        /_image/?href=%2Fcontent%2Fassets%2Fcovers%2Fghost-story-by-peter-straub.png%3ForigWidth%3D500%26origHeight%3D750%26origFormat%3Dpng&amp;w=248&amp;h=372&amp;q=80&amp;f=avif 248w,
                        /_image/?href=%2Fcontent%2Fassets%2Fcovers%2Fghost-story-by-peter-straub.png%3ForigWidth%3D500%26origHeight%3D750%26origFormat%3Dpng&amp;w=496&amp;h=744&amp;q=80&amp;f=avif 496w
                      "
                      height="372"
                      sizes="(min-width: 1800px) 218px, (min-width: 1280px) calc(11.8vw + 8px), (min-width: 820px) 216px, (min-width: 600px) calc(23.5vw + 28px), calc(41.43vw + 8px)"
                      width="248"
                      alt=""
                      decoding="async"
                      loading="lazy"
                      style="aspect-ratio: 0.66666667"
                    />
                  </div>
                  <div
                    class="flex w-full grow flex-col bg-default px-[8%] pb-8 pt-4 has-[a:hover]:bg-canvas desktop:pl-[8.5%] desktop:pr-[10%]"
                  >
                    <div
                      class="font-sans text-sm font-medium leading-5 tablet:font-serif tablet:text-md max:py-1 max:text-xl max:leading-6"
                    >
                      <a
                        class="inline-block before:absolute before:inset-x-0 before:top-0 before:aspect-cover before:bg-default before:opacity-15 after:absolute after:left-0 after:top-0 after:z-10 after:size-full after:opacity-0 hover:text-accent hover:before:opacity-0"
                        href="/reviews/ghost-story-by-peter-straub/"
                        rel="canonical"
                        >Ghost Story</a
                      >
                    </div>
                    <div
                      class="py-2 font-sans text-xxs font-light uppercase leading-4 tracking-wide text-subtle"
                    >
                      1979<!-- -->
                      |<!-- -->
                      <span class="whitespace-nowrap">Novel</span>
                    </div>
                    <p
                      class="py-1 font-sans text-xs font-light leading-5 text-subtle tablet:font-serif tablet:text-base max:py-2"
                    >
                      by<!-- -->
                      <span class="font-normal text-default">Peter Straub</span>
                    </p>
                    <picture
                      ><source
                        media="(prefers-color-scheme: dark)"
                        srcset="/svg/4-stars-dark.svg" />
                      <img
                        alt="B: 4 stars (out of 5)"
                        class="mt-2"
                        height="18"
                        src="/svg/4-stars.svg"
                        width="90"
                    /></picture>
                  </div>
                </li>
                <li
                  class="relative flex w-[48%] max-w-[248px] flex-col items-center border-default bg-default has-[a:hover]:shadow-hover min-[600px]:w-[30.66666667%] tablet:w-[31.33333333%] desktop:w-[15.75%]"
                >
                  <div class="bg-cover-back">
                    <img
                      src="/_image/?href=%2Fcontent%2Fassets%2Fcovers%2Fgoth-by-lol-tolhurst.png%3ForigWidth%3D500%26origHeight%3D750%26origFormat%3Dpng&amp;w=248&amp;h=372&amp;q=80&amp;f=avif"
                      srcset="
                        /_image/?href=%2Fcontent%2Fassets%2Fcovers%2Fgoth-by-lol-tolhurst.png%3ForigWidth%3D500%26origHeight%3D750%26origFormat%3Dpng&amp;w=62&amp;h=93&amp;q=80&amp;f=avif    62w,
                        /_image/?href=%2Fcontent%2Fassets%2Fcovers%2Fgoth-by-lol-tolhurst.png%3ForigWidth%3D500%26origHeight%3D750%26origFormat%3Dpng&amp;w=124&amp;h=186&amp;q=80&amp;f=avif 124w,
                        /_image/?href=%2Fcontent%2Fassets%2Fcovers%2Fgoth-by-lol-tolhurst.png%3ForigWidth%3D500%26origHeight%3D750%26origFormat%3Dpng&amp;w=248&amp;h=372&amp;q=80&amp;f=avif 248w,
                        /_image/?href=%2Fcontent%2Fassets%2Fcovers%2Fgoth-by-lol-tolhurst.png%3ForigWidth%3D500%26origHeight%3D750%26origFormat%3Dpng&amp;w=496&amp;h=744&amp;q=80&amp;f=avif 496w
                      "
                      height="372"
                      sizes="(min-width: 1800px) 218px, (min-width: 1280px) calc(11.8vw + 8px), (min-width: 820px) 216px, (min-width: 600px) calc(23.5vw + 28px), calc(41.43vw + 8px)"
                      width="248"
                      alt=""
                      decoding="async"
                      loading="lazy"
                      style="aspect-ratio: 0.66666667"
                    />
                  </div>
                  <div
                    class="flex w-full grow flex-col bg-default px-[8%] pb-8 pt-4 has-[a:hover]:bg-canvas desktop:pl-[8.5%] desktop:pr-[10%]"
                  >
                    <div
                      class="font-sans text-sm font-medium leading-5 tablet:font-serif tablet:text-md max:py-1 max:text-xl max:leading-6"
                    >
                      <a
                        class="inline-block before:absolute before:inset-x-0 before:top-0 before:aspect-cover before:bg-default before:opacity-15 after:absolute after:left-0 after:top-0 after:z-10 after:size-full after:opacity-0 hover:text-accent hover:before:opacity-0"
                        href="/reviews/goth-by-lol-tolhurst/"
                        rel="canonical"
                        >Goth</a
                      >
                    </div>
                    <div
                      class="py-2 font-sans text-xxs font-light uppercase leading-4 tracking-wide text-subtle"
                    >
                      2023<!-- -->
                      |<!-- -->
                      <span class="whitespace-nowrap">Nonfiction</span>
                    </div>
                    <p
                      class="py-1 font-sans text-xs font-light leading-5 text-subtle tablet:font-serif tablet:text-base max:py-2"
                    >
                      by<!-- -->
                      <span class="font-normal text-default">Lol Tolhurst</span>
                    </p>
                    <picture
                      ><source
                        media="(prefers-color-scheme: dark)"
                        srcset="/svg/3-stars-dark.svg" />
                      <img
                        alt="C: 3 stars (out of 5)"
                        class="mt-2"
                        height="18"
                        src="/svg/3-stars.svg"
                        width="90"
                    /></picture>
                  </div>
                </li>
                <li
                  class="relative flex w-[48%] max-w-[248px] flex-col items-center border-default bg-default has-[a:hover]:shadow-hover min-[600px]:w-[30.66666667%] tablet:w-[31.33333333%] desktop:w-[15.75%]"
                >
                  <div class="bg-cover-back">
                    <img
                      src="/_image/?href=%2Fcontent%2Fassets%2Fcovers%2Frecessional-by-david-mamet.png%3ForigWidth%3D500%26origHeight%3D750%26origFormat%3Dpng&amp;w=248&amp;h=372&amp;q=80&amp;f=avif"
                      srcset="
                        /_image/?href=%2Fcontent%2Fassets%2Fcovers%2Frecessional-by-david-mamet.png%3ForigWidth%3D500%26origHeight%3D750%26origFormat%3Dpng&amp;w=62&amp;h=93&amp;q=80&amp;f=avif    62w,
                        /_image/?href=%2Fcontent%2Fassets%2Fcovers%2Frecessional-by-david-mamet.png%3ForigWidth%3D500%26origHeight%3D750%26origFormat%3Dpng&amp;w=124&amp;h=186&amp;q=80&amp;f=avif 124w,
                        /_image/?href=%2Fcontent%2Fassets%2Fcovers%2Frecessional-by-david-mamet.png%3ForigWidth%3D500%26origHeight%3D750%26origFormat%3Dpng&amp;w=248&amp;h=372&amp;q=80&amp;f=avif 248w,
                        /_image/?href=%2Fcontent%2Fassets%2Fcovers%2Frecessional-by-david-mamet.png%3ForigWidth%3D500%26origHeight%3D750%26origFormat%3Dpng&amp;w=496&amp;h=744&amp;q=80&amp;f=avif 496w
                      "
                      height="372"
                      sizes="(min-width: 1800px) 218px, (min-width: 1280px) calc(11.8vw + 8px), (min-width: 820px) 216px, (min-width: 600px) calc(23.5vw + 28px), calc(41.43vw + 8px)"
                      width="248"
                      alt=""
                      decoding="async"
                      loading="lazy"
                      style="aspect-ratio: 0.66666667"
                    />
                  </div>
                  <div
                    class="flex w-full grow flex-col bg-default px-[8%] pb-8 pt-4 has-[a:hover]:bg-canvas desktop:pl-[8.5%] desktop:pr-[10%]"
                  >
                    <div
                      class="font-sans text-sm font-medium leading-5 tablet:font-serif tablet:text-md max:py-1 max:text-xl max:leading-6"
                    >
                      <a
                        class="inline-block before:absolute before:inset-x-0 before:top-0 before:aspect-cover before:bg-default before:opacity-15 after:absolute after:left-0 after:top-0 after:z-10 after:size-full after:opacity-0 hover:text-accent hover:before:opacity-0"
                        href="/reviews/recessional-by-david-mamet/"
                        rel="canonical"
                        >Recessional</a
                      >
                    </div>
                    <div
                      class="py-2 font-sans text-xxs font-light uppercase leading-4 tracking-wide text-subtle"
                    >
                      2022<!-- -->
                      |<!-- -->
                      <span class="whitespace-nowrap">Nonfiction</span>
                    </div>
                    <p
                      class="py-1 font-sans text-xs font-light leading-5 text-subtle tablet:font-serif tablet:text-base max:py-2"
                    >
                      by<!-- -->
                      <span class="font-normal text-default">David Mamet</span>
                    </p>
                    <picture
                      ><source
                        media="(prefers-color-scheme: dark)"
                        srcset="/svg/2-stars-dark.svg" />
                      <img
                        alt="D: 2 stars (out of 5)"
                        class="mt-2"
                        height="18"
                        src="/svg/2-stars.svg"
                        width="90"
                    /></picture>
                  </div>
                </li>
                <li
                  class="relative flex w-[48%] max-w-[248px] flex-col items-center border-default bg-default has-[a:hover]:shadow-hover min-[600px]:w-[30.66666667%] tablet:w-[31.33333333%] desktop:w-[15.75%]"
                >
                  <div class="bg-cover-back">
                    <img
                      src="/_image/?href=%2Fcontent%2Fassets%2Fcovers%2Ffast-forward-by-stephen-morris.png%3ForigWidth%3D500%26origHeight%3D750%26origFormat%3Dpng&amp;w=248&amp;h=372&amp;q=80&amp;f=avif"
                      srcset="
                        /_image/?href=%2Fcontent%2Fassets%2Fcovers%2Ffast-forward-by-stephen-morris.png%3ForigWidth%3D500%26origHeight%3D750%26origFormat%3Dpng&amp;w=62&amp;h=93&amp;q=80&amp;f=avif    62w,
                        /_image/?href=%2Fcontent%2Fassets%2Fcovers%2Ffast-forward-by-stephen-morris.png%3ForigWidth%3D500%26origHeight%3D750%26origFormat%3Dpng&amp;w=124&amp;h=186&amp;q=80&amp;f=avif 124w,
                        /_image/?href=%2Fcontent%2Fassets%2Fcovers%2Ffast-forward-by-stephen-morris.png%3ForigWidth%3D500%26origHeight%3D750%26origFormat%3Dpng&amp;w=248&amp;h=372&amp;q=80&amp;f=avif 248w,
                        /_image/?href=%2Fcontent%2Fassets%2Fcovers%2Ffast-forward-by-stephen-morris.png%3ForigWidth%3D500%26origHeight%3D750%26origFormat%3Dpng&amp;w=496&amp;h=744&amp;q=80&amp;f=avif 496w
                      "
                      height="372"
                      sizes="(min-width: 1800px) 218px, (min-width: 1280px) calc(11.8vw + 8px), (min-width: 820px) 216px, (min-width: 600px) calc(23.5vw + 28px), calc(41.43vw + 8px)"
                      width="248"
                      alt=""
                      decoding="async"
                      loading="lazy"
                      style="aspect-ratio: 0.66666667"
                    />
                  </div>
                  <div
                    class="flex w-full grow flex-col bg-default px-[8%] pb-8 pt-4 has-[a:hover]:bg-canvas desktop:pl-[8.5%] desktop:pr-[10%]"
                  >
                    <div
                      class="font-sans text-sm font-medium leading-5 tablet:font-serif tablet:text-md max:py-1 max:text-xl max:leading-6"
                    >
                      <a
                        class="inline-block before:absolute before:inset-x-0 before:top-0 before:aspect-cover before:bg-default before:opacity-15 after:absolute after:left-0 after:top-0 after:z-10 after:size-full after:opacity-0 hover:text-accent hover:before:opacity-0"
                        href="/reviews/fast-forward-by-stephen-morris/"
                        rel="canonical"
                        >Fast Forward</a
                      >
                    </div>
                    <div
                      class="py-2 font-sans text-xxs font-light uppercase leading-4 tracking-wide text-subtle"
                    >
                      2020<!-- -->
                      |<!-- -->
                      <span class="whitespace-nowrap">Nonfiction</span>
                    </div>
                    <p
                      class="py-1 font-sans text-xs font-light leading-5 text-subtle tablet:font-serif tablet:text-base max:py-2"
                    >
                      by<!-- -->
                      <span class="font-normal text-default"
                        >Stephen Morris</span
                      >
                    </p>
                    <picture
                      ><source
                        media="(prefers-color-scheme: dark)"
                        srcset="/svg/4-half-stars-dark.svg" />
                      <img
                        alt="A-: 4.5 stars (out of 5)"
                        class="mt-2"
                        height="18"
                        src="/svg/4-half-stars.svg"
                        width="90"
                    /></picture>
                  </div>
                </li>
                <li
                  class="relative flex w-[48%] max-w-[248px] flex-col items-center border-default bg-default has-[a:hover]:shadow-hover min-[600px]:w-[30.66666667%] tablet:w-[31.33333333%] desktop:w-[15.75%]"
                >
                  <div class="bg-cover-back">
                    <img
                      src="/_image/?href=%2Fcontent%2Fassets%2Fcovers%2Fgothic-by-philip-fracassi.png%3ForigWidth%3D500%26origHeight%3D750%26origFormat%3Dpng&amp;w=248&amp;h=372&amp;q=80&amp;f=avif"
                      srcset="
                        /_image/?href=%2Fcontent%2Fassets%2Fcovers%2Fgothic-by-philip-fracassi.png%3ForigWidth%3D500%26origHeight%3D750%26origFormat%3Dpng&amp;w=62&amp;h=93&amp;q=80&amp;f=avif    62w,
                        /_image/?href=%2Fcontent%2Fassets%2Fcovers%2Fgothic-by-philip-fracassi.png%3ForigWidth%3D500%26origHeight%3D750%26origFormat%3Dpng&amp;w=124&amp;h=186&amp;q=80&amp;f=avif 124w,
                        /_image/?href=%2Fcontent%2Fassets%2Fcovers%2Fgothic-by-philip-fracassi.png%3ForigWidth%3D500%26origHeight%3D750%26origFormat%3Dpng&amp;w=248&amp;h=372&amp;q=80&amp;f=avif 248w,
                        /_image/?href=%2Fcontent%2Fassets%2Fcovers%2Fgothic-by-philip-fracassi.png%3ForigWidth%3D500%26origHeight%3D750%26origFormat%3Dpng&amp;w=496&amp;h=744&amp;q=80&amp;f=avif 496w
                      "
                      height="372"
                      sizes="(min-width: 1800px) 218px, (min-width: 1280px) calc(11.8vw + 8px), (min-width: 820px) 216px, (min-width: 600px) calc(23.5vw + 28px), calc(41.43vw + 8px)"
                      width="248"
                      alt=""
                      decoding="async"
                      loading="lazy"
                      style="aspect-ratio: 0.66666667"
                    />
                  </div>
                  <div
                    class="flex w-full grow flex-col bg-default px-[8%] pb-8 pt-4 has-[a:hover]:bg-canvas desktop:pl-[8.5%] desktop:pr-[10%]"
                  >
                    <div
                      class="font-sans text-sm font-medium leading-5 tablet:font-serif tablet:text-md max:py-1 max:text-xl max:leading-6"
                    >
                      <a
                        class="inline-block before:absolute before:inset-x-0 before:top-0 before:aspect-cover before:bg-default before:opacity-15 after:absolute after:left-0 after:top-0 after:z-10 after:size-full after:opacity-0 hover:text-accent hover:before:opacity-0"
                        href="/reviews/gothic-by-philip-fracassi/"
                        rel="canonical"
                        >Gothic</a
                      >
                    </div>
                    <div
                      class="py-2 font-sans text-xxs font-light uppercase leading-4 tracking-wide text-subtle"
                    >
                      2023<!-- -->
                      |<!-- -->
                      <span class="whitespace-nowrap">Novel</span>
                    </div>
                    <p
                      class="py-1 font-sans text-xs font-light leading-5 text-subtle tablet:font-serif tablet:text-base max:py-2"
                    >
                      by<!-- -->
                      <span class="font-normal text-default"
                        >Philip Fracassi</span
                      >
                    </p>
                    <picture
                      ><source
                        media="(prefers-color-scheme: dark)"
                        srcset="/svg/4-stars-dark.svg" />
                      <img
                        alt="B+: 4 stars (out of 5)"
                        class="mt-2"
                        height="18"
                        src="/svg/4-stars.svg"
                        width="90"
                    /></picture>
                  </div>
                </li>
              </ul>
            </nav>
          </div>
        </main>
        <footer class="bg-canvas">
          <div class="mx-auto max-w-screen-max px-container py-20">
            <div
              class="flex w-full flex-col tablet:flex-row-reverse tablet:justify-between"
            >
              <a
                class="mx-auto mb-8 w-full max-w-button bg-footer py-5 text-center font-sans text-xs uppercase tracking-wide text-inverse hover:bg-subtle hover:text-default tablet:mx-0"
                href="#top"
                >To the top</a
              >
              <div class="flex flex-col">
                <div
                  class="whitespace-nowrap text-[1.375rem] font-normal leading-8 tablet:text-[1.5625rem]"
                >
                  <a href="/">Frank&#x27;s Book Log</a>
                </div>
                <p class="w-full pl-px text-sm italic leading-4 opacity-85">
                  by Frank Showalter
                </p>
              </div>
            </div>
            <div class="justify-between tablet:flex">
              <div class="flex max-w-prose flex-col pb-12 tablet:pr-32">
                <div
                  class="footer-text pt-10 font-sans text-base font-light text-subtle"
                >
                  <p>
                    Hi there, I&#x27;m Frank, a husband and father old enough to
                    have read Stephen King&#x27;s <em>The Dark Half</em> during
                    its first printing.
                  </p>
                  <p>
                    This site began in 2012, when I realized I&#x27;d
                    accumulated more books than I could ever hope to finish.
                    Worse still, I had books I thought I&#x27;d read but
                    couldn&#x27;t remember. Clearly, I needed a system.
                  </p>
                  <p>
                    What started on Goodreads evolved into this little corner of
                    the internet where I share my thoughts on what I&#x27;ve
                    read.
                  </p>
                  <p>
                    New visitors might want to start by reading about<!-- -->
                    <a href="/how-i-grade/">how I grade</a>. After that, feel
                    free to browse my <a href="/reviews/">reviews</a>, which are
                    also indexed <a href="/authors/">by author</a>.
                  </p>
                  <p>
                    I also keep a <a href="/readings/">reading log</a> that
                    tracks everything I read, whether it gets a full review or
                    not, complete with <a href="/readings/stats/">stats</a>. In
                    an age of endless content, sometimes the act of remembering
                    what we&#x27;ve read becomes as important as the reading
                    itself.
                  </p>
                  <p>
                    In an era of algorithmic recommendations and corporate
                    marketing machines, consider this site a human
                    alternative—one person&#x27;s attempt to catalog his
                    personal library and maybe help a few fellow travelers along
                    the way.
                  </p>
                </div>
              </div>
              <div
                class="flex grow-0 flex-col gap-20 pb-20 pt-10 tablet:basis-[430px] tablet:pr-10"
              >
                <ul class="flex w-full flex-col gap-y-10 max:w-auto">
                  <li class="block w-1/2 whitespace-nowrap text-2xl">
                    <a class="hover:text-accent" href="/">Home</a>
                  </li>
                  <li class="block w-1/2 whitespace-nowrap text-2xl">
                    <a class="hover:text-accent" href="/how-i-grade/"
                      >How I Grade</a
                    >
                  </li>
                  <li class="block w-1/2 whitespace-nowrap text-2xl">
                    <a class="hover:text-accent" href="/reviews/">Reviews</a>
                  </li>
                  <li class="block w-1/2 whitespace-nowrap text-2xl">
                    <a class="hover:text-accent" href="/authors/">Authors</a>
                  </li>
                  <li class="block w-1/2 whitespace-nowrap text-2xl">
                    <a class="hover:text-accent" href="/readings/"
                      >Reading Log</a
                    >
                    <ol class="mt-4">
                      <li
                        class="mb-4 ml-1 font-sans text-xs uppercase tracking-wide text-subtle last:mb-0"
                      >
                        <a class="hover:text-default" href="/readings/stats/"
                          >Stats</a
                        >
                      </li>
                    </ol>
                  </li>
                </ul>
              </div>
            </div>
          </div>
          <p
            class="w-full bg-footer px-container py-10 text-center font-normal leading-5 text-inverse"
          >
            All reviews by Frank Showalter. All images used in accordance with
            the<!-- -->
            <a
              class="text-inherit underline decoration-dashed underline-offset-4 hover:bg-default hover:text-default"
              href="http://www.copyright.gov/title17/92chap1.html#107"
              rel="nofollow"
              >Fair Use Law</a
            >.
          </p>
        </footer>
      </div>
    </div>
    <dialog
      aria-label="Search"
      class="fixed inset-x-4 h-screen w-full rounded-lg border border-default bg-default shadow-lg backdrop:bg-[#000] backdrop:opacity-40 open:flex open:flex-col tablet:mx-auto tablet:mt-16 tablet:h-min tablet:max-h-[min(100vh_-_128px,900px)] tablet:min-h-60 tablet:max-w-[min(100vw_-_64px,36rem)] tablet:rounded-xl desktop:min-h-0"
    >
      <div class="contents" data-dialog-frame>
        <button
          class="px-2 font-mono text-xs font-light hover:bg-inverse hover:text-inverse focus:outline-accent"
          data-close-modal
        >
          ESC
        </button>
        <div class="contents"><div id="pagefind__search"></div></div>
        <div
          class="hidden px-[var(--search-dialog-padding)] py-4 font-sans text-xs font-light tracking-wide text-subtle desktop:block"
        >
          <kbd class="rounded-md bg-default p-2 font-mono text-xs text-subtle"
            >Tab</kbd
          >
          to navigate
          <kbd
            class="ml-4 rounded-md bg-default p-2 font-mono text-xs text-subtle"
            >ESC</kbd
          >
          to close
        </div>
      </div>
    </dialog>
    <script>
      (() => {
        const openBtn = document.querySelector("button[data-open-modal]");
        if (!openBtn) return;
        if (/(Mac|iPhone|iPod|iPad)/i.test(navigator.platform)) {
          openBtn.setAttribute("aria-keyshortcuts", "Meta+K");
          openBtn.setAttribute("title", `Search: ⌘K`);
        }
      })();
    </script>
    <script
      type="module"
      src="/src/layouts/Layout.astro?astro&type=script&index=0&lang.ts"
    ></script>
  </body>
</html>
