// Jest Snapshot v1, https://goo.gl/fbAQLP

exports[`/shelf/authors can filter by name 1`] = `
<ol
  class="AuthorAvatarListWithFilters_gridStyle__1l5t2550 sprinkles_paddingLeft_0_default__1lrvpk9cm sprinkles_paddingLeft_pageMargin_tablet__1lrvpk9e8 sprinkles_paddingLeft_0_desktop__1lrvpk9co sprinkles_paddingRight_0_default__1lrvpk9ea sprinkles_paddingRight_pageMargin_tablet__1lrvpk9fw sprinkles_paddingRight_0_desktop__1lrvpk9ec"
  data-testid="author-list"
>
  <li
    class="sprinkles_paddingLeft_gutter_default__1lrvpk9e4 sprinkles_paddingLeft_0_tablet__1lrvpk9cn sprinkles_paddingRight_gutter_default__1lrvpk9fs sprinkles_paddingRight_0_tablet__1lrvpk9eb sprinkles_paddingTop_16_default__1lrvpk9g7 sprinkles_paddingTop_0_tablet__1lrvpk9fz sprinkles_paddingBottom_16_default__1lrvpk9bp sprinkles_paddingBottom_0_tablet__1lrvpk9bh sprinkles_display_flex_default__1lrvpk94p sprinkles_flexDirection_row_default__1lrvpk954 sprinkles_flexDirection_column_tablet__1lrvpk958 sprinkles_columnGap_32_default__1lrvpk93a sprinkles_backgroundColor_zebraOdd_default__1lrvpk92g sprinkles_backgroundColor_zebraOff_tablet__1lrvpk92k sprinkles_alignItems_center_default__1lrvpk91g"
  >
    <div
      class="AuthorAvatarListWithFilters_avatarMaxWidthStyle__1l5t2551"
    >
      <svg
        fill="var(--bgSubtle__hftm9jc)"
        viewBox="0 0 16 16"
        width="100%"
        xmlns="http://www.w3.org/2000/svg"
      >
        <path
          clip-rule="evenodd"
          d="M16 8A8 8 0 110 8a8 8 0 0116 0zm-6-3a2 2 0 11-4 0 2 2 0 014 0zM8 9a5 5 0 00-4.546 2.916A5.986 5.986 0 008 14a5.986 5.986 0 004.546-2.084A5 5 0 008 9z"
          fill-rule="evenodd"
        />
      </svg>
    </div>
    <a
      class="sprinkles_fontSize_medium__1lrvpk9j sprinkles_textAlign_center__1lrvpk917"
      href="/shelf/authors/bram-stoker/"
    >
      <span
        class="sprinkles_width_px_default__1lrvpk9ka sprinkles_height_4_default__1lrvpk95j sprinkles_minWidth_px_default__1lrvpk9ap sprinkles_minHeight_4_default__1lrvpk98p sprinkles_display_block_default__1lrvpk94j"
      />
      <div
        class="sprinkles_lineHeight_default__1lrvpk913"
      >
        Bram Stoker
      </div>
      <span
        class="sprinkles_width_px_default__1lrvpk9ka sprinkles_height_4_default__1lrvpk95j sprinkles_minWidth_px_default__1lrvpk9ap sprinkles_minHeight_4_default__1lrvpk98p sprinkles_display_block_default__1lrvpk94j"
      />
    </a>
  </li>
</ol>
`;

exports[`/shelf/authors can sort by name desc 1`] = `
<ol
  class="AuthorAvatarListWithFilters_gridStyle__1l5t2550 sprinkles_paddingLeft_0_default__1lrvpk9cm sprinkles_paddingLeft_pageMargin_tablet__1lrvpk9e8 sprinkles_paddingLeft_0_desktop__1lrvpk9co sprinkles_paddingRight_0_default__1lrvpk9ea sprinkles_paddingRight_pageMargin_tablet__1lrvpk9fw sprinkles_paddingRight_0_desktop__1lrvpk9ec"
  data-testid="author-list"
>
  <li
    class="sprinkles_paddingLeft_gutter_default__1lrvpk9e4 sprinkles_paddingLeft_0_tablet__1lrvpk9cn sprinkles_paddingRight_gutter_default__1lrvpk9fs sprinkles_paddingRight_0_tablet__1lrvpk9eb sprinkles_paddingTop_16_default__1lrvpk9g7 sprinkles_paddingTop_0_tablet__1lrvpk9fz sprinkles_paddingBottom_16_default__1lrvpk9bp sprinkles_paddingBottom_0_tablet__1lrvpk9bh sprinkles_display_flex_default__1lrvpk94p sprinkles_flexDirection_row_default__1lrvpk954 sprinkles_flexDirection_column_tablet__1lrvpk958 sprinkles_columnGap_32_default__1lrvpk93a sprinkles_backgroundColor_zebraOdd_default__1lrvpk92g sprinkles_backgroundColor_zebraOff_tablet__1lrvpk92k sprinkles_alignItems_center_default__1lrvpk91g"
  >
    <div
      class="AuthorAvatarListWithFilters_avatarMaxWidthStyle__1l5t2551"
    >
      <svg
        fill="var(--bgSubtle__hftm9jc)"
        viewBox="0 0 16 16"
        width="100%"
        xmlns="http://www.w3.org/2000/svg"
      >
        <path
          clip-rule="evenodd"
          d="M16 8A8 8 0 110 8a8 8 0 0116 0zm-6-3a2 2 0 11-4 0 2 2 0 014 0zM8 9a5 5 0 00-4.546 2.916A5.986 5.986 0 008 14a5.986 5.986 0 004.546-2.084A5 5 0 008 9z"
          fill-rule="evenodd"
        />
      </svg>
    </div>
    <a
      class="sprinkles_fontSize_medium__1lrvpk9j sprinkles_textAlign_center__1lrvpk917"
      href="/shelf/authors/bram-stoker/"
    >
      <span
        class="sprinkles_width_px_default__1lrvpk9ka sprinkles_height_4_default__1lrvpk95j sprinkles_minWidth_px_default__1lrvpk9ap sprinkles_minHeight_4_default__1lrvpk98p sprinkles_display_block_default__1lrvpk94j"
      />
      <div
        class="sprinkles_lineHeight_default__1lrvpk913"
      >
        Bram Stoker
      </div>
      <span
        class="sprinkles_width_px_default__1lrvpk9ka sprinkles_height_4_default__1lrvpk95j sprinkles_minWidth_px_default__1lrvpk9ap sprinkles_minHeight_4_default__1lrvpk98p sprinkles_display_block_default__1lrvpk94j"
      />
    </a>
  </li>
  <li
    class="sprinkles_paddingLeft_gutter_default__1lrvpk9e4 sprinkles_paddingLeft_0_tablet__1lrvpk9cn sprinkles_paddingRight_gutter_default__1lrvpk9fs sprinkles_paddingRight_0_tablet__1lrvpk9eb sprinkles_paddingTop_16_default__1lrvpk9g7 sprinkles_paddingTop_0_tablet__1lrvpk9fz sprinkles_paddingBottom_16_default__1lrvpk9bp sprinkles_paddingBottom_0_tablet__1lrvpk9bh sprinkles_display_flex_default__1lrvpk94p sprinkles_flexDirection_row_default__1lrvpk954 sprinkles_flexDirection_column_tablet__1lrvpk958 sprinkles_columnGap_32_default__1lrvpk93a sprinkles_backgroundColor_zebraOdd_default__1lrvpk92g sprinkles_backgroundColor_zebraOff_tablet__1lrvpk92k sprinkles_alignItems_center_default__1lrvpk91g"
  >
    <div
      class="AuthorAvatarListWithFilters_avatarMaxWidthStyle__1l5t2551"
    >
      <svg
        fill="var(--bgSubtle__hftm9jc)"
        viewBox="0 0 16 16"
        width="100%"
        xmlns="http://www.w3.org/2000/svg"
      >
        <path
          clip-rule="evenodd"
          d="M16 8A8 8 0 110 8a8 8 0 0116 0zm-6-3a2 2 0 11-4 0 2 2 0 014 0zM8 9a5 5 0 00-4.546 2.916A5.986 5.986 0 008 14a5.986 5.986 0 004.546-2.084A5 5 0 008 9z"
          fill-rule="evenodd"
        />
      </svg>
    </div>
    <a
      class="sprinkles_fontSize_medium__1lrvpk9j sprinkles_textAlign_center__1lrvpk917"
      href="/shelf/authors/richard-laymon/"
    >
      <span
        class="sprinkles_width_px_default__1lrvpk9ka sprinkles_height_4_default__1lrvpk95j sprinkles_minWidth_px_default__1lrvpk9ap sprinkles_minHeight_4_default__1lrvpk98p sprinkles_display_block_default__1lrvpk94j"
      />
      <div
        class="sprinkles_lineHeight_default__1lrvpk913"
      >
        Richard Laymon
      </div>
      <span
        class="sprinkles_width_px_default__1lrvpk9ka sprinkles_height_4_default__1lrvpk95j sprinkles_minWidth_px_default__1lrvpk9ap sprinkles_minHeight_4_default__1lrvpk98p sprinkles_display_block_default__1lrvpk94j"
      />
    </a>
  </li>
  <li
    class="sprinkles_paddingLeft_gutter_default__1lrvpk9e4 sprinkles_paddingLeft_0_tablet__1lrvpk9cn sprinkles_paddingRight_gutter_default__1lrvpk9fs sprinkles_paddingRight_0_tablet__1lrvpk9eb sprinkles_paddingTop_16_default__1lrvpk9g7 sprinkles_paddingTop_0_tablet__1lrvpk9fz sprinkles_paddingBottom_16_default__1lrvpk9bp sprinkles_paddingBottom_0_tablet__1lrvpk9bh sprinkles_display_flex_default__1lrvpk94p sprinkles_flexDirection_row_default__1lrvpk954 sprinkles_flexDirection_column_tablet__1lrvpk958 sprinkles_columnGap_32_default__1lrvpk93a sprinkles_backgroundColor_zebraOdd_default__1lrvpk92g sprinkles_backgroundColor_zebraOff_tablet__1lrvpk92k sprinkles_alignItems_center_default__1lrvpk91g"
  >
    <a
      class="AuthorAvatarListWithFilters_avatarMaxWidthStyle__1l5t2551 sprinkles_transform_safariBorderRadiusFix__1lrvpk91b sprinkles_overflow_hidden__1lrvpk914 sprinkles_boxShadow_borderAll_default__1lrvpk92s sprinkles_borderRadius_half__1lrvpk93"
      href="/shelf/authors/stephen-king/"
    >
      <div
        class="gatsby-image-wrapper gatsby-image-wrapper-constrained"
        data-gatsby-image-wrapper=""
        style="position: relative; overflow: hidden; display: inline-block; vertical-align: top;"
      >
        <div
          style="max-width: 160px; display: block;"
        >
          <img
            alt=""
            aria-hidden="true"
            role="presentation"
            src="data:image/svg+xml;charset=utf-8,%3Csvg height='160' width='160' xmlns='http://www.w3.org/2000/svg' version='1.1'%3E%3C/svg%3E"
            style="max-width: 100%; display: block; position: static;"
          />
        </div>
        <img
          alt=""
          aria-hidden="true"
          data-placeholder-image=""
          decoding="async"
          src="data:image/png;base64,iVBORw0KGgoAAAANSUhEUgAAABQAAAAUCAYAAACNiR0NAAAACXBIWXMAAAsTAAALEwEAmpwYAAAD10lEQVR42k1UySu2URx9SCEihdcsIUOvDCUzYWGhDCtEeZMyRaRYyZAFQmzIkHme53mepwVhYUWZNyR/wPk6v6/n61vc7vs+997zO+f8zr1Kb28vJicnMTg4iImJCQwPD6O/vx8jIyNYXV3F2tqazEdHRzg9PcX6+jqWl5exsLAg88bGBlZWVmTe3t6GMjs7K4vj4+Pg79HRUZmXlpZQVVUFnU6HvLw85OTkoKWlBYuLi1KEICzEQaCDgwPs7e1BIavp6WmpxkUu7O/vo7i4GCYmJrC1tYWrqys0Gg1cXFwQExODuro62cszBOM4PDzE8fExFLUiB8Hm5+cRHx8PQ0NDmJmZwcHBAT4+PtBqtXB3d4ebm5uM+vp6AVHZnZycyFAIoHrFDZmZmXLAyckJNjY2iIyMRE1NDSIiImBlZQVvb28ZwcHB2NzcFEBKpb9nZ2d/AcmSVdiQoKAgAeEBPz8/ZGRk4OfnB1dXVygsLJT1wMBAWFhYiKcEIiCbRgxlamoKMzMz2NnZQXd3N0xNTYVhSEiISCTjz89PfHx84OXlBQ0NDfDy8oKRkRGysrJwfn4uZwkoHrKbNJczo0LzDQwMYG5uDktLS3R2duL391dAv76+RIWjo6PsiYuLE3aqj2ymwgxSNqNDttHR0cLA2NgYAQEBkkmmoK2tDQMDA2Bu7ezsoK+vj6amJmHHbBJMctjR0YGhoSEJdldXF9rb21FZWYnw8HCRQxtSUlKQnZ2NtLQ0+e7p6YnQ0FDU1taK/ySkBlzhAQISqLm5GWVlZRKJ2NhYPDw8iNS5uTmwMOU2NjYiNzdX9nMvVdEusiNbhTLIjtI4GNzExESEhYVJDJ6enqQ612jPzc2NSGW4e3p6xCrGh2CXl5dQ2GFeNzaEXvn6+iI1NVUA7u/vBeDu7g6Pj4+SU0aFwPR0bGxMwLa2tiTHkkN6QEncxGqMSXV1NZ6fn6UifaTp6mNBn9kY2sQz/9/jf7EhIKuRdmtrqwSXoPzPQZ9YmBksLS1FRUWFyKUiFiNz9fopfGX4QLACJfJjQkKCdJMvDXPIgru7u3KYVlBuX1+fKGJcGGoWlhyyc/SHN4FesbM8xNCy0xy8fkVFRSgpKZFi+fn5wo7+kx1tYUHp8tvbm1yp6+trWaAnFxcXKCgokMPJycmIioqCh4eH3B49PT2ZGRmCMAFkyMYI4OvrqzTg9vZW5PIRYBF2k89Yeno6kpKS5HY4OzvD3t5erqe1tbVIJxFawV6w08r39zfe399lUC5jwG4SnDIJ6O/vL08ZwQhMtnx4y8vLxSZ6R5/50v8BZ887c00Dn9IAAAAASUVORK5CYII="
          style="height: 100%; left: 0px; position: absolute; top: 0px; width: 100%;"
        />
        <picture>
          <source
            data-srcset="/static/b8efcd83f9ce7a0598e4452e55ab31a3/5bae1/stephen-king.avif 40w,/static/b8efcd83f9ce7a0598e4452e55ab31a3/d60a5/stephen-king.avif 80w,/static/b8efcd83f9ce7a0598e4452e55ab31a3/2a394/stephen-king.avif 160w,/static/b8efcd83f9ce7a0598e4452e55ab31a3/0aca1/stephen-king.avif 320w"
            sizes="(min-width: 160px) 160px, 100vw"
            type="image/avif"
          />
          <img
            alt="An image of Stephen King"
            data-gatsby-image-ssr=""
            data-main-image=""
            data-src="/static/b8efcd83f9ce7a0598e4452e55ab31a3/0e001/stephen-king.jpg"
            data-srcset="/static/b8efcd83f9ce7a0598e4452e55ab31a3/5e3dc/stephen-king.jpg 40w,/static/b8efcd83f9ce7a0598e4452e55ab31a3/d18de/stephen-king.jpg 80w,/static/b8efcd83f9ce7a0598e4452e55ab31a3/0e001/stephen-king.jpg 160w,/static/b8efcd83f9ce7a0598e4452e55ab31a3/4e658/stephen-king.jpg 320w"
            decoding="async"
            loading="lazy"
            sizes="(min-width: 160px) 160px, 100vw"
            style="height: 100%; left: 0px; position: absolute; top: 0px; transform: translateZ(0); transition: opacity 250ms linear; width: 100%; will-change: opacity; opacity: 0;"
          />
        </picture>
        <noscript />
        <script
          type="module"
        >
          const t="undefined"!=typeof HTMLImageElement&&"loading"in HTMLImageElement.prototype;if(t){const t=document.querySelectorAll("img[data-main-image]");for(let e of t){e.dataset.src&&(e.setAttribute("src",e.dataset.src),e.removeAttribute("data-src")),e.dataset.srcset&&(e.setAttribute("srcset",e.dataset.srcset),e.removeAttribute("data-srcset"));const t=e.parentNode.querySelectorAll("source[data-srcset]");for(let e of t)e.setAttribute("srcset",e.dataset.srcset),e.removeAttribute("data-srcset");e.complete&&(e.style.opacity=1,e.parentNode.parentNode.querySelector("[data-placeholder-image]").style.opacity=0)}}
        </script>
      </div>
    </a>
    <a
      class="sprinkles_fontSize_medium__1lrvpk9j sprinkles_textAlign_center__1lrvpk917"
      href="/shelf/authors/stephen-king/"
    >
      <span
        class="sprinkles_width_px_default__1lrvpk9ka sprinkles_height_4_default__1lrvpk95j sprinkles_minWidth_px_default__1lrvpk9ap sprinkles_minHeight_4_default__1lrvpk98p sprinkles_display_block_default__1lrvpk94j"
      />
      <div
        class="sprinkles_lineHeight_default__1lrvpk913"
      >
        Stephen King
      </div>
      <span
        class="sprinkles_width_px_default__1lrvpk9ka sprinkles_height_4_default__1lrvpk95j sprinkles_minWidth_px_default__1lrvpk9ap sprinkles_minHeight_4_default__1lrvpk98p sprinkles_display_block_default__1lrvpk94j"
      />
    </a>
  </li>
</ol>
`;
