<!doctype html>
<html lang="en">
  <head>
    <meta charset="UTF-8" />
    <meta name="viewport" content="width=device-width" />
    <link rel="icon" href="/favicon.ico" sizes="48x48" />
    <link rel="icon" href="/favicon.svg" sizes="any" type="image/svg+xml" />
    <link rel="apple-touch-icon" href="/apple-touch-icon.png" />
    <link rel="manifest" href="/site.webmanifest" />
    <link rel="sitemap" href="/sitemap-index.xml" />
    <meta
      name="description"
      content="The best book on leadership I’ve ever read. Former Navy SEALs Jocko Willink and Leif Babin distill the principals they honed in the battle of Ramadi and demonstrate their applicability to business. But it proves a small cognitive leap to realize these lessons extend beyond combat and business. This is a guide for life.
"
    />
    <meta
      name="og:image"
      content="https://www.franksbooklog.com/reviews/extreme-ownership-by-jocko-willink-leif-babin/og.jpg"
    />
    <meta
      property="og:url"
      content="https://www.franksbooklog.com/reviews/extreme-ownership-by-jocko-willink-leif-babin/"
    />
    <meta property="og:type" content="article" />
    <meta
      property="og:title"
      content="Extreme Ownership by Jocko Willink and Leif Babin"
    />
    <meta
      property="og:description"
      content="The best book on leadership I’ve ever read. Former Navy SEALs Jocko Willink and Leif Babin distill the principals they honed in the battle of Ramadi and demonstrate their applicability to business. But it proves a small cognitive leap to realize these lessons extend beyond combat and business. This is a guide for life.
"
    />
    <title>
      Extreme Ownership by Jocko Willink and Leif Babin | Frank&#39;s Book Log
    </title>
  </head>
  <body>
    <div>
      <a
        href="#content"
        class="absolute left-1/2 top-0.5 z-50 mx-auto bg-subtle px-6 py-2 text-center text-accent [transform:translate(-50%,calc(-100%_-_2px))] focus:[transform:translate(-50%,0%)]"
        >Skip to content</a
      >
      <div class="flex min-h-full w-full flex-col bg-default">
        <header
          class="z-20 flex w-full items-center justify-between px-container py-4 tablet:p-6 desktop:inset-x-0 desktop:z-40 desktop:flex-row desktop:flex-wrap desktop:px-16 desktop:py-8 desktop:text-left"
          style="position: static"
        >
          <div class="flex flex-col mt-2 tablet:mt-0">
            <div
              class="whitespace-nowrap font-normal leading-8"
              style="font-size: 1.5625rem"
            >
              <a href="/">Frank&#x27;s Book Log</a>
            </div>
            <p class="w-full pl-px text-sm italic leading-4 opacity-85">
              Literature is a relative term.
            </p>
          </div>
          <div class="flex items-center">
            <nav class="hidden w-full desktop:block desktop:w-auto">
              <ul class="flex flex-wrap justify-start gap-x-6 text-xl">
                <li class="block whitespace-nowrap tracking-serif-wide">
                  <a
                    class="text-inherit transition-all duration-500 ease-in-out hover:text-accent"
                    href="/"
                    >Home</a
                  >
                </li>
                <li class="block whitespace-nowrap tracking-serif-wide">
                  <a
                    class="text-inherit transition-all duration-500 ease-in-out hover:text-accent"
                    href="/how-i-grade/"
                    >How I Grade</a
                  >
                </li>
                <li class="block whitespace-nowrap tracking-serif-wide">
                  <a
                    class="text-inherit transition-all duration-500 ease-in-out hover:text-accent"
                    href="/reviews/"
                    >Reviews</a
                  >
                </li>
                <li class="block whitespace-nowrap tracking-serif-wide">
                  <a
                    class="text-inherit transition-all duration-500 ease-in-out hover:text-accent"
                    href="/readings/"
                    >Reading Log</a
                  >
                </li>
                <li class="block whitespace-nowrap tracking-serif-wide">
                  <a
                    class="text-inherit transition-all duration-500 ease-in-out hover:text-accent"
                    href="/authors/"
                    >Authors</a
                  >
                </li>
                <li class="block whitespace-nowrap tracking-serif-wide">
                  <a
                    class="text-inherit transition-all duration-500 ease-in-out hover:text-accent"
                    href="/shelf/"
                    >Shelf</a
                  >
                </li>
              </ul>
            </nav>
            <div class="z-[1000]">
              <button
                data-open-modal="true"
                disabled=""
                aria-label="Search"
                aria-keyshortcuts="Control+K"
                class="flex items-center justify-between overflow-hidden text-sm leading-6 ring-default desktop:ml-6"
                type="button"
                title="Search: Control+K"
              >
                <svg
                  xmlns="http://www.w3.org/2000/svg"
                  fill="none"
                  viewBox="0 0 24 24"
                  stroke-width="1.5"
                  stroke="currentColor"
                  class="size-7"
                >
                  <path
                    stroke-linecap="round"
                    stroke-linejoin="round"
                    d="m21 21-5.197-5.197m0 0A7.5 7.5 0 1 0 5.196 5.196a7.5 7.5 0 0 0 10.607 10.607Z"
                  ></path>
                </svg>
              </button>
            </div>
            <input type="checkbox" id="mobile-nav" class="hidden" /><label
              for="mobile-nav"
              class="hamburger-icon desktop:hidden"
              ><span
                style="background: var(--fg-default)"
                class="hamburger-icon-bars"
              ></span
            ></label>
            <ul
              class="hamburger-menu flex flex-col items-start gap-y-5 text-left text-inverse desktop:hidden"
            >
              <li class="block w-1/2 whitespace-nowrap text-2xl">
                <a href="/">Home</a>
              </li>
              <li class="block w-1/2 whitespace-nowrap text-2xl">
                <a href="/how-i-grade/">How I Grade</a>
              </li>
              <li class="block w-1/2 whitespace-nowrap text-2xl">
                <a href="/reviews/">Reviews</a>
              </li>
              <li class="block w-1/2 whitespace-nowrap text-2xl">
                <a href="/readings/">Reading Log</a>
                <ol class="mt-4">
                  <li
                    class="mb-2 font-sans text-xs uppercase tracking-wide text-inverse-subtle"
                  >
                    <a href="/readings/stats/">Stats</a>
                  </li>
                </ol>
              </li>
              <li class="block w-1/2 whitespace-nowrap text-2xl">
                <a href="/authors/">Authors</a>
              </li>
              <li class="block w-1/2 whitespace-nowrap text-2xl">
                <a href="/shelf/">Shelf</a>
              </li>
            </ul>
          </div>
        </header>
        <main class="grow flex flex-col" id="content" data-pagefind-body="true">
          <header class="mb-12 flex flex-col items-center px-[8%] pt-10">
            <h1
              data-pagefind-meta="title"
              class="text-center text-4xl desktop:text-6xl"
            >
              Extreme Ownership
              <div
                class="max-w-prose pt-2 text-base font-light tracking-wider text-muted"
              >
                How U.S. Navy SEALs Lead and Win
              </div>
            </h1>
            <div class="mt-4 text-center text-md text-muted">
              by<!-- -->
              <div class="inline-block text-accent">
                <a href="/reviews/authors/jocko-willink/">Jocko Willink</a>
              </div>
              and
              <div class="inline-block text-accent">
                <a href="/reviews/authors/leif-babin/">Leif Babin</a>
              </div>
            </div>
            <div class="mt-4">
              <picture
                ><source
                  srcset="/svg/5-stars-dark.svg"
                  media="(prefers-color-scheme: dark)" />
                <img
                  src="/svg/5-stars.svg"
                  alt="A: 5 stars (out of 5)"
                  height="32"
                  width="160"
              /></picture>
            </div>
            <div
              class="mt-5 font-sans text-xs font-light uppercase tracking-wide text-subtle"
            >
              <span class="tracking-wide">2015</span> |
              <!-- -->Nonfiction
            </div>
            <div
              data-pagefind-meta="image:/_image?/content%2Fassets%2Fcovers%2Fextreme-ownership-by-jocko-willink-leif-babin.png%3ForigWidth%3D500%26origHeight%3D750%26origFormat%3Dpng&amp;w=248&amp;h=372&amp;q=80&amp;f=avif"
              class="relative my-12 flex h-[340px] w-full max-w-popout flex-col items-center"
            >
              <div class="cover-clip-path absolute inset-0 overflow-hidden">
                <div
                  style="
                    background-color: var(--bg-default);
                    background-image: linear-gradient(
                        90deg,
                        rgba(var(--bg-default-rgb), 1) 0%,
                        rgba(var(--bg-default-rgb), var(--bg-default-alpha)) 30%,
                        rgba(var(--bg-default-rgb), 0) 50%,
                        rgba(var(--bg-default-rgb), var(--bg-default-alpha)) 70%,
                        rgba(var(--bg-default-rgb), 1) 100%
                      ),
                      url(/_image?/content%2Fassets%2Fcovers%2Fextreme-ownership-by-jocko-willink-leif-babin.png%3ForigWidth%3D500%26origHeight%3D750%26origFormat%3Dpng&amp;w=248&amp;h=372&amp;q=80&amp;f=avif);
                  "
                  class="absolute left-[-5%] top-[-5%] size-[110%] bg-default bg-cover bg-center"
                ></div>
                <div class="absolute size-full backdrop-blur"></div>
              </div>
              <div
                class="relative -top-4 z-10 h-[372px] shadow-[0_5px_20px_rgba(49,46,42,0.22)]"
              >
                <img
                  srcset="
                    /_image?/content%2Fassets%2Fcovers%2Fextreme-ownership-by-jocko-willink-leif-babin.png%3ForigWidth%3D500%26origHeight%3D750%26origFormat%3Dpng&amp;w=248&amp;q=80&amp;f=avif 1x,
                    /_image?/content%2Fassets%2Fcovers%2Fextreme-ownership-by-jocko-willink-leif-babin.png%3ForigWidth%3D500%26origHeight%3D750%26origFormat%3Dpng&amp;w=496&amp;q=80&amp;f=avif 2x
                  "
                  src="/_image?/content%2Fassets%2Fcovers%2Fextreme-ownership-by-jocko-willink-leif-babin.png%3ForigWidth%3D500%26origHeight%3D750%26origFormat%3Dpng&amp;w=248&amp;h=372&amp;q=80&amp;f=avif"
                  width="248"
                  height="372"
                  class="safari-border-radius-fix shadow-[0_5px_20px_rgba(49,46,42,0.22)]"
                  alt=""
                  loading="eager"
                  decoding="async"
                  style="aspect-ratio: 0.66666667"
                />
              </div>
            </div>
          </header>
          <div
            class="flex flex-col items-center gap-16 px-container pb-20 desktop:gap-20 desktop:pb-32"
          >
            <div
              class="rendered-markdown font-light tracking-0.3px text-md/7 tablet:text-xl/8 max-w-prose first-letter:leading-[.8] first-letter:text-default tablet:first-letter:pr-3 desktop:first-letter:text-[64px] [&amp;&gt;p:first-child]:first-letter:float-left [&amp;&gt;p:first-child]:first-letter:mt-[6px] [&amp;&gt;p:first-child]:first-letter:pr-2 [&amp;&gt;p:first-child]:first-letter:font-sans [&amp;&gt;p:first-child]:first-letter:text-[56px] [&amp;&gt;p:first-child]:first-letter:font-bold"
            >
              <p>
                <strong>The best book on leadership I’ve ever read.</strong>
                Former Navy SEALs Jocko Willink and Leif Babin distill the
                principals they honed in the battle of Ramadi and demonstrate
                their applicability to business. But it proves a small cognitive
                leap to realize these lessons extend beyond combat and business.
                This is a guide for life.
              </p>
              <!-- end -->
              <p>
                A common fallacy in leadership books is assuming the reader is
                the boss. CEO memoirs fall into this category, despite the often
                overwrought efforts to prove they don’t. Wielding power over
                others affects how they perceive you. Bosses often mistake this
                power for their own innate talent or charisma, making their
                advice less portable.
              </p>
              <p>
                The second common fallacy is that everyone in your organization
                is reading the same book. Books like Radical Candor fall into
                this category. Great if everyone’s onboard, but try implementing
                radical candor as a middle manager in an organization that
                hasn’t bought into the program.
              </p>
              <p>
                <em>Extreme Ownership</em> avoids both traps. The authors
                learned how to lead without authority the hard way, when they
                had to include Iraqi forces in their patrols. If you’re the only
                person in your organization who implements these concepts,
                you’ll improve yourself. The principals seem obvious, but
                implementing them proves challenging. Sublimating the ego takes
                discipline.
              </p>
              <p>
                This is not a military memoir or combat manual. It’s a guide to
                becoming a more capable human.
              </p>
              <blockquote>
                <p>
                  As a leader, it’s not what you preach, it’s what you tolerate.
                  When setting expectations, no matter what has been said or
                  written, if substandard performance is accepted and no one is
                  held accountable—if there are no consequences—that poor
                  performance becomes the new standard.
                </p>
              </blockquote>
              <p>
                Even though I was familiar, having read the book twice prior,
                this principal still struck me. Implementing it has proved the
                most worthwhile in both my professional and personal lives. It’s
                also proved the most challenging. But Jocko and Lief only
                promise simplicity, not ease. It takes practice, but should you
                adopt these concepts, you’ll see immediate returns on the
                investment.
              </p>
            </div>
            <div class="w-full max-w-popout">
              <h2
                class="py-10 font-sans text-xs font-semibold uppercase tracking-wide text-subtle shadow-bottom"
              >
                Reading History
              </h2>
              <ul>
                <li
                  class="grid auto-rows-auto grid-cols-[16px_16px_1fr] pt-4 font-sans text-xs even:bg-subtle"
                >
                  <svg
                    width="1em"
                    height="1em"
                    viewBox="0 0 16 16"
                    class="fill-subtle mr-[1ch] min-h-4 min-w-4"
                    xmlns="http://www.w3.org/2000/svg"
                  >
                    <title>Watched on</title>
                    <path
                      fill-rule="evenodd"
                      d="M14 2H2a1 1 0 0 0-1 1v11a1 1 0 0 0 1 1h12a1 1 0 0 0 1-1V3a1 1 0 0 0-1-1zM2 1a2 2 0 0 0-2 2v11a2 2 0 0 0 2 2h12a2 2 0 0 0 2-2V3a2 2 0 0 0-2-2H2z"
                    ></path>
                    <path
                      fill-rule="evenodd"
                      d="M14 2H2a1 1 0 0 0-1 1v1h14V3a1 1 0 0 0-1-1zM2 1a2 2 0 0 0-2 2v2h16V3a2 2 0 0 0-2-2H2z"
                    ></path>
                    <path
                      fill-rule="evenodd"
                      d="M3.5 0a.5.5 0 0 1 .5.5V1a.5.5 0 0 1-1 0V.5a.5.5 0 0 1 .5-.5zm9 0a.5.5 0 0 1 .5.5V1a.5.5 0 0 1-1 0V.5a.5.5 0 0 1 .5-.5z"
                    ></path>
                  </svg>
                  <div class="col-start-3">
                    <span
                      class="inline-block font-sans text-xs font-normal tracking-normal text-subtle"
                      >Sun, Jun 26, 2022</span
                    >
                    <span class="text-subtle"
                      ><span>via</span>
                      <span class="font-sans text-xs font-normal text-subtle"
                        >Audible</span
                      ></span
                    >
                    <span class="font-light tracking-normal text-subtle"
                      >(<span class="rendered-markdown font-light leading-none"
                        ><span>Read by Jocko Willink and Leif Babin</span></span
                      >)</span
                    >
                  </div>
                  <div class="col-start-3 row-start-2"></div>
                  <div class="col-span-3 col-start-1 row-start-3 pt-4"></div>
                </li>
              </ul>
            </div>
          </div>
          <div
            data-pagefind-ignore="true"
            class="flex w-full flex-col items-center gap-y-12 bg-subtle pb-32 pt-16 tablet:pt-8 desktop:gap-y-24"
          >
            <nav
              data-pagefind-ignore="true"
              class="relative flex w-full flex-col items-center"
            >
              <div class="relative mx-auto w-full max-w-screen-desktop">
                <div class="px-container">
                  <h2
                    class="py-10 font-sans text-xs font-semibold uppercase tracking-wide text-subtle"
                  >
                    More<!-- -->
                    <a href="/reviews/" class="text-accent">Reviews</a>
                  </h2>
                </div>
                <ul
                  class="flex flex-wrap justify-center gap-x-[4%] gap-y-[6vw] px-[4%] tablet:justify-between tablet:gap-x-[3%] tablet:px-container"
                >
                  <li
                    class="relative flex w-[46%] max-w-[248px] flex-col items-center border-default bg-default tablet:w-[22.75%]"
                  >
                    <img
                      srcset="
                        /_image?/content%2Fassets%2Fcovers%2Fdracula-by-bram-stoker.png%3ForigWidth%3D500%26origHeight%3D750%26origFormat%3Dpng&amp;w=62&amp;q=80&amp;f=avif   62w,
                        /_image?/content%2Fassets%2Fcovers%2Fdracula-by-bram-stoker.png%3ForigWidth%3D500%26origHeight%3D750%26origFormat%3Dpng&amp;w=124&amp;q=80&amp;f=avif 124w,
                        /_image?/content%2Fassets%2Fcovers%2Fdracula-by-bram-stoker.png%3ForigWidth%3D500%26origHeight%3D750%26origFormat%3Dpng&amp;w=248&amp;q=80&amp;f=avif 248w,
                        /_image?/content%2Fassets%2Fcovers%2Fdracula-by-bram-stoker.png%3ForigWidth%3D500%26origHeight%3D750%26origFormat%3Dpng&amp;w=496&amp;q=80&amp;f=avif 496w
                      "
                      src="/_image?/content%2Fassets%2Fcovers%2Fdracula-by-bram-stoker.png%3ForigWidth%3D500%26origHeight%3D750%26origFormat%3Dpng&amp;w=248&amp;h=372&amp;q=80&amp;f=avif"
                      width="248"
                      height="372"
                      sizes="(max-width: 561px) 46vw, (max-width: 767px) 248px, (max-width: 1186px) calc((100vw - 96px) * 0.2275), 248px"
                      alt=""
                      loading="lazy"
                      decoding="async"
                      style="aspect-ratio: 0.66666667"
                    />
                    <div
                      class="flex grow flex-col items-center px-[8%] pb-8 pt-3 desktop:pl-[8.5%] desktop:pr-[10%]"
                    >
                      <div class="text-center text-md font-medium leading-6">
                        <a
                          href="/reviews/dracula-by-bram-stoker/"
                          rel="canonical"
                          class="z-10 inline-block decoration-2 underline-offset-4 before:absolute before:inset-x-0 before:top-0 before:aspect-cover hover:text-accent hover:underline hover:before:opacity-0 tablet:before:bg-[#fff] tablet:before:opacity-15"
                          >Dracula</a
                        >
                      </div>
                      <div
                        class="py-2 text-center font-sans text-xxs font-light uppercase leading-4 tracking-wide text-subtle"
                      >
                        1897<!-- -->
                        |<!-- -->
                        <span class="whitespace-nowrap">Novel</span>
                      </div>
                      <p class="text-center text-base text-subtle">
                        by
                        <!-- -->Bram Stoker
                      </p>
                      <picture
                        ><source
                          srcset="/svg/3-stars-dark.svg"
                          media="(prefers-color-scheme: dark)" />
                        <img
                          src="/svg/3-stars.svg"
                          alt="C+: 3 stars (out of 5)"
                          height="18"
                          width="90"
                          class="mt-2"
                      /></picture>
                    </div>
                  </li>
                  <li
                    class="relative flex w-[46%] max-w-[248px] flex-col items-center border-default bg-default tablet:w-[22.75%]"
                  >
                    <img
                      srcset="
                        /_image?/content%2Fassets%2Fcovers%2Fdraft-no-4-by-john-mcphee.png%3ForigWidth%3D500%26origHeight%3D750%26origFormat%3Dpng&amp;w=62&amp;q=80&amp;f=avif   62w,
                        /_image?/content%2Fassets%2Fcovers%2Fdraft-no-4-by-john-mcphee.png%3ForigWidth%3D500%26origHeight%3D750%26origFormat%3Dpng&amp;w=124&amp;q=80&amp;f=avif 124w,
                        /_image?/content%2Fassets%2Fcovers%2Fdraft-no-4-by-john-mcphee.png%3ForigWidth%3D500%26origHeight%3D750%26origFormat%3Dpng&amp;w=248&amp;q=80&amp;f=avif 248w,
                        /_image?/content%2Fassets%2Fcovers%2Fdraft-no-4-by-john-mcphee.png%3ForigWidth%3D500%26origHeight%3D750%26origFormat%3Dpng&amp;w=496&amp;q=80&amp;f=avif 496w
                      "
                      src="/_image?/content%2Fassets%2Fcovers%2Fdraft-no-4-by-john-mcphee.png%3ForigWidth%3D500%26origHeight%3D750%26origFormat%3Dpng&amp;w=248&amp;h=372&amp;q=80&amp;f=avif"
                      width="248"
                      height="372"
                      sizes="(max-width: 561px) 46vw, (max-width: 767px) 248px, (max-width: 1186px) calc((100vw - 96px) * 0.2275), 248px"
                      alt=""
                      loading="lazy"
                      decoding="async"
                      style="aspect-ratio: 0.66666667"
                    />
                    <div
                      class="flex grow flex-col items-center px-[8%] pb-8 pt-3 desktop:pl-[8.5%] desktop:pr-[10%]"
                    >
                      <div class="text-center text-md font-medium leading-6">
                        <a
                          href="/reviews/draft-no-4-by-john-mcphee/"
                          rel="canonical"
                          class="z-10 inline-block decoration-2 underline-offset-4 before:absolute before:inset-x-0 before:top-0 before:aspect-cover hover:text-accent hover:underline hover:before:opacity-0 tablet:before:bg-[#fff] tablet:before:opacity-15"
                          >Draft No. 4</a
                        >
                      </div>
                      <div
                        class="py-2 text-center font-sans text-xxs font-light uppercase leading-4 tracking-wide text-subtle"
                      >
                        2013<!-- -->
                        |<!-- -->
                        <span class="whitespace-nowrap">Nonfiction</span>
                      </div>
                      <p class="text-center text-base text-subtle">
                        by
                        <!-- -->John McPhee
                      </p>
                      <picture
                        ><source
                          srcset="/svg/3-stars-dark.svg"
                          media="(prefers-color-scheme: dark)" />
                        <img
                          src="/svg/3-stars.svg"
                          alt="C: 3 stars (out of 5)"
                          height="18"
                          width="90"
                          class="mt-2"
                      /></picture>
                    </div>
                  </li>
                  <li
                    class="relative flex w-[46%] max-w-[248px] flex-col items-center border-default bg-default tablet:w-[22.75%]"
                  >
                    <img
                      srcset="
                        /_image?/content%2Fassets%2Fcovers%2Fbehold-the-void-by-philip-fracassi.png%3ForigWidth%3D500%26origHeight%3D750%26origFormat%3Dpng&amp;w=62&amp;q=80&amp;f=avif   62w,
                        /_image?/content%2Fassets%2Fcovers%2Fbehold-the-void-by-philip-fracassi.png%3ForigWidth%3D500%26origHeight%3D750%26origFormat%3Dpng&amp;w=124&amp;q=80&amp;f=avif 124w,
                        /_image?/content%2Fassets%2Fcovers%2Fbehold-the-void-by-philip-fracassi.png%3ForigWidth%3D500%26origHeight%3D750%26origFormat%3Dpng&amp;w=248&amp;q=80&amp;f=avif 248w,
                        /_image?/content%2Fassets%2Fcovers%2Fbehold-the-void-by-philip-fracassi.png%3ForigWidth%3D500%26origHeight%3D750%26origFormat%3Dpng&amp;w=496&amp;q=80&amp;f=avif 496w
                      "
                      src="/_image?/content%2Fassets%2Fcovers%2Fbehold-the-void-by-philip-fracassi.png%3ForigWidth%3D500%26origHeight%3D750%26origFormat%3Dpng&amp;w=248&amp;h=372&amp;q=80&amp;f=avif"
                      width="248"
                      height="372"
                      sizes="(max-width: 561px) 46vw, (max-width: 767px) 248px, (max-width: 1186px) calc((100vw - 96px) * 0.2275), 248px"
                      alt=""
                      loading="lazy"
                      decoding="async"
                      style="aspect-ratio: 0.66666667"
                    />
                    <div
                      class="flex grow flex-col items-center px-[8%] pb-8 pt-3 desktop:pl-[8.5%] desktop:pr-[10%]"
                    >
                      <div class="text-center text-md font-medium leading-6">
                        <a
                          href="/reviews/fail-safe-by-philip-fracassi/"
                          rel="canonical"
                          class="z-10 inline-block decoration-2 underline-offset-4 before:absolute before:inset-x-0 before:top-0 before:aspect-cover hover:text-accent hover:underline hover:before:opacity-0 tablet:before:bg-[#fff] tablet:before:opacity-15"
                          >Fail-Safe</a
                        >
                      </div>
                      <div
                        class="py-2 text-center font-sans text-xxs font-light uppercase leading-4 tracking-wide text-subtle"
                      >
                        2017<!-- -->
                        |<!-- -->
                        <span class="whitespace-nowrap">Short Story</span>
                      </div>
                      <p class="text-center text-base text-subtle">
                        by
                        <!-- -->Philip Fracassi
                      </p>
                      <picture
                        ><source
                          srcset="/svg/3-stars-dark.svg"
                          media="(prefers-color-scheme: dark)" />
                        <img
                          src="/svg/3-stars.svg"
                          alt="C: 3 stars (out of 5)"
                          height="18"
                          width="90"
                          class="mt-2"
                      /></picture>
                    </div>
                  </li>
                  <li
                    class="relative flex w-[46%] max-w-[248px] flex-col items-center border-default bg-default tablet:w-[22.75%]"
                  >
                    <img
                      srcset="
                        /_image?/content%2Fassets%2Fcovers%2Ffast-forward-by-stephen-morris.png%3ForigWidth%3D500%26origHeight%3D750%26origFormat%3Dpng&amp;w=62&amp;q=80&amp;f=avif   62w,
                        /_image?/content%2Fassets%2Fcovers%2Ffast-forward-by-stephen-morris.png%3ForigWidth%3D500%26origHeight%3D750%26origFormat%3Dpng&amp;w=124&amp;q=80&amp;f=avif 124w,
                        /_image?/content%2Fassets%2Fcovers%2Ffast-forward-by-stephen-morris.png%3ForigWidth%3D500%26origHeight%3D750%26origFormat%3Dpng&amp;w=248&amp;q=80&amp;f=avif 248w,
                        /_image?/content%2Fassets%2Fcovers%2Ffast-forward-by-stephen-morris.png%3ForigWidth%3D500%26origHeight%3D750%26origFormat%3Dpng&amp;w=496&amp;q=80&amp;f=avif 496w
                      "
                      src="/_image?/content%2Fassets%2Fcovers%2Ffast-forward-by-stephen-morris.png%3ForigWidth%3D500%26origHeight%3D750%26origFormat%3Dpng&amp;w=248&amp;h=372&amp;q=80&amp;f=avif"
                      width="248"
                      height="372"
                      sizes="(max-width: 561px) 46vw, (max-width: 767px) 248px, (max-width: 1186px) calc((100vw - 96px) * 0.2275), 248px"
                      alt=""
                      loading="lazy"
                      decoding="async"
                      style="aspect-ratio: 0.66666667"
                    />
                    <div
                      class="flex grow flex-col items-center px-[8%] pb-8 pt-3 desktop:pl-[8.5%] desktop:pr-[10%]"
                    >
                      <div class="text-center text-md font-medium leading-6">
                        <a
                          href="/reviews/fast-forward-by-stephen-morris/"
                          rel="canonical"
                          class="z-10 inline-block decoration-2 underline-offset-4 before:absolute before:inset-x-0 before:top-0 before:aspect-cover hover:text-accent hover:underline hover:before:opacity-0 tablet:before:bg-[#fff] tablet:before:opacity-15"
                          >Fast Forward</a
                        >
                      </div>
                      <div
                        class="py-2 text-center font-sans text-xxs font-light uppercase leading-4 tracking-wide text-subtle"
                      >
                        2020<!-- -->
                        |<!-- -->
                        <span class="whitespace-nowrap">Nonfiction</span>
                      </div>
                      <p class="text-center text-base text-subtle">
                        by
                        <!-- -->Stephen Morris
                      </p>
                      <picture
                        ><source
                          srcset="/svg/4-half-stars-dark.svg"
                          media="(prefers-color-scheme: dark)" />
                        <img
                          src="/svg/4-half-stars.svg"
                          alt="A-: 4.5 stars (out of 5)"
                          height="18"
                          width="90"
                          class="mt-2"
                      /></picture>
                    </div>
                  </li>
                </ul>
              </div>
            </nav>
          </div>
          <script type="application/ld+json">
            {
              "@context": "http://schema.org",
              "@type": "Review",
              "itemReviewed": {
                "@type": "Book",
                "name": "Extreme Ownership",
                "image": "/_image?/content%2Fassets%2Fcovers%2Fextreme-ownership-by-jocko-willink-leif-babin.png%3ForigWidth%3D500%26origHeight%3D750%26origFormat%3Dpng&w=500&h=750&q=80&f=jpeg"
              },
              "reviewRating": { "@type": "Rating", "ratingValue": 5 },
              "author": { "@type": "Person", "name": "Frank Showalter" }
            }
          </script>
        </main>
        <footer
          class="flex flex-wrap items-start justify-between gap-[10%] bg-footer px-container py-20 text-inverse tablet:px-12 tablet:pt-10 desktop:p-20"
        >
          <div class="flex flex-col pb-12">
            <div class="flex flex-col">
              <div
                class="whitespace-nowrap font-normal leading-8"
                style="font-size: 1.5625rem"
              >
                <a href="/">Frank&#x27;s Book Log</a>
              </div>
              <p class="w-full pl-px text-sm italic leading-4 opacity-85">
                Literature is a relative term.
              </p>
            </div>
          </div>
          <div
            class="flex flex-col gap-20 pb-20 pt-10 tablet:basis-1/2 tablet:pt-20"
          >
            <ul class="flex w-full flex-col gap-y-10 text-inverse max:w-auto">
              <li class="block w-1/2 whitespace-nowrap text-2xl">
                <a class="hover:text-accent" href="/">Home</a>
              </li>
              <li class="block w-1/2 whitespace-nowrap text-2xl">
                <a class="hover:text-accent" href="/how-i-grade/"
                  >How I Grade</a
                >
              </li>
              <li class="block w-1/2 whitespace-nowrap text-2xl">
                <a class="hover:text-accent" href="/reviews/">Reviews</a>
              </li>
              <li class="block w-1/2 whitespace-nowrap text-2xl">
                <a class="hover:text-accent" href="/readings/">Reading Log</a>
                <ol class="mt-4">
                  <li
                    class="mb-2 font-sans text-xs uppercase tracking-wide text-inverse-subtle"
                  >
                    <a class="hover:text-inverse" href="/readings/stats/"
                      >Stats</a
                    >
                  </li>
                </ol>
              </li>
              <li class="block w-1/2 whitespace-nowrap text-2xl">
                <a class="hover:text-accent" href="/authors/">Authors</a>
              </li>
              <li class="block w-1/2 whitespace-nowrap text-2xl">
                <a class="hover:text-accent" href="/shelf/">Shelf</a>
              </li>
            </ul>
            <a
              href="#top"
              class="mb-8 w-full max-w-button bg-canvas py-5 text-center font-sans text-xs uppercase tracking-wide text-default hover:bg-inverse hover:text-inverse"
              >To the top</a
            >
            <p class="w-full font-normal leading-5 text-inverse-subtle">
              All covers used in accordance with the<!-- -->
              <a
                href="http://www.copyright.gov/title17/92chap1.html#107"
                class="text-inherit underline decoration-2 underline-offset-4 hover:bg-default hover:text-default"
                >Fair Use Law.</a
              >
            </p>
          </div>
        </footer>
      </div>
    </div>
    <dialog
      class="relative m-0 h-screen max-h-none w-screen max-w-unset border border-default bg-subtle shadow-lg open:flex open:flex-col tablet:mx-auto tablet:mt-16 tablet:h-min tablet:max-h-[min(100vh_-_128px,900px)] tablet:min-h-60 tablet:max-w-[min(100vw_-_64px,36rem)] tablet:rounded-xl desktop:min-h-0"
      aria-label="Search"
    >
      <div data-dialog-frame class="contents">
        <button
          data-close-modal
          class="px-4 font-sans text-sm font-light hover:bg-inverse hover:text-inverse focus:outline-accent"
        >
          Cancel
        </button>
        <div class="contents"><div id="pagefind__search"></div></div>
        <div
          class="hidden px-[var(--search-dialog-padding)] py-4 font-sans text-xs font-light tracking-wide text-subtle desktop:block"
        >
          <kbd class="rounded-md bg-default p-2 font-mono text-xs text-subtle"
            >Tab</kbd
          >
          to navigate
          <kbd
            class="ml-4 rounded-md bg-default p-2 font-mono text-xs text-subtle"
            >ESC</kbd
          >
          to close
        </div>
      </div>
    </dialog>
    <script>
      (() => {
        const openBtn = document.querySelector("button[data-open-modal]");
        if (!openBtn) return;
        if (/(Mac|iPhone|iPod|iPad)/i.test(navigator.platform)) {
          openBtn.setAttribute("aria-keyshortcuts", "Meta+K");
          openBtn.setAttribute("title", `Search: ⌘K`);
        }
      })();
    </script>
  </body>
</html>
