<!doctype html>
<html lang="en">
  <head>
    <meta charset="utf-8" />
    <meta content="width=device-width" name="viewport" />
    <link
      href="https://www.franksbooklog.com/reviews/mandala-by-philip-fracassi/"
      rel="canonical"
    />
    <link href="/favicon.ico" rel="icon" sizes="48x48" />
    <link href="/favicon.svg" rel="icon" sizes="any" type="image/svg+xml" />
    <link href="/apple-touch-icon.png" rel="apple-touch-icon" />
    <link href="/site.webmanifest" rel="manifest" />
    <link href="/sitemap-index.xml" rel="sitemap" />
    <meta
      content="At the beach, twelve-year-olds Mike and Joe play, unaware of the malevolent forces at work around them.
"
      name="description"
    />
    <meta
      content="https://www.franksbooklog.com/reviews/mandala-by-philip-fracassi/og.jpg"
      name="og:image"
    />
    <meta
      content="https://www.franksbooklog.com/reviews/mandala-by-philip-fracassi/"
      property="og:url"
    />
    <meta content="Mandala by Philip Fracassi" property="og:title" />
    <meta
      content="At the beach, twelve-year-olds Mike and Joe play, unaware of the malevolent forces at work around them.
"
      property="og:description"
    />
    <meta content="article" property="og:type" />
    <title>Mandala by Philip Fracassi | Frank&#39;s Book Log</title>
  </head>
  <body>
    <div>
      <a
        class="absolute left-1/2 top-0.5 z-50 mx-auto bg-subtle px-6 py-2 text-center text-accent [transform:translate(-50%,calc(-100%_-_2px))] focus:[transform:translate(-50%,0%)]"
        href="#content"
        >Skip to content</a
      >
      <div class="flex min-h-full w-full flex-col bg-default">
        <header
          class="z-20 flex w-full items-center justify-between px-container py-4 tablet:p-6 desktop:inset-x-0 desktop:z-40 desktop:flex-row desktop:flex-wrap desktop:px-16 desktop:py-8 desktop:text-left"
          style="position: static"
        >
          <div class="flex flex-col mt-2 tablet:mt-0">
            <div
              class="whitespace-nowrap font-normal leading-8"
              style="font-size: 1.5625rem"
            >
              <a href="/">Frank&#x27;s Book Log</a>
            </div>
            <p class="w-full pl-px text-sm italic leading-4 opacity-85">
              Literature is a relative term.
            </p>
          </div>
          <div class="flex items-center">
            <nav class="hidden w-full desktop:block desktop:w-auto">
              <ul class="flex flex-wrap justify-start gap-x-6 text-xl">
                <li class="block whitespace-nowrap tracking-serif-wide">
                  <a
                    class="text-inherit transition-all duration-500 ease-in-out hover:text-accent"
                    href="/"
                    >Home</a
                  >
                </li>
                <li class="block whitespace-nowrap tracking-serif-wide">
                  <a
                    class="text-inherit transition-all duration-500 ease-in-out hover:text-accent"
                    href="/how-i-grade/"
                    >How I Grade</a
                  >
                </li>
                <li class="block whitespace-nowrap tracking-serif-wide">
                  <a
                    class="text-inherit transition-all duration-500 ease-in-out hover:text-accent"
                    href="/reviews/"
                    >Reviews</a
                  >
                </li>
                <li class="block whitespace-nowrap tracking-serif-wide">
                  <a
                    class="text-inherit transition-all duration-500 ease-in-out hover:text-accent"
                    href="/readings/"
                    >Reading Log</a
                  >
                </li>
                <li class="block whitespace-nowrap tracking-serif-wide">
                  <a
                    class="text-inherit transition-all duration-500 ease-in-out hover:text-accent"
                    href="/authors/"
                    >Authors</a
                  >
                </li>
                <li class="block whitespace-nowrap tracking-serif-wide">
                  <a
                    class="text-inherit transition-all duration-500 ease-in-out hover:text-accent"
                    href="/shelf/"
                    >Shelf</a
                  >
                </li>
              </ul>
            </nav>
            <div class="z-[1000]">
              <button
                aria-keyshortcuts="Control+K"
                aria-label="Search"
                class="flex items-center justify-between overflow-hidden text-sm leading-6 ring-default desktop:ml-6"
                data-open-modal="true"
                disabled=""
                title="Search: Control+K"
                type="button"
              >
                <svg
                  class="size-7"
                  fill="none"
                  stroke="currentColor"
                  stroke-width="1.5"
                  viewBox="0 0 24 24"
                  xmlns="http://www.w3.org/2000/svg"
                >
                  <path
                    d="m21 21-5.197-5.197m0 0A7.5 7.5 0 1 0 5.196 5.196a7.5 7.5 0 0 0 10.607 10.607Z"
                    stroke-linecap="round"
                    stroke-linejoin="round"
                  ></path>
                </svg>
              </button>
            </div>
            <input class="hidden" id="mobile-nav" type="checkbox" /><label
              class="hamburger-icon desktop:hidden"
              for="mobile-nav"
              ><span
                class="hamburger-icon-bars"
                style="background: var(--fg-default)"
              ></span
            ></label>
            <ul
              class="hamburger-menu flex flex-col items-start gap-y-5 text-left text-inverse desktop:hidden"
            >
              <li class="block w-1/2 whitespace-nowrap text-2xl">
                <a href="/">Home</a>
              </li>
              <li class="block w-1/2 whitespace-nowrap text-2xl">
                <a href="/how-i-grade/">How I Grade</a>
              </li>
              <li class="block w-1/2 whitespace-nowrap text-2xl">
                <a href="/reviews/">Reviews</a>
              </li>
              <li class="block w-1/2 whitespace-nowrap text-2xl">
                <a href="/readings/">Reading Log</a>
                <ol class="mt-4">
                  <li
                    class="mb-2 font-sans text-xs uppercase tracking-wide text-inverse-subtle"
                  >
                    <a href="/readings/stats/">Stats</a>
                  </li>
                </ol>
              </li>
              <li class="block w-1/2 whitespace-nowrap text-2xl">
                <a href="/authors/">Authors</a>
              </li>
              <li class="block w-1/2 whitespace-nowrap text-2xl">
                <a href="/shelf/">Shelf</a>
              </li>
            </ul>
          </div>
        </header>
        <main class="grow flex flex-col" id="content" data-pagefind-body="true">
          <header class="mb-12 flex flex-col items-center px-[8%] pt-10">
            <h1
              class="text-center text-4xl desktop:text-6xl"
              data-pagefind-meta="title"
            >
              Mandala
            </h1>
            <div class="mt-4 text-center text-md text-muted">
              by<!-- -->
              <div class="inline-block text-accent">
                <a href="/authors/philip-fracassi/">Philip Fracassi</a>
              </div>
            </div>
            <div class="mt-4">
              <picture
                ><source
                  media="(prefers-color-scheme: dark)"
                  srcset="/svg/4-stars-dark.svg" />
                <img
                  alt="B+: 4 stars (out of 5)"
                  height="32"
                  src="/svg/4-stars.svg"
                  width="160"
              /></picture>
            </div>
            <div
              class="mt-5 font-sans text-xs font-light uppercase tracking-wide text-subtle"
            >
              <span class="tracking-wide">2017</span> |
              <!-- -->Novella
            </div>
            <div
              class="relative my-12 flex h-[340px] w-full max-w-popout flex-col items-center"
              data-pagefind-meta="image:/_image?/content%2Fassets%2Fcovers%2Fbehold-the-void-by-philip-fracassi.png%3ForigWidth%3D500%26origHeight%3D750%26origFormat%3Dpng&amp;w=248&amp;h=372&amp;q=80&amp;f=avif"
            >
              <div class="cover-clip-path absolute inset-0 overflow-hidden">
                <div
                  class="absolute left-[-5%] top-[-5%] size-[110%] bg-default bg-cover bg-center"
                  style="
                    background-color: var(--bg-default);
                    background-image: linear-gradient(
                        90deg,
                        rgba(var(--bg-default-rgb), 1) 0%,
                        rgba(var(--bg-default-rgb), var(--bg-default-alpha)) 30%,
                        rgba(var(--bg-default-rgb), 0) 50%,
                        rgba(var(--bg-default-rgb), var(--bg-default-alpha)) 70%,
                        rgba(var(--bg-default-rgb), 1) 100%
                      ),
                      url(/_image?/content%2Fassets%2Fcovers%2Fbehold-the-void-by-philip-fracassi.png%3ForigWidth%3D500%26origHeight%3D750%26origFormat%3Dpng&amp;w=248&amp;h=372&amp;q=80&amp;f=avif);
                  "
                ></div>
                <div class="absolute size-full backdrop-blur"></div>
              </div>
              <div
                class="relative -top-4 z-10 h-[372px] shadow-[0_5px_20px_rgba(49,46,42,0.22)]"
              >
                <img
                  src="/_image?/content%2Fassets%2Fcovers%2Fbehold-the-void-by-philip-fracassi.png%3ForigWidth%3D500%26origHeight%3D750%26origFormat%3Dpng&amp;w=248&amp;h=372&amp;q=80&amp;f=avif"
                  srcset="
                    /_image?/content%2Fassets%2Fcovers%2Fbehold-the-void-by-philip-fracassi.png%3ForigWidth%3D500%26origHeight%3D750%26origFormat%3Dpng&amp;w=248&amp;q=80&amp;f=avif 1x,
                    /_image?/content%2Fassets%2Fcovers%2Fbehold-the-void-by-philip-fracassi.png%3ForigWidth%3D500%26origHeight%3D750%26origFormat%3Dpng&amp;w=496&amp;q=80&amp;f=avif 2x
                  "
                  class="safari-border-radius-fix shadow-[0_5px_20px_rgba(49,46,42,0.22)]"
                  height="372"
                  width="248"
                  alt=""
                  decoding="async"
                  loading="eager"
                  style="aspect-ratio: 0.66666667"
                />
              </div>
            </div>
          </header>
          <div
            class="flex flex-col items-center gap-16 px-container pb-20 desktop:gap-20 desktop:pb-32"
          >
            <div
              class="rendered-markdown font-light tracking-0.3px text-md/7 tablet:text-xl/8 max-w-prose first-letter:leading-[.8] first-letter:text-default tablet:first-letter:pr-3 desktop:first-letter:text-[64px] [&amp;&gt;p:first-child]:first-letter:float-left [&amp;&gt;p:first-child]:first-letter:mt-[6px] [&amp;&gt;p:first-child]:first-letter:pr-2 [&amp;&gt;p:first-child]:first-letter:font-sans [&amp;&gt;p:first-child]:first-letter:text-[56px] [&amp;&gt;p:first-child]:first-letter:font-bold"
            >
              <p>
                At the beach, twelve-year-olds Mike and Joe play, unaware of the
                malevolent forces at work around them.
              </p>
              <!-- end -->
              <p>
                Another inspired effort from Fracassi, who proves adept at
                crafting an ever-growing sense of dread. Consider this early
                line:
              </p>
              <blockquote>
                <p>
                  The sun hovered carelessly in its early morning position,
                  waiting with eternal patience for the Earth to continue its
                  steady rotation, a slow-spinning blue ball in a forever dark
                  sky watched by a gaseous, uncaring god a hundred million miles
                  away.
                </p>
              </blockquote>
              <p>
                The boys play near a small cove that fills and empties with
                water according to the tide. Fracassi drops another ominous
                detail here:
              </p>
              <blockquote>
                <p>
                  Both boys came out in suits but forgot towels, an absent slip
                  of the mind Mike would greatly regret in the hours to come.
                </p>
              </blockquote>
              <p>
                They decide to play cops and robbers. They’ll take turns, with
                Joe being the cop first. Mike hides in the nearby trees, but
                gets spooked by an unseen presence. Again, I love the details
                Fracassi drops to build atmosphere:
              </p>
              <blockquote>
                <p>
                  Mike rushed out from the line of firs and into the open ground
                  between the cove and the ocean, the rifle left on the ground
                  by the tree where he’d dropped it, forgotten; a spider crawled
                  over its barrel, thinking it a potential home for her eggs.
                </p>
              </blockquote>
              <p>
                After catching Mike, Joe, whose father is an actual police
                officer, uses a pair of real handcuffs to chain Mike to a post
                at the bottom of the cove. Joe promises to return in five
                minutes, but does not. Time passes and in comes the tide.
              </p>
              <p>
                Thus we have a taunt ticking-clock thriller, boosted by
                relatable characterization and some unexpected plot twists.
                Fracassi writes convincing kids, with Mike’s harrowing plight
                the novella’s strong point. I also loved the ending, which I
                read as nihilistic.
              </p>
              <p>
                My lone complaint lies in the story’s length. While I
                appreciated Fracassi’s discipline not to stretch it to a novel,
                it still felt drawn out. That I could stop mid-story proves the
                lone blemish on what’s otherwise a riveting page-turner.
              </p>
            </div>
            <div class="w-full max-w-popout">
              <h2
                class="py-10 font-sans text-xs font-semibold uppercase tracking-wide text-subtle shadow-bottom"
              >
                Reading History
              </h2>
              <ul>
                <li
                  class="grid auto-rows-auto grid-cols-[16px_16px_1fr] pt-4 font-sans text-xs even:bg-subtle"
                >
                  <svg
                    class="fill-subtle mr-[1ch] min-h-4 min-w-4"
                    height="1em"
                    viewBox="0 0 16 16"
                    width="1em"
                    xmlns="http://www.w3.org/2000/svg"
                  >
                    <title>Watched on</title>
                    <path
                      d="M14 2H2a1 1 0 0 0-1 1v11a1 1 0 0 0 1 1h12a1 1 0 0 0 1-1V3a1 1 0 0 0-1-1zM2 1a2 2 0 0 0-2 2v11a2 2 0 0 0 2 2h12a2 2 0 0 0 2-2V3a2 2 0 0 0-2-2H2z"
                      fill-rule="evenodd"
                    ></path>
                    <path
                      d="M14 2H2a1 1 0 0 0-1 1v1h14V3a1 1 0 0 0-1-1zM2 1a2 2 0 0 0-2 2v2h16V3a2 2 0 0 0-2-2H2z"
                      fill-rule="evenodd"
                    ></path>
                    <path
                      d="M3.5 0a.5.5 0 0 1 .5.5V1a.5.5 0 0 1-1 0V.5a.5.5 0 0 1 .5-.5zm9 0a.5.5 0 0 1 .5.5V1a.5.5 0 0 1-1 0V.5a.5.5 0 0 1 .5-.5z"
                      fill-rule="evenodd"
                    ></path>
                  </svg>
                  <div class="col-start-3">
                    <span
                      class="inline-block font-sans text-xs font-normal tracking-normal text-subtle"
                      >Sat, May 7, 2022</span
                    >
                    <span class="text-subtle"
                      ><span>via</span>
                      <span class="font-sans text-xs font-normal text-subtle"
                        >Kindle</span
                      ></span
                    >
                    <span class="font-light tracking-normal text-subtle"
                      >(<span class="rendered-markdown font-light leading-none"
                        ><span
                          ><a
                            href="/reviews/behold-the-void-by-philip-fracassi/"
                            ><em>Behold the Void</em></a
                          >, Lovecraft eZine Press, 2018</span
                        ></span
                      >)</span
                    >
                  </div>
                  <div class="col-start-3 row-start-2">
                    <details class="font-light text-subtle">
                      <summary class="cursor-pointer leading-6">
                        Read over<!-- -->
                        <span class="font-normal text-subtle"
                          >7<!-- -->
                          Days</span
                        >
                      </summary>
                      <ol class="grid w-full grid-cols-[auto,1fr,auto]">
                        <li
                          class="relative col-span-3 grid grid-cols-subgrid grid-rows-[1fr,auto,auto,1fr] py-3"
                        >
                          <div
                            class="col-span-2 col-start-2 row-start-2 grid grid-cols-subgrid"
                          >
                            <div class="">1 May 2022</div>
                            <div
                              class="col-start-3 self-center text-nowrap pb-1 text-right font-sans text-xs text-subtle"
                            >
                              <div class="">50%</div>
                            </div>
                          </div>
                          <div
                            class="col-span-2 col-start-2 row-start-3 bg-subtle"
                          >
                            <div
                              class="progress-bar-bg leading-[6px] tablet:mb-0"
                              style="--bar-percent: 50%"
                            >
                               
                            </div>
                          </div>
                        </li>
                        <li
                          class="relative col-span-3 grid grid-cols-subgrid grid-rows-[1fr,auto,auto,1fr] py-3"
                        >
                          <div
                            class="col-span-2 col-start-2 row-start-2 grid grid-cols-subgrid"
                          >
                            <div class="">7 May 2022</div>
                            <div
                              class="col-start-3 self-center text-nowrap pb-1 text-right font-sans text-xs text-subtle"
                            >
                              <div class="">Finished</div>
                            </div>
                          </div>
                          <div
                            class="col-span-2 col-start-2 row-start-3 bg-subtle"
                          >
                            <div
                              class="progress-bar-bg leading-[6px] tablet:mb-0"
                              style="--bar-percent: 100%"
                            >
                               
                            </div>
                          </div>
                        </li>
                      </ol>
                    </details>
                  </div>
                  <div class="col-span-3 col-start-1 row-start-3 pt-4"></div>
                </li>
              </ul>
            </div>
          </div>
          <div
            class="flex w-full flex-col items-center gap-y-12 bg-subtle pb-32 pt-16 tablet:pt-8 desktop:gap-y-24"
            data-pagefind-ignore="true"
          >
            <nav
              class="relative flex w-full flex-col items-center"
              data-pagefind-ignore="true"
            >
              <div class="relative mx-auto w-full max-w-screen-desktop">
                <div class="px-container">
                  <h2
                    class="py-10 font-sans text-xs font-semibold uppercase tracking-wide text-subtle"
                  >
                    More<!-- -->
                    <a class="text-accent" href="/reviews/">Reviews</a>
                  </h2>
                </div>
                <ul
                  class="flex flex-wrap justify-center gap-x-[4%] gap-y-[6vw] px-[4%] tablet:justify-between tablet:gap-x-[3%] tablet:px-container"
                >
                  <li
                    class="relative flex w-[46%] max-w-[248px] flex-col items-center border-default bg-default tablet:w-[22.75%]"
                  >
                    <img
                      src="/_image?/content%2Fassets%2Fcovers%2Flive-and-let-die-by-ian-fleming.png%3ForigWidth%3D500%26origHeight%3D750%26origFormat%3Dpng&amp;w=248&amp;h=372&amp;q=80&amp;f=avif"
                      srcset="
                        /_image?/content%2Fassets%2Fcovers%2Flive-and-let-die-by-ian-fleming.png%3ForigWidth%3D500%26origHeight%3D750%26origFormat%3Dpng&amp;w=62&amp;q=80&amp;f=avif   62w,
                        /_image?/content%2Fassets%2Fcovers%2Flive-and-let-die-by-ian-fleming.png%3ForigWidth%3D500%26origHeight%3D750%26origFormat%3Dpng&amp;w=124&amp;q=80&amp;f=avif 124w,
                        /_image?/content%2Fassets%2Fcovers%2Flive-and-let-die-by-ian-fleming.png%3ForigWidth%3D500%26origHeight%3D750%26origFormat%3Dpng&amp;w=248&amp;q=80&amp;f=avif 248w,
                        /_image?/content%2Fassets%2Fcovers%2Flive-and-let-die-by-ian-fleming.png%3ForigWidth%3D500%26origHeight%3D750%26origFormat%3Dpng&amp;w=496&amp;q=80&amp;f=avif 496w
                      "
                      height="372"
                      sizes="(max-width: 561px) 46vw, (max-width: 767px) 248px, (max-width: 1186px) calc((100vw - 96px) * 0.2275), 248px"
                      width="248"
                      alt=""
                      decoding="async"
                      loading="lazy"
                      style="aspect-ratio: 0.66666667"
                    />
                    <div
                      class="flex grow flex-col items-center px-[8%] pb-8 pt-3 desktop:pl-[8.5%] desktop:pr-[10%]"
                    >
                      <div class="text-center text-md font-medium leading-6">
                        <a
                          class="z-10 inline-block decoration-2 underline-offset-4 before:absolute before:inset-x-0 before:top-0 before:aspect-cover hover:text-accent hover:underline hover:before:opacity-0 tablet:before:bg-[#fff] tablet:before:opacity-15"
                          href="/reviews/live-and-let-die-by-ian-fleming/"
                          rel="canonical"
                          >Live and Let Die</a
                        >
                      </div>
                      <div
                        class="py-2 text-center font-sans text-xxs font-light uppercase leading-4 tracking-wide text-subtle"
                      >
                        1954<!-- -->
                        |<!-- -->
                        <span class="whitespace-nowrap">Novel</span>
                      </div>
                      <p class="text-center text-base text-subtle">
                        by
                        <!-- -->Ian Fleming
                      </p>
                      <picture
                        ><source
                          media="(prefers-color-scheme: dark)"
                          srcset="/svg/2-stars-dark.svg" />
                        <img
                          alt="D: 2 stars (out of 5)"
                          class="mt-2"
                          height="18"
                          src="/svg/2-stars.svg"
                          width="90"
                      /></picture>
                    </div>
                  </li>
                  <li
                    class="relative flex w-[46%] max-w-[248px] flex-col items-center border-default bg-default tablet:w-[22.75%]"
                  >
                    <img
                      src="/_image?/content%2Fassets%2Fcovers%2Fliving-with-a-seal-by-jesse-itzler.png%3ForigWidth%3D500%26origHeight%3D750%26origFormat%3Dpng&amp;w=248&amp;h=372&amp;q=80&amp;f=avif"
                      srcset="
                        /_image?/content%2Fassets%2Fcovers%2Fliving-with-a-seal-by-jesse-itzler.png%3ForigWidth%3D500%26origHeight%3D750%26origFormat%3Dpng&amp;w=62&amp;q=80&amp;f=avif   62w,
                        /_image?/content%2Fassets%2Fcovers%2Fliving-with-a-seal-by-jesse-itzler.png%3ForigWidth%3D500%26origHeight%3D750%26origFormat%3Dpng&amp;w=124&amp;q=80&amp;f=avif 124w,
                        /_image?/content%2Fassets%2Fcovers%2Fliving-with-a-seal-by-jesse-itzler.png%3ForigWidth%3D500%26origHeight%3D750%26origFormat%3Dpng&amp;w=248&amp;q=80&amp;f=avif 248w,
                        /_image?/content%2Fassets%2Fcovers%2Fliving-with-a-seal-by-jesse-itzler.png%3ForigWidth%3D500%26origHeight%3D750%26origFormat%3Dpng&amp;w=496&amp;q=80&amp;f=avif 496w
                      "
                      height="372"
                      sizes="(max-width: 561px) 46vw, (max-width: 767px) 248px, (max-width: 1186px) calc((100vw - 96px) * 0.2275), 248px"
                      width="248"
                      alt=""
                      decoding="async"
                      loading="lazy"
                      style="aspect-ratio: 0.66666667"
                    />
                    <div
                      class="flex grow flex-col items-center px-[8%] pb-8 pt-3 desktop:pl-[8.5%] desktop:pr-[10%]"
                    >
                      <div class="text-center text-md font-medium leading-6">
                        <a
                          class="z-10 inline-block decoration-2 underline-offset-4 before:absolute before:inset-x-0 before:top-0 before:aspect-cover hover:text-accent hover:underline hover:before:opacity-0 tablet:before:bg-[#fff] tablet:before:opacity-15"
                          href="/reviews/living-with-a-seal-by-jesse-itzler/"
                          rel="canonical"
                          >Living with a SEAL</a
                        >
                      </div>
                      <div
                        class="py-2 text-center font-sans text-xxs font-light uppercase leading-4 tracking-wide text-subtle"
                      >
                        2015<!-- -->
                        |<!-- -->
                        <span class="whitespace-nowrap">Nonfiction</span>
                      </div>
                      <p class="text-center text-base text-subtle">
                        by
                        <!-- -->Jesse Itzler
                      </p>
                    </div>
                  </li>
                  <li
                    class="relative flex w-[46%] max-w-[248px] flex-col items-center border-default bg-default tablet:w-[22.75%]"
                  >
                    <img
                      src="/_image?/content%2Fassets%2Fcovers%2Fmoonraker-by-ian-fleming.png%3ForigWidth%3D500%26origHeight%3D750%26origFormat%3Dpng&amp;w=248&amp;h=372&amp;q=80&amp;f=avif"
                      srcset="
                        /_image?/content%2Fassets%2Fcovers%2Fmoonraker-by-ian-fleming.png%3ForigWidth%3D500%26origHeight%3D750%26origFormat%3Dpng&amp;w=62&amp;q=80&amp;f=avif   62w,
                        /_image?/content%2Fassets%2Fcovers%2Fmoonraker-by-ian-fleming.png%3ForigWidth%3D500%26origHeight%3D750%26origFormat%3Dpng&amp;w=124&amp;q=80&amp;f=avif 124w,
                        /_image?/content%2Fassets%2Fcovers%2Fmoonraker-by-ian-fleming.png%3ForigWidth%3D500%26origHeight%3D750%26origFormat%3Dpng&amp;w=248&amp;q=80&amp;f=avif 248w,
                        /_image?/content%2Fassets%2Fcovers%2Fmoonraker-by-ian-fleming.png%3ForigWidth%3D500%26origHeight%3D750%26origFormat%3Dpng&amp;w=496&amp;q=80&amp;f=avif 496w
                      "
                      height="372"
                      sizes="(max-width: 561px) 46vw, (max-width: 767px) 248px, (max-width: 1186px) calc((100vw - 96px) * 0.2275), 248px"
                      width="248"
                      alt=""
                      decoding="async"
                      loading="lazy"
                      style="aspect-ratio: 0.66666667"
                    />
                    <div
                      class="flex grow flex-col items-center px-[8%] pb-8 pt-3 desktop:pl-[8.5%] desktop:pr-[10%]"
                    >
                      <div class="text-center text-md font-medium leading-6">
                        <a
                          class="z-10 inline-block decoration-2 underline-offset-4 before:absolute before:inset-x-0 before:top-0 before:aspect-cover hover:text-accent hover:underline hover:before:opacity-0 tablet:before:bg-[#fff] tablet:before:opacity-15"
                          href="/reviews/moonraker-by-ian-fleming/"
                          rel="canonical"
                          >Moonraker</a
                        >
                      </div>
                      <div
                        class="py-2 text-center font-sans text-xxs font-light uppercase leading-4 tracking-wide text-subtle"
                      >
                        1955<!-- -->
                        |<!-- -->
                        <span class="whitespace-nowrap">Novel</span>
                      </div>
                      <p class="text-center text-base text-subtle">
                        by
                        <!-- -->Ian Fleming
                      </p>
                      <picture
                        ><source
                          media="(prefers-color-scheme: dark)"
                          srcset="/svg/4-stars-dark.svg" />
                        <img
                          alt="B: 4 stars (out of 5)"
                          class="mt-2"
                          height="18"
                          src="/svg/4-stars.svg"
                          width="90"
                      /></picture>
                    </div>
                  </li>
                  <li
                    class="relative flex w-[46%] max-w-[248px] flex-col items-center border-default bg-default tablet:w-[22.75%]"
                  >
                    <img
                      src="/_image?/content%2Fassets%2Fcovers%2Fbehold-the-void-by-philip-fracassi.png%3ForigWidth%3D500%26origHeight%3D750%26origFormat%3Dpng&amp;w=248&amp;h=372&amp;q=80&amp;f=avif"
                      srcset="
                        /_image?/content%2Fassets%2Fcovers%2Fbehold-the-void-by-philip-fracassi.png%3ForigWidth%3D500%26origHeight%3D750%26origFormat%3Dpng&amp;w=62&amp;q=80&amp;f=avif   62w,
                        /_image?/content%2Fassets%2Fcovers%2Fbehold-the-void-by-philip-fracassi.png%3ForigWidth%3D500%26origHeight%3D750%26origFormat%3Dpng&amp;w=124&amp;q=80&amp;f=avif 124w,
                        /_image?/content%2Fassets%2Fcovers%2Fbehold-the-void-by-philip-fracassi.png%3ForigWidth%3D500%26origHeight%3D750%26origFormat%3Dpng&amp;w=248&amp;q=80&amp;f=avif 248w,
                        /_image?/content%2Fassets%2Fcovers%2Fbehold-the-void-by-philip-fracassi.png%3ForigWidth%3D500%26origHeight%3D750%26origFormat%3Dpng&amp;w=496&amp;q=80&amp;f=avif 496w
                      "
                      height="372"
                      sizes="(max-width: 561px) 46vw, (max-width: 767px) 248px, (max-width: 1186px) calc((100vw - 96px) * 0.2275), 248px"
                      width="248"
                      alt=""
                      decoding="async"
                      loading="lazy"
                      style="aspect-ratio: 0.66666667"
                    />
                    <div
                      class="flex grow flex-col items-center px-[8%] pb-8 pt-3 desktop:pl-[8.5%] desktop:pr-[10%]"
                    >
                      <div class="text-center text-md font-medium leading-6">
                        <a
                          class="z-10 inline-block decoration-2 underline-offset-4 before:absolute before:inset-x-0 before:top-0 before:aspect-cover hover:text-accent hover:underline hover:before:opacity-0 tablet:before:bg-[#fff] tablet:before:opacity-15"
                          href="/reviews/mother-by-philip-fracassi/"
                          rel="canonical"
                          >Mother</a
                        >
                      </div>
                      <div
                        class="py-2 text-center font-sans text-xxs font-light uppercase leading-4 tracking-wide text-subtle"
                      >
                        2015<!-- -->
                        |<!-- -->
                        <span class="whitespace-nowrap">Short Story</span>
                      </div>
                      <p class="text-center text-base text-subtle">
                        by
                        <!-- -->Philip Fracassi
                      </p>
                      <picture
                        ><source
                          media="(prefers-color-scheme: dark)"
                          srcset="/svg/3-half-stars-dark.svg" />
                        <img
                          alt="B-: 3.5 stars (out of 5)"
                          class="mt-2"
                          height="18"
                          src="/svg/3-half-stars.svg"
                          width="90"
                      /></picture>
                    </div>
                  </li>
                </ul>
              </div>
            </nav>
          </div>
          <script type="application/ld+json">
            {
              "@context": "http://schema.org",
              "@type": "Review",
              "author": { "@type": "Person", "name": "Frank Showalter" },
              "itemReviewed": {
                "@type": "Book",
                "image": "/_image?/content%2Fassets%2Fcovers%2Fbehold-the-void-by-philip-fracassi.png%3ForigWidth%3D500%26origHeight%3D750%26origFormat%3Dpng&w=500&h=750&q=80&f=jpeg",
                "name": "Mandala"
              },
              "reviewRating": { "@type": "Rating", "ratingValue": 4 }
            }
          </script>
        </main>
        <footer
          class="flex flex-wrap items-start justify-between gap-[10%] bg-footer px-container py-20 text-inverse tablet:px-12 tablet:pt-10 desktop:p-20"
        >
          <div class="flex flex-col pb-12">
            <div class="flex flex-col">
              <div
                class="whitespace-nowrap font-normal leading-8"
                style="font-size: 1.5625rem"
              >
                <a href="/">Frank&#x27;s Book Log</a>
              </div>
              <p class="w-full pl-px text-sm italic leading-4 opacity-85">
                Literature is a relative term.
              </p>
            </div>
          </div>
          <div
            class="flex flex-col gap-20 pb-20 pt-10 tablet:basis-1/2 tablet:pt-20"
          >
            <ul class="flex w-full flex-col gap-y-10 text-inverse max:w-auto">
              <li class="block w-1/2 whitespace-nowrap text-2xl">
                <a class="hover:text-accent" href="/">Home</a>
              </li>
              <li class="block w-1/2 whitespace-nowrap text-2xl">
                <a class="hover:text-accent" href="/how-i-grade/"
                  >How I Grade</a
                >
              </li>
              <li class="block w-1/2 whitespace-nowrap text-2xl">
                <a class="hover:text-accent" href="/reviews/">Reviews</a>
              </li>
              <li class="block w-1/2 whitespace-nowrap text-2xl">
                <a class="hover:text-accent" href="/readings/">Reading Log</a>
                <ol class="mt-4">
                  <li
                    class="mb-2 font-sans text-xs uppercase tracking-wide text-inverse-subtle"
                  >
                    <a class="hover:text-inverse" href="/readings/stats/"
                      >Stats</a
                    >
                  </li>
                </ol>
              </li>
              <li class="block w-1/2 whitespace-nowrap text-2xl">
                <a class="hover:text-accent" href="/authors/">Authors</a>
              </li>
              <li class="block w-1/2 whitespace-nowrap text-2xl">
                <a class="hover:text-accent" href="/shelf/">Shelf</a>
              </li>
            </ul>
            <a
              class="mb-8 w-full max-w-button bg-canvas py-5 text-center font-sans text-xs uppercase tracking-wide text-default hover:bg-inverse hover:text-inverse"
              href="#top"
              >To the top</a
            >
            <p class="w-full font-normal leading-5 text-inverse-subtle">
              All covers used in accordance with the<!-- -->
              <a
                class="text-inherit underline decoration-2 underline-offset-4 hover:bg-default hover:text-default"
                href="http://www.copyright.gov/title17/92chap1.html#107"
                >Fair Use Law.</a
              >
            </p>
          </div>
        </footer>
      </div>
    </div>
    <dialog
      aria-label="Search"
      class="relative m-0 h-screen max-h-none w-screen max-w-unset border border-default bg-subtle shadow-lg open:flex open:flex-col tablet:mx-auto tablet:mt-16 tablet:h-min tablet:max-h-[min(100vh_-_128px,900px)] tablet:min-h-60 tablet:max-w-[min(100vw_-_64px,36rem)] tablet:rounded-xl desktop:min-h-0"
    >
      <div class="contents" data-dialog-frame>
        <button
          class="px-4 font-sans text-sm hover:text-accent focus:outline-accent"
          data-close-modal
        >
          Cancel
        </button>
        <div class="contents"><div id="pagefind__search"></div></div>
        <div
          class="hidden px-[var(--search-dialog-padding)] py-4 font-sans text-xs font-light tracking-wide text-subtle desktop:block"
        >
          <kbd class="rounded-md bg-default p-2 font-mono text-xs text-subtle"
            >Tab</kbd
          >
          to navigate
          <kbd
            class="ml-4 rounded-md bg-default p-2 font-mono text-xs text-subtle"
            >ESC</kbd
          >
          to close
        </div>
      </div>
    </dialog>
    <script>
      (() => {
        const openBtn = document.querySelector("button[data-open-modal]");
        if (!openBtn) return;
        if (/(Mac|iPhone|iPod|iPad)/i.test(navigator.platform)) {
          openBtn.setAttribute("aria-keyshortcuts", "Meta+K");
          openBtn.setAttribute("title", `Search: ⌘K`);
        }
      })();
    </script>
  </body>
</html>
