<!doctype html>
<html lang="en">
  <head>
    <meta charset="utf-8" />
    <meta content="width=device-width" name="viewport" />
    <link
      href="https://www.franksbooklog.com/authors/arnold-schwarzenegger/"
      rel="canonical"
    />
    <link href="/favicon.ico" rel="icon" sizes="48x48" />
    <link href="/favicon.svg" rel="icon" sizes="any" type="image/svg+xml" />
    <link href="/apple-touch-icon.png" rel="apple-touch-icon" />
    <link href="/site.webmanifest" rel="manifest" />
    <link href="/sitemap-index.xml" rel="sitemap" />
    <meta
      content="Reviews of books and stories written by Arnold Schwarzenegger. Sort reviews by best or worst, newest or oldest. Filter by year, kind, or title."
      name="description"
    />
    <meta
      content="#f2f0e8"
      media="(prefers-color-scheme: light)"
      name="theme-color"
    />
    <meta
      content="#484745"
      media="(prefers-color-scheme: dark)"
      name="theme-color"
    />
    <link
      href="https://www.franksbooklog.com/feed.xml"
      rel="alternate"
      title="Frank's Book Log"
      type="application/rss+xml"
    />
    <meta
      content="https://www.franksbooklog.com/authors/arnold-schwarzenegger/og.jpg"
      property="og:image"
    />
    <meta
      content="https://www.franksbooklog.com/authors/arnold-schwarzenegger/"
      property="og:url"
    />
    <meta
      content="Arnold Schwarzenegger book &#38; story reviews"
      property="og:title"
    />
    <meta content="Author of 1 reviewed work." property="og:description" />
    <meta content="website" property="og:type" />
    <title>
      Arnold Schwarzenegger book &amp; story reviews - Frank&#39;s Book Log
    </title>
  </head>
  <body>
    <style>
      astro-island,
      astro-slot,
      astro-static-slot {
        display: contents;
      }
    </style>
    <script>
      (() => {
        var e = async (t) => {
          await (
            await t()
          )();
        };
        (self.Astro || (self.Astro = {})).load = e;
        window.dispatchEvent(new Event("astro:load"));
      })();
    </script>
    <script>
      (() => {
        var A = Object.defineProperty;
        var g = (i, o, a) =>
          o in i
            ? A(i, o, {
                enumerable: !0,
                configurable: !0,
                writable: !0,
                value: a,
              })
            : (i[o] = a);
        var d = (i, o, a) => g(i, typeof o != "symbol" ? o + "" : o, a);
        {
          let i = {
              0: (t) => m(t),
              1: (t) => a(t),
              2: (t) => new RegExp(t),
              3: (t) => new Date(t),
              4: (t) => new Map(a(t)),
              5: (t) => new Set(a(t)),
              6: (t) => BigInt(t),
              7: (t) => new URL(t),
              8: (t) => new Uint8Array(t),
              9: (t) => new Uint16Array(t),
              10: (t) => new Uint32Array(t),
              11: (t) => (1 / 0) * t,
            },
            o = (t) => {
              let [l, e] = t;
              return l in i ? i[l](e) : void 0;
            },
            a = (t) => t.map(o),
            m = (t) =>
              typeof t != "object" || t === null
                ? t
                : Object.fromEntries(
                    Object.entries(t).map(([l, e]) => [l, o(e)]),
                  );
          class y extends HTMLElement {
            constructor() {
              super(...arguments);
              d(this, "Component");
              d(this, "hydrator");
              d(this, "hydrate", async () => {
                var b;
                if (!this.hydrator || !this.isConnected) return;
                let e =
                  (b = this.parentElement) == null
                    ? void 0
                    : b.closest("astro-island[ssr]");
                if (e) {
                  e.addEventListener("astro:hydrate", this.hydrate, {
                    once: !0,
                  });
                  return;
                }
                let c = this.querySelectorAll("astro-slot"),
                  n = {},
                  h = this.querySelectorAll("template[data-astro-template]");
                for (let r of h) {
                  let s = r.closest(this.tagName);
                  s != null &&
                    s.isSameNode(this) &&
                    ((n[r.getAttribute("data-astro-template") || "default"] =
                      r.innerHTML),
                    r.remove());
                }
                for (let r of c) {
                  let s = r.closest(this.tagName);
                  s != null &&
                    s.isSameNode(this) &&
                    (n[r.getAttribute("name") || "default"] = r.innerHTML);
                }
                let p;
                try {
                  p = this.hasAttribute("props")
                    ? m(JSON.parse(this.getAttribute("props")))
                    : {};
                } catch (r) {
                  let s = this.getAttribute("component-url") || "<unknown>",
                    v = this.getAttribute("component-export");
                  throw (
                    (v && (s += ` (export ${v})`),
                    console.error(
                      `[hydrate] Error parsing props for component ${s}`,
                      this.getAttribute("props"),
                      r,
                    ),
                    r)
                  );
                }
                let u;
                await this.hydrator(this)(this.Component, p, n, {
                  client: this.getAttribute("client"),
                }),
                  this.removeAttribute("ssr"),
                  this.dispatchEvent(new CustomEvent("astro:hydrate"));
              });
              d(this, "unmount", () => {
                this.isConnected ||
                  this.dispatchEvent(new CustomEvent("astro:unmount"));
              });
            }
            disconnectedCallback() {
              document.removeEventListener("astro:after-swap", this.unmount),
                document.addEventListener("astro:after-swap", this.unmount, {
                  once: !0,
                });
            }
            connectedCallback() {
              if (
                !this.hasAttribute("await-children") ||
                document.readyState === "interactive" ||
                document.readyState === "complete"
              )
                this.childrenConnectedCallback();
              else {
                let e = () => {
                    document.removeEventListener("DOMContentLoaded", e),
                      c.disconnect(),
                      this.childrenConnectedCallback();
                  },
                  c = new MutationObserver(() => {
                    var n;
                    ((n = this.lastChild) == null ? void 0 : n.nodeType) ===
                      Node.COMMENT_NODE &&
                      this.lastChild.nodeValue === "astro:end" &&
                      (this.lastChild.remove(), e());
                  });
                c.observe(this, { childList: !0 }),
                  document.addEventListener("DOMContentLoaded", e);
              }
            }
            async childrenConnectedCallback() {
              let e = this.getAttribute("before-hydration-url");
              e && (await import(e)), this.start();
            }
            async start() {
              let e = JSON.parse(this.getAttribute("opts")),
                c = this.getAttribute("client");
              if (Astro[c] === void 0) {
                window.addEventListener(`astro:${c}`, () => this.start(), {
                  once: !0,
                });
                return;
              }
              try {
                await Astro[c](
                  async () => {
                    let n = this.getAttribute("renderer-url"),
                      [h, { default: p }] = await Promise.all([
                        import(this.getAttribute("component-url")),
                        n ? import(n) : () => () => {},
                      ]),
                      u = this.getAttribute("component-export") || "default";
                    if (!u.includes(".")) this.Component = h[u];
                    else {
                      this.Component = h;
                      for (let f of u.split("."))
                        this.Component = this.Component[f];
                    }
                    return (this.hydrator = p), this.hydrate;
                  },
                  e,
                  this,
                );
              } catch (n) {
                console.error(
                  `[astro-island] Error hydrating ${this.getAttribute("component-url")}`,
                  n,
                );
              }
            }
            attributeChangedCallback() {
              this.hydrate();
            }
          }
          d(y, "observedAttributes", ["props"]),
            customElements.get("astro-island") ||
              customElements.define("astro-island", y);
        }
      })();
    </script>
    <astro-island
      uid="1nD9Cy"
      prefix="r1"
      component-url="~/components/Author/Author"
      component-export="Author"
      renderer-url="@astrojs/react/client.js"
      props='{"avatarImageProps":[0],"deck":[0,"Author of 1 reviewed work."],"distinctKinds":[1,[[0,"Nonfiction"]]],"distinctPublishedYears":[1,[[0,"2012"]]],"initialSort":[0,"year-published-asc"],"name":[0,"Arnold Schwarzenegger"],"works":[1,[[0,{"coverImageProps":[0,{"src":[0,"/_image/?href=%2Fcontent%2Fassets%2Fcovers%2Ftotal-recall-by-arnold-schwarzenegger.png%3ForigWidth%3D500%26origHeight%3D750%26origFormat%3Dpng&amp;w=80&amp;h=113&amp;q=80&amp;f=avif"],"srcSet":[0,"/_image/?href=%2Fcontent%2Fassets%2Fcovers%2Ftotal-recall-by-arnold-schwarzenegger.png%3ForigWidth%3D500%26origHeight%3D750%26origFormat%3Dpng&amp;w=20&amp;h=28&amp;q=80&amp;f=avif 20w, /_image/?href=%2Fcontent%2Fassets%2Fcovers%2Ftotal-recall-by-arnold-schwarzenegger.png%3ForigWidth%3D500%26origHeight%3D750%26origFormat%3Dpng&amp;w=40&amp;h=57&amp;q=80&amp;f=avif 40w, /_image/?href=%2Fcontent%2Fassets%2Fcovers%2Ftotal-recall-by-arnold-schwarzenegger.png%3ForigWidth%3D500%26origHeight%3D750%26origFormat%3Dpng&amp;w=80&amp;h=113&amp;q=80&amp;f=avif 80w, /_image/?href=%2Fcontent%2Fassets%2Fcovers%2Ftotal-recall-by-arnold-schwarzenegger.png%3ForigWidth%3D500%26origHeight%3D750%26origFormat%3Dpng&amp;w=160&amp;h=226&amp;q=80&amp;f=avif 160w"]}],"grade":[0,"C+"],"gradeValue":[0,7],"kind":[0,"Nonfiction"],"otherAuthors":[1,[]],"slug":[0,"total-recall-by-arnold-schwarzenegger"],"sortTitle":[0,"Total Recall: My Unbelievably True Life Story"],"title":[0,"Total Recall"],"yearPublished":[0,"2012"]}]]]}'
      ssr
      client="load"
      before-hydration-url="astro:scripts/before-hydration.js"
      opts='{"name":"Author","value":true}'
      await-children
      ><div>
        <a
          class="absolute left-1/2 top-0.5 z-50 mx-auto bg-subtle px-6 py-2 text-center text-accent [transform:translate(-50%,calc(-100%_-_2px))] focus:[transform:translate(-50%,0%)]"
          href="#content"
          >Skip to content</a
        >
        <div class="flex min-h-full w-full flex-col bg-default">
          <header
            class="z-20 flex w-full items-center justify-between px-container py-4 tablet:p-6 desktop:inset-x-0 desktop:z-40 desktop:flex-row desktop:flex-wrap desktop:px-16 desktop:py-8 desktop:text-left"
            style="
              background-image: unset;
              color: var(--fg-default);
              position: absolute;
            "
          >
            <div class="flex flex-col">
              <div
                class="whitespace-nowrap text-[1.375rem] font-normal leading-8 tablet:text-[1.5625rem]"
              >
                <a href="/">Frank&#x27;s Book Log</a>
              </div>
              <p class="w-full pl-px text-sm italic leading-4 opacity-85">
                by Frank Showalter
              </p>
            </div>
            <div class="flex items-center">
              <nav class="hidden w-full desktop:block desktop:w-auto">
                <ul class="flex flex-wrap justify-start gap-x-6 text-xl">
                  <li
                    class="mast-item block whitespace-nowrap tracking-serif-wide"
                  >
                    <a
                      class="text-inherit transition-all duration-500 ease-in-out hover:text-accent"
                      href="/"
                      style="text-shadow: unset"
                      >Home</a
                    >
                  </li>
                  <li
                    class="mast-item block whitespace-nowrap tracking-serif-wide"
                  >
                    <a
                      class="text-inherit transition-all duration-500 ease-in-out hover:text-accent"
                      href="/how-i-grade/"
                      style="text-shadow: unset"
                      >How I Grade</a
                    >
                  </li>
                  <li
                    class="mast-item block whitespace-nowrap tracking-serif-wide"
                  >
                    <a
                      class="text-inherit transition-all duration-500 ease-in-out hover:text-accent"
                      href="/reviews/"
                      style="text-shadow: unset"
                      >Reviews</a
                    >
                  </li>
                  <li
                    class="mast-item block whitespace-nowrap tracking-serif-wide"
                  >
                    <a
                      class="text-inherit transition-all duration-500 ease-in-out hover:text-accent"
                      href="/authors/"
                      style="text-shadow: unset"
                      >Authors</a
                    >
                  </li>
                  <li
                    class="mast-item block whitespace-nowrap tracking-serif-wide"
                  >
                    <a
                      class="text-inherit transition-all duration-500 ease-in-out hover:text-accent"
                      href="/readings/"
                      style="text-shadow: unset"
                      >Reading Log</a
                    >
                  </li>
                </ul>
              </nav>
              <div class="search-button z-[1000]">
                <button
                  aria-keyshortcuts="Control+K"
                  aria-label="Search"
                  class="flex size-10 items-center justify-center overflow-hidden text-sm leading-6 ring-default desktop:ml-6"
                  data-open-modal="true"
                  disabled=""
                  title="Search: Control+K"
                  type="button"
                >
                  <svg
                    class="size-7"
                    fill="none"
                    stroke="currentColor"
                    stroke-width="1.5"
                    viewBox="0 0 24 24"
                    xmlns="http://www.w3.org/2000/svg"
                  >
                    <path
                      d="m21 21-5.197-5.197m0 0A7.5 7.5 0 1 0 5.196 5.196a7.5 7.5 0 0 0 10.607 10.607Z"
                      stroke-linecap="round"
                      stroke-linejoin="round"
                    ></path>
                  </svg>
                </button>
              </div>
              <input class="hidden" id="mobile-nav" type="checkbox" /><label
                class="hamburger-icon desktop:hidden"
                for="mobile-nav"
                ><span
                  class="hamburger-icon-bars"
                  style="background-color: var(--fg-default)"
                ></span
              ></label>
              <ul
                class="hamburger-menu flex flex-col items-start gap-y-5 text-left text-inverse desktop:hidden"
              >
                <li class="block w-1/2 whitespace-nowrap text-2xl">
                  <a href="/">Home</a>
                </li>
                <li class="block w-1/2 whitespace-nowrap text-2xl">
                  <a href="/how-i-grade/">How I Grade</a>
                </li>
                <li class="block w-1/2 whitespace-nowrap text-2xl">
                  <a href="/reviews/">Reviews</a>
                </li>
                <li class="block w-1/2 whitespace-nowrap text-2xl">
                  <a href="/authors/">Authors</a>
                </li>
                <li class="block w-1/2 whitespace-nowrap text-2xl">
                  <a href="/readings/">Reading Log</a>
                  <ol class="mt-4">
                    <li
                      class="mb-4 ml-1 font-sans text-xs uppercase tracking-wider text-inverse-subtle last:mb-0"
                    >
                      <a href="/readings/stats/">Stats</a>
                    </li>
                  </ol>
                </li>
              </ul>
            </div>
          </header>
          <main class="grow bg-subtle" id="content" data-pagefind-body="true">
            <header
              class="min-h-[clamp(340px,50vh,1350px)] relative flex w-full flex-col content-start items-center justify-end gap-6 bg-canvas pt-40 tablet:pt-40 desktop:pb-16 desktop:pt-40"
            >
              <div
                class="items-center z-10 mx-auto flex w-full max-w-screen-max px-container flex-col py-8 tablet:pb-10 tablet:pt-20 desktop:py-0"
              >
                <p
                  class="mb-6 font-sans text-sm uppercase tracking-wide text-subtle"
                >
                  <a class="text-accent" href="/authors/">Authors</a>
                </p>
                <div
                  class="safari-border-radius-fix mx-auto mb-6 w-4/5 max-w-[250px] overflow-hidden rounded-full"
                >
                  <div>
                    <svg
                      fill="var(--bg-avatar-default)"
                      viewBox="0 0 16 16"
                      width="100%"
                      xmlns="http://www.w3.org/2000/svg"
                    >
                      <path
                        clip-rule="evenodd"
                        d="M16 8A8 8 0 110 8a8 8 0 0116 0zm-6-3a2 2 0 11-4 0 2 2 0 014 0zM8 9a5 5 0 00-4.546 2.916A5.986 5.986 0 008 14a5.986 5.986 0 004.546-2.084A5 5 0 008 9z"
                        fill-rule="evenodd"
                      ></path>
                    </svg>
                  </div>
                </div>
                <h1
                  class="font-sans text-center text-3xl font-bold uppercase tracking-widest tablet:text-4xl tablet-landscape:text-5xl desktop:text-7xl"
                >
                  Arnold Schwarzenegger
                </h1>
                <p
                  class="mt-1 text-base desktop:my-4 desktop:text-xl text-center text-subtle"
                >
                  Author of 1 reviewed work.
                </p>
              </div>
            </header>
            <div class="mx-auto flex flex-col items-center bg-default">
              <div class="mx-auto flex w-full flex-col items-stretch">
                <div class="flex grow flex-col bg-subtle">
                  <div class="relative tablet:px-12 tablet-landscape:px-0">
                    <div
                      class="relative z-10 row-start-1 bg-default text-xs tablet:-mx-12 tablet:px-0 tablet-landscape:col-span-3 tablet-landscape:mx-0 tablet-landscape:w-full"
                    >
                      <div
                        class="mx-auto flex w-full max-w-screen-max flex-wrap items-baseline justify-between gap-x-4 gap-y-5 px-container py-10 font-sans font-medium uppercase tracking-wide text-subtle"
                      >
                        <span class="block pr-4"
                          ><span class="font-semibold text-default">1</span>
                          <!-- -->Results</span
                        ><button
                          class="ml-auto flex justify-center gap-x-4 text-nowrap px-4 py-2 uppercase text-muted shadow-all tablet-landscape:hidden"
                          style="background-color: var(--bg-canvas)"
                        >
                          Filter &amp; Sort
                        </button>
                      </div>
                    </div>
                    <div
                      class="mx-auto max-w-screen-max grid-cols-[1fr_48px_minmax(398px,33%)] tablet-landscape:grid tablet-landscape:grid-rows-[auto_1fr]"
                    >
                      <div
                        class="relative z-10 col-start-3 row-span-2 row-start-2 grid min-w-[320px] text-sm transition-[grid-template-rows] duration-300 ease-in-out tablet-landscape:mr-12 tablet-landscape:block tablet-landscape:py-24 tablet-landscape:pb-12 tablet-landscape:shadow-none desktop:mr-20"
                        style="grid-template-rows: 0fr"
                      >
                        <div class="overflow-hidden">
                          <div
                            class="w-full bg-subtle text-sm tablet:pt-12 tablet:text-base tablet-landscape:overflow-visible tablet-landscape:bg-default tablet-landscape:px-container tablet-landscape:pt-0 desktop:px-8"
                          >
                            <fieldset
                              class="flex flex-col gap-8 bg-group px-container py-10 tablet:bg-default tablet-landscape:mt-0 tablet-landscape:gap-12 tablet-landscape:px-0"
                            >
                              <legend
                                class="hidden w-full py-10 font-sans text-xs font-bold uppercase tracking-wide text-subtle tablet-landscape:block tablet-landscape:shadow-bottom"
                              >
                                Filter &amp; Sort
                              </legend>
                              <label class="flex flex-col text-subtle"
                                ><span
                                  class="inline-block h-6 text-left font-sans text-xxs uppercase leading-none tracking-wide text-subtle"
                                  >Title</span
                                ><input
                                  class="border-0 bg-default px-4 py-2 text-base text-default shadow-all placeholder:text-default placeholder:opacity-50"
                                  placeholder="Enter all or part of a title"
                                  type="text"
                              /></label>
                              <fieldset class="text-subtle">
                                <legend
                                  class="inline-block h-6 text-left font-sans text-xxs uppercase leading-none tracking-wide text-subtle"
                                >
                                  Work Year
                                </legend>
                                <div class="flex items-baseline">
                                  <label
                                    class="flex flex-1 items-center gap-x-[.5ch]"
                                    ><span
                                      class="min-w-10 text-left text-sm tracking-serif-wide"
                                      >From</span
                                    ><select
                                      class="select-background-image w-full appearance-none border-none bg-default py-2 pl-4 pr-8 text-base leading-6 text-subtle shadow-all outline-accent"
                                    >
                                      <option value="2012" selected="">
                                        2012
                                      </option>
                                    </select></label
                                  ><label class="flex flex-1 items-center"
                                    ><span
                                      class="min-w-10 text-center text-sm tracking-serif-wide"
                                      >to</span
                                    ><select
                                      class="select-background-image w-full appearance-none border-none bg-default py-2 pl-4 pr-8 text-base leading-6 text-subtle shadow-all outline-accent"
                                    >
                                      <option value="2012" selected="">
                                        2012
                                      </option>
                                    </select></label
                                  >
                                </div>
                              </fieldset>
                              <label class="flex flex-col"
                                ><span
                                  class="inline-block h-6 text-left font-sans text-xxs uppercase leading-none tracking-wide text-subtle"
                                  >Kind</span
                                ><select
                                  class="select-background-image w-full appearance-none border-none bg-default py-2 pl-4 pr-8 text-base leading-6 text-subtle shadow-all outline-accent"
                                >
                                  <option value="All">All</option>
                                  <option value="Nonfiction">Nonfiction</option>
                                </select></label
                              ><label class="flex flex-col"
                                ><span
                                  class="inline-block h-6 text-left font-sans text-xxs uppercase leading-none tracking-wide text-subtle"
                                  >Order By</span
                                ><select
                                  class="select-background-image w-full appearance-none border-none bg-default py-2 pl-4 pr-8 text-base leading-6 text-subtle shadow-all outline-accent"
                                >
                                  <option value="year-published-desc">
                                    Work Year (Newest First)
                                  </option>
                                  <option
                                    value="year-published-asc"
                                    selected=""
                                  >
                                    Work Year (Oldest First)
                                  </option>
                                  <option value="title-asc">
                                    Title (A → Z)
                                  </option>
                                  <option value="title-desc">
                                    Title (Z → A)
                                  </option>
                                  <option value="grade-desc">
                                    Grade (Best First)
                                  </option>
                                  <option value="grade-asc">
                                    Grade (Worst First)
                                  </option>
                                </select></label
                              >
                            </fieldset>
                          </div>
                        </div>
                      </div>
                      <div
                        class="col-start-1 row-start-2 pb-10 tablet-landscape:pl-12 desktop:pl-20"
                      >
                        <ol data-testid="list">
                          <li class="block">
                            <div class="pt-0 text-md" style="z-index: 1">
                              <div
                                class="max-w-screen-max bg-subtle px-container py-8 text-xl leading-8 tablet:px-4"
                              >
                                2012
                              </div>
                            </div>
                            <div class="bg-subtle">
                              <ol>
                                <li
                                  class="bg-default relative mb-1 flex max-w-screen-max flex-row gap-x-4 px-container py-4 last-of-type:mb-0 tablet:gap-x-6 tablet:px-4 desktop:px-6 has-[a:hover]:bg-stripe has-[a:hover]:shadow-hover"
                                >
                                  <div class="w-list-item-cover shrink-0">
                                    <img
                                      src="/_image/?href=%2Fcontent%2Fassets%2Fcovers%2Ftotal-recall-by-arnold-schwarzenegger.png%3ForigWidth%3D500%26origHeight%3D750%26origFormat%3Dpng&amp;w=80&amp;h=113&amp;q=80&amp;f=avif"
                                      srcset="
                                        /_image/?href=%2Fcontent%2Fassets%2Fcovers%2Ftotal-recall-by-arnold-schwarzenegger.png%3ForigWidth%3D500%26origHeight%3D750%26origFormat%3Dpng&amp;w=20&amp;h=28&amp;q=80&amp;f=avif    20w,
                                        /_image/?href=%2Fcontent%2Fassets%2Fcovers%2Ftotal-recall-by-arnold-schwarzenegger.png%3ForigWidth%3D500%26origHeight%3D750%26origFormat%3Dpng&amp;w=40&amp;h=57&amp;q=80&amp;f=avif    40w,
                                        /_image/?href=%2Fcontent%2Fassets%2Fcovers%2Ftotal-recall-by-arnold-schwarzenegger.png%3ForigWidth%3D500%26origHeight%3D750%26origFormat%3Dpng&amp;w=80&amp;h=113&amp;q=80&amp;f=avif   80w,
                                        /_image/?href=%2Fcontent%2Fassets%2Fcovers%2Ftotal-recall-by-arnold-schwarzenegger.png%3ForigWidth%3D500%26origHeight%3D750%26origFormat%3Dpng&amp;w=160&amp;h=226&amp;q=80&amp;f=avif 160w
                                      "
                                      alt=""
                                      height="113"
                                      sizes="(max-width: 767px) 64px, (max-width: 1279px) 76px, 80px"
                                      width="80"
                                      class="aspect-cover"
                                      decoding="async"
                                      loading="lazy"
                                    />
                                  </div>
                                  <div
                                    class="flex grow flex-col items-start tablet:w-full tablet:pr-4"
                                  >
                                    <a
                                      class="block font-sans text-sm font-medium text-accent before:absolute before:left-[var(--container-padding)] before:top-4 before:aspect-cover before:w-list-item-cover before:bg-default before:opacity-15 after:absolute after:left-0 after:top-0 after:z-10 after:size-full after:bg-accent after:opacity-0 hover:before:opacity-0 tablet:before:left-4 desktop:before:left-6"
                                      href="/reviews/total-recall-by-arnold-schwarzenegger/"
                                      >Total Recall</a
                                    >
                                    <div class="mt-1 tablet:mt-2">
                                      <div
                                        class="font-sans text-xs font-light leading-4 text-subtle"
                                      >
                                        <span
                                          >Nonfiction<!-- -->
                                          | </span
                                        >2012
                                      </div>
                                    </div>
                                    <picture
                                      ><source
                                        media="(prefers-color-scheme: dark)"
                                        srcset="/svg/3-stars-dark.svg" />
                                      <img
                                        alt="C+: 3 stars (out of 5)"
                                        class="mt-2 tablet:mt-3"
                                        height="16"
                                        src="/svg/3-stars.svg"
                                        width="80"
                                    /></picture>
                                  </div>
                                </li>
                              </ol>
                            </div>
                          </li>
                        </ol>
                        <div
                          class="flex flex-col items-center px-container py-10"
                        ></div>
                      </div>
                    </div>
                  </div>
                </div>
              </div>
            </div>
          </main>
          <footer class="bg-canvas">
            <div class="mx-auto max-w-screen-desktop px-container py-20">
              <div
                class="flex w-full flex-col tablet:flex-row-reverse tablet:justify-between"
              >
                <a
                  class="mx-auto mb-8 w-full max-w-button bg-footer py-5 text-center font-sans text-xs uppercase tracking-wide text-inverse hover:bg-subtle hover:text-default tablet:mx-0"
                  href="#top"
                  >To the top</a
                >
                <div class="flex flex-col">
                  <div
                    class="whitespace-nowrap text-[1.375rem] font-normal leading-8 tablet:text-[1.5625rem]"
                  >
                    <a href="/">Frank&#x27;s Book Log</a>
                  </div>
                  <p class="w-full pl-px text-sm italic leading-4 opacity-85">
                    by Frank Showalter
                  </p>
                </div>
              </div>
              <div class="justify-between tablet:flex">
                <div class="flex max-w-prose flex-col pb-12 tablet:pr-32">
                  <div
                    class="footer-text pt-10 font-sans text-base font-light text-subtle"
                  >
                    <p>
                      Hi there, I&#x27;m Frank, a husband and father old enough
                      to have read Stephen King&#x27;s
                      <em>The Dark Half</em> during its first printing.
                    </p>
                    <p>
                      This site began in 2012, when I realized I&#x27;d
                      accumulated more books than I could ever hope to finish.
                      Worse still, I had books I thought I&#x27;d read but
                      couldn&#x27;t remember. Clearly, I needed a system.
                    </p>
                    <p>
                      What started on Goodreads evolved into this little corner
                      of the internet where I share my thoughts on what
                      I&#x27;ve read.
                    </p>
                    <p>
                      New visitors might want to start by reading about<!-- -->
                      <a href="/how-i-grade/">how I grade</a>. After that, feel
                      free to browse my <a href="/reviews/">reviews</a>, which
                      are also indexed <a href="/authors/">by author</a>.
                    </p>
                    <p>
                      I also keep a <a href="/readings/">reading log</a> that
                      tracks everything I read, whether it gets a full review or
                      not, complete with <a href="/readings/stats/">stats</a>.
                      In an age of endless content, sometimes the act of
                      remembering what we&#x27;ve read becomes as important as
                      the reading itself.
                    </p>
                    <p>
                      In an era of algorithmic recommendations and corporate
                      marketing machines, consider this site a human
                      alternative—one person&#x27;s attempt to catalog his
                      personal library and maybe help a few fellow travelers
                      along the way.
                    </p>
                  </div>
                </div>
                <div
                  class="flex grow-0 flex-col gap-20 pb-20 pt-10 tablet:basis-[430px] tablet:pr-10"
                >
                  <ul class="flex w-full flex-col gap-y-10 max:w-auto">
                    <li class="block w-1/2 whitespace-nowrap text-2xl">
                      <a class="hover:text-accent" href="/">Home</a>
                    </li>
                    <li class="block w-1/2 whitespace-nowrap text-2xl">
                      <a class="hover:text-accent" href="/how-i-grade/"
                        >How I Grade</a
                      >
                    </li>
                    <li class="block w-1/2 whitespace-nowrap text-2xl">
                      <a class="hover:text-accent" href="/reviews/">Reviews</a>
                    </li>
                    <li class="block w-1/2 whitespace-nowrap text-2xl">
                      <a class="hover:text-accent" href="/authors/">Authors</a>
                    </li>
                    <li class="block w-1/2 whitespace-nowrap text-2xl">
                      <a class="hover:text-accent" href="/readings/"
                        >Reading Log</a
                      >
                      <ol class="mt-4">
                        <li
                          class="mb-4 ml-1 font-sans text-xs uppercase tracking-wide text-subtle last:mb-0"
                        >
                          <a class="hover:text-default" href="/readings/stats/"
                            >Stats</a
                          >
                        </li>
                      </ol>
                    </li>
                  </ul>
                </div>
              </div>
            </div>
            <p
              class="w-full bg-footer px-container py-10 text-center font-normal leading-5 text-inverse"
            >
              All reviews by Frank Showalter. All images used in accordance with
              the<!-- -->
              <a
                class="text-inherit underline decoration-dashed underline-offset-4 hover:bg-default hover:text-default"
                href="http://www.copyright.gov/title17/92chap1.html#107"
                rel="nofollow"
                >Fair Use Law</a
              >.
            </p>
          </footer>
        </div>
      </div>
      <!--astro:end--></astro-island
    >
    <dialog
      aria-label="Search"
      class="fixed inset-x-4 h-screen w-full rounded-lg border border-default bg-default shadow-lg backdrop:bg-[#000] backdrop:opacity-40 open:flex open:flex-col tablet:mx-auto tablet:mt-16 tablet:h-min tablet:max-h-[min(100vh_-_128px,900px)] tablet:min-h-60 tablet:max-w-[min(100vw_-_64px,36rem)] tablet:rounded-xl desktop:min-h-0"
    >
      <div class="contents" data-dialog-frame>
        <button
          class="px-2 font-mono text-xs font-light hover:bg-inverse hover:text-inverse focus:outline-accent"
          data-close-modal
        >
          ESC
        </button>
        <div class="contents"><div id="pagefind__search"></div></div>
        <div
          class="hidden px-[var(--search-dialog-padding)] py-4 font-sans text-xs font-light tracking-wide text-subtle desktop:block"
        >
          <kbd class="rounded-md bg-default p-2 font-mono text-xs text-subtle"
            >Tab</kbd
          >
          to navigate
          <kbd
            class="ml-4 rounded-md bg-default p-2 font-mono text-xs text-subtle"
            >ESC</kbd
          >
          to close
        </div>
      </div>
    </dialog>
    <script>
      (() => {
        const openBtn = document.querySelector("button[data-open-modal]");
        if (!openBtn) return;
        if (/(Mac|iPhone|iPod|iPad)/i.test(navigator.platform)) {
          openBtn.setAttribute("aria-keyshortcuts", "Meta+K");
          openBtn.setAttribute("title", `Search: ⌘K`);
        }
      })();
    </script>
    <script
      type="module"
      src="/src/layouts/Layout.astro?astro&type=script&index=0&lang.ts"
    ></script>
  </body>
</html>
