<!doctype html>
<html lang="en">
  <head>
    <meta charset="utf-8" />
    <meta content="width=device-width" name="viewport" />
    <link
      href="https://www.franksbooklog.com/readings/stats/2012/"
      rel="canonical"
    />
    <link href="/favicon.ico" rel="icon" sizes="48x48" />
    <link href="/favicon.svg" rel="icon" sizes="any" type="image/svg+xml" />
    <link href="/apple-touch-icon.png" rel="apple-touch-icon" />
    <link href="/site.webmanifest" rel="manifest" />
    <link href="/sitemap-index.xml" rel="sitemap" />
    <meta
      content="My 2012 reading stats. Includes my most-read authors; as well as kind, year published, and edition distributions."
      name="description"
    />
    <meta
      content="#f2f0e8"
      media="(prefers-color-scheme: light)"
      name="theme-color"
    />
    <meta
      content="#484745"
      media="(prefers-color-scheme: dark)"
      name="theme-color"
    />
    <link
      href="https://www.franksbooklog.com/feed.xml"
      rel="alternate"
      title="Frank's Book Log"
      type="application/rss+xml"
    />
    <meta
      content="https://www.franksbooklog.com/readings/stats/2012/og.jpg"
      property="og:image"
    />
    <meta
      content="https://www.franksbooklog.com/readings/stats/2012/"
      property="og:url"
    />
    <meta content="2012 Stats" property="og:title" />
    <meta content="A Year in Review" property="og:description" />
    <meta content="website" property="og:type" />
    <title>2012 Stats - Frank&#39;s Book Log</title>
  </head>
  <body>
    <div>
      <a
        class="absolute left-1/2 top-0.5 z-50 mx-auto bg-subtle px-6 py-2 text-center text-accent [transform:translate(-50%,calc(-100%_-_2px))] focus:[transform:translate(-50%,0%)]"
        href="#content"
        >Skip to content</a
      >
      <div class="flex min-h-full w-full flex-col bg-default">
        <header
          class="z-20 flex w-full items-center justify-between px-container py-4 tablet:p-6 desktop:inset-x-0 desktop:z-40 desktop:flex-row desktop:flex-wrap desktop:px-16 desktop:py-8 desktop:text-left"
          style="
            background-image: unset;
            color: var(--fg-default);
            position: absolute;
          "
        >
          <div class="flex flex-col">
            <div
              class="whitespace-nowrap text-[1.375rem] font-normal leading-8 tablet:text-[1.5625rem]"
            >
              <a href="/">Frank&#x27;s Book Log</a>
            </div>
            <p class="w-full pl-px text-sm italic leading-4 opacity-85">
              by Frank Showalter
            </p>
          </div>
          <div class="flex items-center">
            <nav class="hidden w-full desktop:block desktop:w-auto">
              <ul class="flex flex-wrap justify-start gap-x-6 text-xl">
                <li
                  class="mast-item block whitespace-nowrap tracking-serif-wide"
                >
                  <a
                    class="text-inherit transition-all duration-500 ease-in-out hover:text-accent"
                    href="/"
                    style="text-shadow: unset"
                    >Home</a
                  >
                </li>
                <li
                  class="mast-item block whitespace-nowrap tracking-serif-wide"
                >
                  <a
                    class="text-inherit transition-all duration-500 ease-in-out hover:text-accent"
                    href="/how-i-grade/"
                    style="text-shadow: unset"
                    >How I Grade</a
                  >
                </li>
                <li
                  class="mast-item block whitespace-nowrap tracking-serif-wide"
                >
                  <a
                    class="text-inherit transition-all duration-500 ease-in-out hover:text-accent"
                    href="/reviews/"
                    style="text-shadow: unset"
                    >Reviews</a
                  >
                </li>
                <li
                  class="mast-item block whitespace-nowrap tracking-serif-wide"
                >
                  <a
                    class="text-inherit transition-all duration-500 ease-in-out hover:text-accent"
                    href="/authors/"
                    style="text-shadow: unset"
                    >Authors</a
                  >
                </li>
                <li
                  class="mast-item block whitespace-nowrap tracking-serif-wide"
                >
                  <a
                    class="text-inherit transition-all duration-500 ease-in-out hover:text-accent"
                    href="/readings/"
                    style="text-shadow: unset"
                    >Reading Log</a
                  >
                </li>
              </ul>
            </nav>
            <div class="search-button z-[1000]">
              <button
                aria-keyshortcuts="Control+K"
                aria-label="Search"
                class="flex size-10 items-center justify-center overflow-hidden text-sm leading-6 ring-default desktop:ml-6"
                data-open-modal="true"
                disabled=""
                title="Search: Control+K"
                type="button"
              >
                <svg
                  class="size-7"
                  fill="none"
                  stroke="currentColor"
                  stroke-width="1.5"
                  viewBox="0 0 24 24"
                  xmlns="http://www.w3.org/2000/svg"
                >
                  <path
                    d="m21 21-5.197-5.197m0 0A7.5 7.5 0 1 0 5.196 5.196a7.5 7.5 0 0 0 10.607 10.607Z"
                    stroke-linecap="round"
                    stroke-linejoin="round"
                  ></path>
                </svg>
              </button>
            </div>
            <input class="hidden" id="mobile-nav" type="checkbox" /><label
              class="hamburger-icon desktop:hidden"
              for="mobile-nav"
              ><span
                class="hamburger-icon-bars"
                style="background-color: var(--fg-default)"
              ></span
            ></label>
            <ul
              class="hamburger-menu flex flex-col items-start gap-y-5 text-left text-inverse desktop:hidden"
            >
              <li class="block w-1/2 whitespace-nowrap text-2xl">
                <a href="/">Home</a>
              </li>
              <li class="block w-1/2 whitespace-nowrap text-2xl">
                <a href="/how-i-grade/">How I Grade</a>
              </li>
              <li class="block w-1/2 whitespace-nowrap text-2xl">
                <a href="/reviews/">Reviews</a>
              </li>
              <li class="block w-1/2 whitespace-nowrap text-2xl">
                <a href="/authors/">Authors</a>
              </li>
              <li class="block w-1/2 whitespace-nowrap text-2xl">
                <a href="/readings/">Reading Log</a>
                <ol class="mt-4">
                  <li
                    class="mb-4 ml-1 font-sans text-xs uppercase tracking-wider text-inverse-subtle last:mb-0"
                  >
                    <a href="/readings/stats/">Stats</a>
                  </li>
                </ol>
              </li>
            </ul>
          </div>
        </header>
        <main class="grow flex flex-col items-center bg-subtle" id="content">
          <header
            class="min-h-[clamp(340px,50vh,1350px)] relative flex w-full flex-col content-start items-center justify-end gap-6 bg-canvas pt-40 tablet:pt-40 desktop:pb-16 desktop:pt-40"
          >
            <div
              class="z-10 mx-auto flex w-full px-container text-center tablet:max-w-unset tablet:px-0 flex-col py-8 tablet:pb-10 tablet:pt-20 desktop:py-0"
            >
              <p
                class="mb-6 font-sans text-sm uppercase tracking-wide text-subtle"
              >
                <a class="text-accent" href="/readings/">Reading Log</a>
              </p>
              <h1
                class="font-sans text-3xl font-bold uppercase tracking-widest tablet:text-4xl tablet-landscape:text-5xl desktop:text-7xl"
              >
                2012 Stats
              </h1>
              <p class="mt-1 text-base desktop:my-4 desktop:text-xl">
                A Year in Review
              </p>
            </div>
          </header>
          <nav class="bg-footer mb-12 w-full">
            <ul
              class="scrollbar-hidden mx-auto flex max-w-screen-max overflow-x-auto px-container font-sans text-sm font-normal tracking-wide desktop:justify-center"
            >
              <li class="text-center text-inverse">
                <a
                  class="block whitespace-nowrap p-4 hover:bg-accent hover:text-inverse desktop:py-4"
                  href="/readings/stats/"
                  >All-Time</a
                >
              </li>
              <li class="text-center text-inverse">
                <a
                  class="block p-4 hover:bg-accent hover:text-inverse"
                  href="/readings/stats/2025/"
                  >2025</a
                >
              </li>
              <li class="text-center text-inverse">
                <a
                  class="block p-4 hover:bg-accent hover:text-inverse"
                  href="/readings/stats/2024/"
                  >2024</a
                >
              </li>
              <li class="text-center text-inverse">
                <a
                  class="block p-4 hover:bg-accent hover:text-inverse"
                  href="/readings/stats/2023/"
                  >2023</a
                >
              </li>
              <li class="text-center text-inverse">
                <a
                  class="block p-4 hover:bg-accent hover:text-inverse"
                  href="/readings/stats/2022/"
                  >2022</a
                >
              </li>
              <li class="text-center text-inverse">
                <a
                  class="block p-4 hover:bg-accent hover:text-inverse"
                  href="/readings/stats/2019/"
                  >2019</a
                >
              </li>
              <li class="text-center text-inverse">
                <a
                  class="block p-4 hover:bg-accent hover:text-inverse"
                  href="/readings/stats/2018/"
                  >2018</a
                >
              </li>
              <li class="text-center text-inverse">
                <a
                  class="block p-4 hover:bg-accent hover:text-inverse"
                  href="/readings/stats/2017/"
                  >2017</a
                >
              </li>
              <li class="text-center text-inverse">
                <a
                  class="block p-4 hover:bg-accent hover:text-inverse"
                  href="/readings/stats/2016/"
                  >2016</a
                >
              </li>
              <li class="text-center text-inverse">
                <a
                  class="block p-4 hover:bg-accent hover:text-inverse"
                  href="/readings/stats/2015/"
                  >2015</a
                >
              </li>
              <li class="text-center text-inverse">
                <a
                  class="block p-4 hover:bg-accent hover:text-inverse"
                  href="/readings/stats/2014/"
                  >2014</a
                >
              </li>
              <li class="text-center text-inverse">
                <a
                  class="block p-4 hover:bg-accent hover:text-inverse"
                  href="/readings/stats/2013/"
                  >2013</a
                >
              </li>
              <li class="text-center bg-subtle text-default">
                <div class="bg-subtle p-4 text-default desktop:py-4">2012</div>
              </li>
              <li class="text-center text-inverse">
                <a
                  class="block p-4 hover:bg-accent hover:text-inverse"
                  href="/readings/stats/2011/"
                  >2011</a
                >
              </li>
            </ul>
          </nav>
          <div class="flex flex-wrap justify-center gap-6 desktop:flex-nowrap">
            <div
              class="flex size-36 flex-col justify-center rounded-full bg-stripe text-center text-default shadow-all"
            >
              <div class="text-[2rem] leading-8">5</div>
              <div class="font-sans text-sm font-light leading-6 text-subtle">
                Titles
              </div>
            </div>
            <div
              class="flex size-36 flex-col justify-center rounded-full bg-stripe text-center text-default shadow-all"
            >
              <div class="text-[2rem] leading-8">5</div>
              <div class="font-sans text-sm font-light leading-6 text-subtle">
                Books
              </div>
            </div>
          </div>
          <div
            class="mx-auto flex w-full max-w-screen-max flex-col items-stretch gap-y-8 py-10 tablet:px-container"
          >
            <div
              class="mx-auto flex w-full flex-col gap-y-8 desktop:max-w-[calc(66%_+_24px)]"
            >
              <section class="w-full bg-default pb-8 tablet:px-container">
                <h2
                  class="px-container py-4 font-medium tablet:px-0 desktop:text-xl"
                >
                  Most Read Authors
                </h2>
                <div class="w-full tablet:whitespace-nowrap">
                  <div class="py-3">
                    <div class="flex justify-between px-container tablet:px-0">
                      <div class="font-sans text-sm text-muted">
                        <a
                          class="inline-block font-normal leading-6 text-accent"
                          href="/authors/stephen-king/"
                          >Stephen King</a
                        >
                      </div>
                      <div
                        class="col-start-2 self-center text-nowrap pb-1 text-right font-sans text-xs text-subtle"
                      >
                        2
                      </div>
                    </div>
                    <div
                      class="col-span-2 row-start-2 px-container tablet:px-0"
                    >
                      <details class="bg-group tablet:px-2">
                        <summary
                          class="cursor-pointer px-4 py-1 font-sans text-sm text-subtle tablet:px-0"
                        >
                          Details
                        </summary>
                        <ol class="py-2 tablet:px-4">
                          <li
                            class="bg-default relative mb-1 flex max-w-screen-max flex-row gap-x-4 px-container py-4 last-of-type:mb-0 tablet:gap-x-6 tablet:px-4 desktop:px-6 has-[a:hover]:bg-subtle has-[a:hover]:shadow-hover"
                          >
                            <div class="w-list-item-cover shrink-0">
                              <img
                                src="/_image/?href=%2Fcontent%2Fassets%2Fcovers%2Frage-by-stephen-king.png%3ForigWidth%3D500%26origHeight%3D750%26origFormat%3Dpng&amp;w=80&amp;h=113&amp;q=80&amp;f=avif"
                                srcset="
                                  /_image/?href=%2Fcontent%2Fassets%2Fcovers%2Frage-by-stephen-king.png%3ForigWidth%3D500%26origHeight%3D750%26origFormat%3Dpng&amp;w=20&amp;h=28&amp;q=80&amp;f=avif    20w,
                                  /_image/?href=%2Fcontent%2Fassets%2Fcovers%2Frage-by-stephen-king.png%3ForigWidth%3D500%26origHeight%3D750%26origFormat%3Dpng&amp;w=40&amp;h=57&amp;q=80&amp;f=avif    40w,
                                  /_image/?href=%2Fcontent%2Fassets%2Fcovers%2Frage-by-stephen-king.png%3ForigWidth%3D500%26origHeight%3D750%26origFormat%3Dpng&amp;w=80&amp;h=113&amp;q=80&amp;f=avif   80w,
                                  /_image/?href=%2Fcontent%2Fassets%2Fcovers%2Frage-by-stephen-king.png%3ForigWidth%3D500%26origHeight%3D750%26origFormat%3Dpng&amp;w=160&amp;h=226&amp;q=80&amp;f=avif 160w
                                "
                                alt=""
                                height="113"
                                sizes="(max-width: 767px) 64px, (max-width: 1279px) 76px, 80px"
                                width="80"
                                class="aspect-cover"
                                decoding="async"
                                loading="lazy"
                              />
                            </div>
                            <div class="flex grow flex-col gap-y-1">
                              <a
                                class="block font-sans text-sm font-medium text-accent before:absolute before:left-[var(--container-padding)] before:top-4 before:aspect-cover before:w-list-item-cover before:bg-default before:opacity-15 after:absolute after:left-0 after:top-0 after:z-10 after:size-full after:bg-accent after:opacity-0 hover:before:opacity-0 tablet:before:left-4 desktop:before:left-6"
                                href="/reviews/rage-by-stephen-king/"
                                >Rage</a
                              >
                              <div class="mt-1 font-sans text-xs text-muted">
                                2012-05-13
                              </div>
                              <div class="mt-1 font-sans text-xs text-muted">
                                Novel
                              </div>
                              <div
                                class="mt-1 font-sans text-xs font-light text-muted"
                              >
                                Paperback
                              </div>
                            </div>
                          </li>
                          <li
                            class="bg-default relative mb-1 flex max-w-screen-max flex-row gap-x-4 px-container py-4 last-of-type:mb-0 tablet:gap-x-6 tablet:px-4 desktop:px-6 has-[a:hover]:bg-subtle has-[a:hover]:shadow-hover"
                          >
                            <div class="w-list-item-cover shrink-0">
                              <img
                                src="/_image/?href=%2Fcontent%2Fassets%2Fcovers%2Fnight-shift-by-stephen-king.png%3ForigWidth%3D500%26origHeight%3D750%26origFormat%3Dpng&amp;w=80&amp;h=113&amp;q=80&amp;f=avif"
                                srcset="
                                  /_image/?href=%2Fcontent%2Fassets%2Fcovers%2Fnight-shift-by-stephen-king.png%3ForigWidth%3D500%26origHeight%3D750%26origFormat%3Dpng&amp;w=20&amp;h=28&amp;q=80&amp;f=avif    20w,
                                  /_image/?href=%2Fcontent%2Fassets%2Fcovers%2Fnight-shift-by-stephen-king.png%3ForigWidth%3D500%26origHeight%3D750%26origFormat%3Dpng&amp;w=40&amp;h=57&amp;q=80&amp;f=avif    40w,
                                  /_image/?href=%2Fcontent%2Fassets%2Fcovers%2Fnight-shift-by-stephen-king.png%3ForigWidth%3D500%26origHeight%3D750%26origFormat%3Dpng&amp;w=80&amp;h=113&amp;q=80&amp;f=avif   80w,
                                  /_image/?href=%2Fcontent%2Fassets%2Fcovers%2Fnight-shift-by-stephen-king.png%3ForigWidth%3D500%26origHeight%3D750%26origFormat%3Dpng&amp;w=160&amp;h=226&amp;q=80&amp;f=avif 160w
                                "
                                alt=""
                                height="113"
                                sizes="(max-width: 767px) 64px, (max-width: 1279px) 76px, 80px"
                                width="80"
                                class="aspect-cover"
                                decoding="async"
                                loading="lazy"
                              />
                            </div>
                            <div class="flex grow flex-col gap-y-1">
                              <a
                                class="block font-sans text-sm font-medium text-accent before:absolute before:left-[var(--container-padding)] before:top-4 before:aspect-cover before:w-list-item-cover before:bg-default before:opacity-15 after:absolute after:left-0 after:top-0 after:z-10 after:size-full after:bg-accent after:opacity-0 hover:before:opacity-0 tablet:before:left-4 desktop:before:left-6"
                                href="/reviews/night-shift-by-stephen-king/"
                                >Night Shift</a
                              >
                              <div class="mt-1 font-sans text-xs text-muted">
                                2012-05-14
                              </div>
                              <div class="mt-1 font-sans text-xs text-muted">
                                Collection
                              </div>
                              <div
                                class="mt-1 font-sans text-xs font-light text-muted"
                              >
                                Paperback
                              </div>
                            </div>
                          </li>
                        </ol>
                      </details>
                    </div>
                  </div>
                </div>
              </section>
            </div>
            <div
              class="flex flex-col items-start gap-y-8 desktop:flex-row desktop:gap-x-8"
            >
              <section class="w-full bg-default px-container pb-8">
                <h2 class="py-4 font-medium desktop:text-xl">
                  By Year Published
                </h2>
                <div
                  class="grid w-full grid-cols-[1fr,auto] tablet:whitespace-nowrap"
                >
                  <div class="col-span-2 grid grid-cols-subgrid py-3">
                    <div class="col-span-2 grid grid-cols-subgrid">
                      <div class="font-sans text-xs text-muted">1970s</div>
                      <div
                        class="col-start-2 self-center text-nowrap pb-1 text-right font-sans text-xs text-subtle"
                      >
                        3
                      </div>
                    </div>
                    <div class="col-span-2 row-start-2 bg-subtle">
                      <div
                        class="progress-bar-bg leading-[6px] tablet:mb-0"
                        style="--bar-percent: 60%"
                      >
                         
                      </div>
                    </div>
                  </div>
                  <div class="col-span-2 grid grid-cols-subgrid py-3">
                    <div class="col-span-2 grid grid-cols-subgrid">
                      <div class="font-sans text-xs text-muted">2000s</div>
                      <div
                        class="col-start-2 self-center text-nowrap pb-1 text-right font-sans text-xs text-subtle"
                      >
                        2
                      </div>
                    </div>
                    <div class="col-span-2 row-start-2 bg-subtle">
                      <div
                        class="progress-bar-bg leading-[6px] tablet:mb-0"
                        style="--bar-percent: 40%"
                      >
                         
                      </div>
                    </div>
                  </div>
                </div>
              </section>
              <section class="w-full bg-default px-container pb-8">
                <h2 class="py-4 font-medium desktop:text-xl">By Kind</h2>
                <div
                  class="grid w-full grid-cols-[1fr,auto] tablet:whitespace-nowrap"
                >
                  <div class="col-span-2 grid grid-cols-subgrid py-3">
                    <div class="col-span-2 grid grid-cols-subgrid">
                      <div class="font-sans text-xs text-muted">Collection</div>
                      <div
                        class="col-start-2 self-center text-nowrap pb-1 text-right font-sans text-xs text-subtle"
                      >
                        1
                      </div>
                    </div>
                    <div class="col-span-2 row-start-2 bg-subtle">
                      <div
                        class="progress-bar-bg leading-[6px] tablet:mb-0"
                        style="--bar-percent: 20%"
                      >
                         
                      </div>
                    </div>
                  </div>
                  <div class="col-span-2 grid grid-cols-subgrid py-3">
                    <div class="col-span-2 grid grid-cols-subgrid">
                      <div class="font-sans text-xs text-muted">Nonfiction</div>
                      <div
                        class="col-start-2 self-center text-nowrap pb-1 text-right font-sans text-xs text-subtle"
                      >
                        2
                      </div>
                    </div>
                    <div class="col-span-2 row-start-2 bg-subtle">
                      <div
                        class="progress-bar-bg leading-[6px] tablet:mb-0"
                        style="--bar-percent: 40%"
                      >
                         
                      </div>
                    </div>
                  </div>
                  <div class="col-span-2 grid grid-cols-subgrid py-3">
                    <div class="col-span-2 grid grid-cols-subgrid">
                      <div class="font-sans text-xs text-muted">Novel</div>
                      <div
                        class="col-start-2 self-center text-nowrap pb-1 text-right font-sans text-xs text-subtle"
                      >
                        2
                      </div>
                    </div>
                    <div class="col-span-2 row-start-2 bg-subtle">
                      <div
                        class="progress-bar-bg leading-[6px] tablet:mb-0"
                        style="--bar-percent: 40%"
                      >
                         
                      </div>
                    </div>
                  </div>
                </div>
              </section>
              <section class="w-full bg-default px-container pb-8">
                <h2 class="py-4 font-medium desktop:text-xl">By Edition</h2>
                <div
                  class="grid w-full grid-cols-[1fr,auto] tablet:whitespace-nowrap"
                >
                  <div class="col-span-2 grid grid-cols-subgrid py-3">
                    <div class="col-span-2 grid grid-cols-subgrid">
                      <div class="font-sans text-xs text-muted">Hardcover</div>
                      <div
                        class="col-start-2 self-center text-nowrap pb-1 text-right font-sans text-xs text-subtle"
                      >
                        2
                      </div>
                    </div>
                    <div class="col-span-2 row-start-2 bg-subtle">
                      <div
                        class="progress-bar-bg leading-[6px] tablet:mb-0"
                        style="--bar-percent: 40%"
                      >
                         
                      </div>
                    </div>
                  </div>
                  <div class="col-span-2 grid grid-cols-subgrid py-3">
                    <div class="col-span-2 grid grid-cols-subgrid">
                      <div class="font-sans text-xs text-muted">Paperback</div>
                      <div
                        class="col-start-2 self-center text-nowrap pb-1 text-right font-sans text-xs text-subtle"
                      >
                        3
                      </div>
                    </div>
                    <div class="col-span-2 row-start-2 bg-subtle">
                      <div
                        class="progress-bar-bg leading-[6px] tablet:mb-0"
                        style="--bar-percent: 60%"
                      >
                         
                      </div>
                    </div>
                  </div>
                </div>
              </section>
            </div>
          </div>
        </main>
        <footer class="bg-canvas">
          <div class="mx-auto max-w-screen-desktop px-container py-20">
            <div
              class="flex w-full flex-col tablet:flex-row-reverse tablet:justify-between"
            >
              <a
                class="mx-auto mb-8 w-full max-w-button bg-footer py-5 text-center font-sans text-xs uppercase tracking-wide text-inverse hover:bg-subtle hover:text-default tablet:mx-0"
                href="#top"
                >To the top</a
              >
              <div class="flex flex-col">
                <div
                  class="whitespace-nowrap text-[1.375rem] font-normal leading-8 tablet:text-[1.5625rem]"
                >
                  <a href="/">Frank&#x27;s Book Log</a>
                </div>
                <p class="w-full pl-px text-sm italic leading-4 opacity-85">
                  by Frank Showalter
                </p>
              </div>
            </div>
            <div class="justify-between tablet:flex">
              <div class="flex max-w-prose flex-col pb-12 tablet:pr-32">
                <div
                  class="footer-text pt-10 font-sans text-base font-light text-subtle"
                >
                  <p>
                    Hi there, I&#x27;m Frank, a husband and father old enough to
                    have read Stephen King&#x27;s <em>The Dark Half</em> during
                    its first printing.
                  </p>
                  <p>
                    This site began in 2012, when I realized I&#x27;d
                    accumulated more books than I could ever hope to finish.
                    Worse still, I had books I thought I&#x27;d read but
                    couldn&#x27;t remember. Clearly, I needed a system.
                  </p>
                  <p>
                    What started on Goodreads evolved into this little corner of
                    the internet where I share my thoughts on what I&#x27;ve
                    read.
                  </p>
                  <p>
                    New visitors might want to start by reading about<!-- -->
                    <a href="/how-i-grade/">how I grade</a>. After that, feel
                    free to browse my <a href="/reviews/">reviews</a>, which are
                    also indexed <a href="/authors/">by author</a>.
                  </p>
                  <p>
                    I also keep a <a href="/readings/">reading log</a> that
                    tracks everything I read, whether it gets a full review or
                    not, complete with <a href="/readings/stats/">stats</a>. In
                    an age of endless content, sometimes the act of remembering
                    what we&#x27;ve read becomes as important as the reading
                    itself.
                  </p>
                  <p>
                    In an era of algorithmic recommendations and corporate
                    marketing machines, consider this site a human
                    alternative—one person&#x27;s attempt to catalog his
                    personal library and maybe help a few fellow travelers along
                    the way.
                  </p>
                </div>
              </div>
              <div
                class="flex grow-0 flex-col gap-20 pb-20 pt-10 tablet:basis-[430px] tablet:pr-10"
              >
                <ul class="flex w-full flex-col gap-y-10 max:w-auto">
                  <li class="block w-1/2 whitespace-nowrap text-2xl">
                    <a class="hover:text-accent" href="/">Home</a>
                  </li>
                  <li class="block w-1/2 whitespace-nowrap text-2xl">
                    <a class="hover:text-accent" href="/how-i-grade/"
                      >How I Grade</a
                    >
                  </li>
                  <li class="block w-1/2 whitespace-nowrap text-2xl">
                    <a class="hover:text-accent" href="/reviews/">Reviews</a>
                  </li>
                  <li class="block w-1/2 whitespace-nowrap text-2xl">
                    <a class="hover:text-accent" href="/authors/">Authors</a>
                  </li>
                  <li class="block w-1/2 whitespace-nowrap text-2xl">
                    <a class="hover:text-accent" href="/readings/"
                      >Reading Log</a
                    >
                    <ol class="mt-4">
                      <li
                        class="mb-4 ml-1 font-sans text-xs uppercase tracking-wide text-subtle last:mb-0"
                      >
                        <a class="hover:text-default" href="/readings/stats/"
                          >Stats</a
                        >
                      </li>
                    </ol>
                  </li>
                </ul>
              </div>
            </div>
          </div>
          <p
            class="w-full bg-footer px-container py-10 text-center font-normal leading-5 text-inverse"
          >
            All reviews by Frank Showalter. All images used in accordance with
            the<!-- -->
            <a
              class="text-inherit underline decoration-dashed underline-offset-4 hover:bg-default hover:text-default"
              href="http://www.copyright.gov/title17/92chap1.html#107"
              rel="nofollow"
              >Fair Use Law</a
            >.
          </p>
        </footer>
      </div>
    </div>
    <dialog
      aria-label="Search"
      class="fixed inset-x-4 h-screen w-full rounded-lg border border-default bg-default shadow-lg backdrop:bg-[#000] backdrop:opacity-40 open:flex open:flex-col tablet:mx-auto tablet:mt-16 tablet:h-min tablet:max-h-[min(100vh_-_128px,900px)] tablet:min-h-60 tablet:max-w-[min(100vw_-_64px,36rem)] tablet:rounded-xl desktop:min-h-0"
    >
      <div class="contents" data-dialog-frame>
        <button
          class="px-2 font-mono text-xs font-light hover:bg-inverse hover:text-inverse focus:outline-accent"
          data-close-modal
        >
          ESC
        </button>
        <div class="contents"><div id="pagefind__search"></div></div>
        <div
          class="hidden px-[var(--search-dialog-padding)] py-4 font-sans text-xs font-light tracking-wide text-subtle desktop:block"
        >
          <kbd class="rounded-md bg-default p-2 font-mono text-xs text-subtle"
            >Tab</kbd
          >
          to navigate
          <kbd
            class="ml-4 rounded-md bg-default p-2 font-mono text-xs text-subtle"
            >ESC</kbd
          >
          to close
        </div>
      </div>
    </dialog>
    <script>
      (() => {
        const openBtn = document.querySelector("button[data-open-modal]");
        if (!openBtn) return;
        if (/(Mac|iPhone|iPod|iPad)/i.test(navigator.platform)) {
          openBtn.setAttribute("aria-keyshortcuts", "Meta+K");
          openBtn.setAttribute("title", `Search: ⌘K`);
        }
      })();
    </script>
    <script
      type="module"
      src="/src/layouts/Layout.astro?astro&type=script&index=0&lang.ts"
    ></script>
  </body>
</html>
