<!doctype html>
<html class="h-full" lang="en">
  <head>
    <meta charset="utf-8" />
    <meta content="width=device-width" name="viewport" />
    <link
      href="https://www.franksbooklog.com/readings/stats/2013/"
      rel="canonical"
    />
    <link href="/favicon.ico" rel="icon" sizes="48x48" />
    <link href="/favicon.svg" rel="icon" sizes="any" type="image/svg+xml" />
    <link href="/apple-touch-icon.png" rel="apple-touch-icon" />
    <link href="/site.webmanifest" rel="manifest" />
    <link href="/sitemap-index.xml" rel="sitemap" />
    <meta
      content="My 2013 reading stats. Includes my most-read authors; as well as kind, year published, and edition distributions."
      name="description"
    />
    <meta
      content="#f2f0e8"
      media="(prefers-color-scheme: light)"
      name="theme-color"
    />
    <meta
      content="#484745"
      media="(prefers-color-scheme: dark)"
      name="theme-color"
    />
    <link
      href="https://www.franksbooklog.com/feed.xml"
      rel="alternate"
      title="Frank's Book Log"
      type="application/rss+xml"
    />
    <meta
      content="https://www.franksbooklog.com/readings/stats/2013/og.jpg"
      property="og:image"
    />
    <meta
      content="https://www.franksbooklog.com/readings/stats/2013/"
      property="og:url"
    />
    <meta content="2013 Stats" property="og:title" />
    <meta content="A Year in Review" property="og:description" />
    <meta content="website" property="og:type" />
    <title>2013 Stats - Frank&#39;s Book Log</title>
  </head>
  <body
    class="h-full w-full bg-canvas text-default has-[#nav:checked]:fixed has-[#nav:checked]:overflow-y-scroll data-search-modal-open:overflow-hidden data-search-modal-open:before:fixed data-search-modal-open:before:inset-0 data-search-modal-open:before:z-50 data-search-modal-open:before:backdrop-blur-xs"
  >
    <link
      rel="preload"
      as="image"
      imagesrcset="/_image/?href=%2Fcontent%2Fassets%2Fbackdrops%2Fstats.png%3ForigWidth%3D2400%26origHeight%3D1350%26origFormat%3Dpng&amp;w=720&amp;h=405&amp;q=80&amp;f=avif 720w, /_image/?href=%2Fcontent%2Fassets%2Fbackdrops%2Fstats.png%3ForigWidth%3D2400%26origHeight%3D1350%26origFormat%3Dpng&amp;w=1200&amp;h=675&amp;q=80&amp;f=avif 1200w, /_image/?href=%2Fcontent%2Fassets%2Fbackdrops%2Fstats.png%3ForigWidth%3D2400%26origHeight%3D1350%26origFormat%3Dpng&amp;w=1920&amp;h=1080&amp;q=80&amp;f=avif 1920w, /_image/?href=%2Fcontent%2Fassets%2Fbackdrops%2Fstats.png%3ForigWidth%3D2400%26origHeight%3D1350%26origFormat%3Dpng&amp;w=2400&amp;h=1350&amp;q=80&amp;f=avif 2400w"
      imagesizes="100vw"
      fetchpriority="high"
    />
    <div class="group/layout">
      <a
        class="absolute top-0.5 left-1/2 z-50 mx-auto [transform:translate(-50%,calc(-100%-2px))] bg-subtle px-6 py-2 text-center text-accent focus:[transform:translate(-50%,0%)]"
        href="#content"
        >Skip to content</a
      >
      <div class="flex min-h-full w-full flex-col bg-default">
        <header
          class="group/mast z-20 flex w-full items-center justify-between px-container py-4 tablet:p-6 laptop:inset-x-0 laptop:z-40 laptop:flex-row laptop:flex-wrap laptop:px-16 laptop:py-8 laptop:text-left"
          style="
            background-image: linear-gradient(
              to bottom,
              rgba(0, 0, 0, 0.85),
              transparent 95%
            );
            color: #fff;
            position: absolute;
          "
        >
          <div
            class="flex transform-gpu flex-col transition-transform has-[a:hover]:scale-105"
          >
            <div
              class="text-[1.375rem] leading-8 font-normal whitespace-nowrap tablet:text-[1.5625rem]"
            >
              <a href="/">Frank&#x27;s Book Log</a>
            </div>
            <p class="w-full pl-px text-sm leading-4 italic opacity-85">
              by Frank Showalter
            </p>
          </div>
          <div class="flex items-center">
            <nav class="hidden w-full laptop:block laptop:w-auto">
              <ul class="flex flex-wrap justify-start gap-x-6 text-xl">
                <li
                  class="block transform-gpu tracking-serif-wide whitespace-nowrap transition-transform has-[a:hover]:scale-105"
                >
                  <a
                    class="text-inherit"
                    href="/"
                    style="text-shadow: 1px 1px 2px black"
                    >Home</a
                  >
                </li>
                <li
                  class="block transform-gpu tracking-serif-wide whitespace-nowrap transition-transform has-[a:hover]:scale-105"
                >
                  <a
                    class="text-inherit"
                    href="/how-i-grade/"
                    style="text-shadow: 1px 1px 2px black"
                    >How I Grade</a
                  >
                </li>
                <li
                  class="block transform-gpu tracking-serif-wide whitespace-nowrap transition-transform has-[a:hover]:scale-105"
                >
                  <a
                    class="text-inherit"
                    href="/reviews/"
                    style="text-shadow: 1px 1px 2px black"
                    >Reviews</a
                  >
                </li>
                <li
                  class="block transform-gpu tracking-serif-wide whitespace-nowrap transition-transform has-[a:hover]:scale-105"
                >
                  <a
                    class="text-inherit"
                    href="/authors/"
                    style="text-shadow: 1px 1px 2px black"
                    >Authors</a
                  >
                </li>
                <li
                  class="block transform-gpu tracking-serif-wide whitespace-nowrap transition-transform has-[a:hover]:scale-105"
                >
                  <a
                    class="text-inherit"
                    href="/readings/"
                    style="text-shadow: 1px 1px 2px black"
                    >Reading Log</a
                  >
                </li>
              </ul>
            </nav>
            <div
              class="z-1000 transform-gpu transition-transform group-has-[#nav:checked]/mast:!text-[#fff] hover:scale-105"
            >
              <button
                aria-keyshortcuts="Control+K"
                aria-label="Search"
                class="flex size-10 items-center justify-center overflow-hidden text-sm leading-6 ring-default laptop:ml-6"
                data-open-modal="true"
                disabled=""
                title="Search: Control+K"
                type="button"
              >
                <svg
                  class="size-7"
                  fill="none"
                  stroke="currentColor"
                  stroke-width="1.5"
                  viewBox="0 0 24 24"
                  xmlns="http://www.w3.org/2000/svg"
                >
                  <path
                    d="m21 21-5.197-5.197m0 0A7.5 7.5 0 1 0 5.196 5.196a7.5 7.5 0 0 0 10.607 10.607Z"
                    stroke-linecap="round"
                    stroke-linejoin="round"
                  ></path>
                </svg>
              </button>
            </div>
            <div class="group">
              <input class="hidden" id="nav" type="checkbox" /><label
                class="relative z-40 ml-2 flex h-10 w-10 transform-gpu cursor-pointer items-center justify-center transition-transform hover:scale-110 laptop:hidden"
                for="nav"
                ><span
                  class="relative block h-0.5 w-6 origin-center transition-[top,bottom,transform] duration-200 ease-in-out group-has-[#nav:checked]/mast:transform-[rotate(45deg)] group-has-[#nav:checked]/mast:!bg-[#fff] before:absolute before:-top-2 before:block before:h-0.5 before:w-6 before:bg-inherit before:transition before:duration-200 before:ease-in-out group-has-[#nav:checked]/mast:before:top-0 group-has-[#nav:checked]/mast:before:transform-[rotate(90deg)] after:absolute after:-bottom-2 after:block after:h-0.5 after:w-6 after:bg-inherit after:transition after:duration-200 after:ease-in-out group-has-[#nav:checked]/mast:after:bottom-0 group-has-[#nav:checked]/mast:after:transform-[rotate(90deg)]"
                  style="background-color: #fff"
                ></span
              ></label>
              <ul
                class="fixed top-0 right-0 z-20 flex h-full w-0 transform-[translateX(100%)] flex-col items-start gap-y-5 overflow-hidden bg-footer text-left text-inverse opacity-0 duration-200 ease-in-out group-has-[#nav:checked]/mast:bottom-0 group-has-[#nav:checked]/mast:z-20 group-has-[#nav:checked]/mast:h-full group-has-[#nav:checked]/mast:w-full group-has-[#nav:checked]/mast:transform-[translateX(0)] group-has-[#nav:checked]/mast:overflow-y-auto group-has-[#nav:checked]/mast:pt-20 group-has-[#nav:checked]/mast:pr-[16%] group-has-[#nav:checked]/mast:pb-5 group-has-[#nav:checked]/mast:pl-[12%] group-has-[#nav:checked]/mast:opacity-100 tablet:max-w-[35vw] group-has-[#nav:checked]/mast:tablet:px-10 group-has-[#nav:checked]/mast:tablet:py-40 laptop:hidden"
              >
                <li class="block w-1/2 text-2xl whitespace-nowrap">
                  <a
                    class="inline-block origin-left transform-gpu transition-all hover:scale-105"
                    href="/"
                    >Home</a
                  >
                </li>
                <li class="block w-1/2 text-2xl whitespace-nowrap">
                  <a
                    class="inline-block origin-left transform-gpu transition-all hover:scale-105"
                    href="/how-i-grade/"
                    >How I Grade</a
                  >
                </li>
                <li class="block w-1/2 text-2xl whitespace-nowrap">
                  <a
                    class="inline-block origin-left transform-gpu transition-all hover:scale-105"
                    href="/reviews/"
                    >Reviews</a
                  >
                </li>
                <li class="block w-1/2 text-2xl whitespace-nowrap">
                  <a
                    class="inline-block origin-left transform-gpu transition-all hover:scale-105"
                    href="/authors/"
                    >Authors</a
                  >
                </li>
                <li class="block w-1/2 text-2xl whitespace-nowrap">
                  <a
                    class="inline-block origin-left transform-gpu transition-all hover:scale-105"
                    href="/readings/"
                    >Reading Log</a
                  >
                  <ol class="mt-4">
                    <li
                      class="mb-4 ml-1 font-sans text-xs tracking-wider text-inverse-subtle uppercase last:mb-0"
                    >
                      <a
                        class="inline-block origin-left transform-gpu transition-all hover:scale-105 hover:text-inverse"
                        href="/readings/stats/"
                        >Stats</a
                      >
                    </li>
                  </ol>
                </li>
              </ul>
            </div>
          </div>
        </header>
        <main
          class="grow transition-[opacity] duration-200 ease-in-out group-has-[#nav:checked]/layout:opacity-80 flex flex-col items-center bg-subtle"
          id="content"
        >
          <header
            class="min-h-[clamp(340px,50vh,1350px)] text-inverse bg-[#000] relative flex w-full flex-col content-start items-center justify-end gap-6 overflow-hidden pt-20 laptop:pt-24"
          >
            <img
              class="absolute inset-0 size-full object-cover object-top blur-xs"
              src="/_image/?href=%2Fcontent%2Fassets%2Fbackdrops%2Fstats.png%3ForigWidth%3D2400%26origHeight%3D1350%26origFormat%3Dpng&amp;w=2400&amp;h=1350&amp;q=80&amp;f=avif"
              srcset="
                /_image/?href=%2Fcontent%2Fassets%2Fbackdrops%2Fstats.png%3ForigWidth%3D2400%26origHeight%3D1350%26origFormat%3Dpng&amp;w=720&amp;h=405&amp;q=80&amp;f=avif    720w,
                /_image/?href=%2Fcontent%2Fassets%2Fbackdrops%2Fstats.png%3ForigWidth%3D2400%26origHeight%3D1350%26origFormat%3Dpng&amp;w=1200&amp;h=675&amp;q=80&amp;f=avif  1200w,
                /_image/?href=%2Fcontent%2Fassets%2Fbackdrops%2Fstats.png%3ForigWidth%3D2400%26origHeight%3D1350%26origFormat%3Dpng&amp;w=1920&amp;h=1080&amp;q=80&amp;f=avif 1920w,
                /_image/?href=%2Fcontent%2Fassets%2Fbackdrops%2Fstats.png%3ForigWidth%3D2400%26origHeight%3D1350%26origFormat%3Dpng&amp;w=2400&amp;h=1350&amp;q=80&amp;f=avif 2400w
              "
              height="1350"
              sizes="100vw"
              width="2400"
              alt=""
              fetchpriority="high"
              loading="eager"
            />
            <div
              class="z-10 mx-auto flex w-full px-container text-center tablet:max-w-none tablet:px-0 flex-col after:absolute after:top-0 after:left-0 after:-z-10 after:h-full after:w-full after:bg-linear-to-t after:from-[rgba(0,0,0,.85)] after:to-50% tablet:after:to-25% py-8 tablet:pb-10 laptop:pt-10 desktop:pt-20"
            >
              <p
                class="mb-2 font-sans text-sm tracking-wide text-subtle uppercase"
              >
                <a
                  class="font-sans text-sm tracking-wide uppercase underline-offset-8 text-inverse decoration-inverse-subtle decoration-2 hover:underline"
                  href="/readings/"
                  >Reading Log</a
                >
              </p>
              <h1
                class="font-sans text-3xl font-bold tracking-widest uppercase tablet:text-4xl tablet-landscape:text-5xl desktop:text-7xl"
              >
                2013 Stats
              </h1>
              <p
                class="mt-1 text-base desktop:my-4 desktop:text-xl [text-shadow:1px_1px_2px_black]"
              >
                A Year in Review
              </p>
            </div>
          </header>
          <nav class="bg-footer mb-12 w-full">
            <ul
              class="mx-auto flex scrollbar-hidden max-w-(--breakpoint-laptop) overflow-x-auto px-container font-sans text-sm font-normal tracking-wide laptop:justify-center"
            >
              <li class="text-center text-inverse">
                <a
                  class="block transform-gpu p-4 whitespace-nowrap transition-all hover:scale-105 hover:bg-accent hover:text-inverse desktop:py-4"
                  href="/readings/stats/"
                  >All-Time</a
                >
              </li>
              <li class="text-center text-inverse">
                <a
                  class="block transform-gpu p-4 transition-all hover:scale-105 hover:bg-accent hover:text-inverse"
                  href="/readings/stats/2025/"
                  >2025</a
                >
              </li>
              <li class="text-center text-inverse">
                <a
                  class="block transform-gpu p-4 transition-all hover:scale-105 hover:bg-accent hover:text-inverse"
                  href="/readings/stats/2024/"
                  >2024</a
                >
              </li>
              <li class="text-center text-inverse">
                <a
                  class="block transform-gpu p-4 transition-all hover:scale-105 hover:bg-accent hover:text-inverse"
                  href="/readings/stats/2023/"
                  >2023</a
                >
              </li>
              <li class="text-center text-inverse">
                <a
                  class="block transform-gpu p-4 transition-all hover:scale-105 hover:bg-accent hover:text-inverse"
                  href="/readings/stats/2022/"
                  >2022</a
                >
              </li>
              <li class="text-center text-inverse">
                <a
                  class="block transform-gpu p-4 transition-all hover:scale-105 hover:bg-accent hover:text-inverse"
                  href="/readings/stats/2019/"
                  >2019</a
                >
              </li>
              <li class="text-center text-inverse">
                <a
                  class="block transform-gpu p-4 transition-all hover:scale-105 hover:bg-accent hover:text-inverse"
                  href="/readings/stats/2018/"
                  >2018</a
                >
              </li>
              <li class="text-center text-inverse">
                <a
                  class="block transform-gpu p-4 transition-all hover:scale-105 hover:bg-accent hover:text-inverse"
                  href="/readings/stats/2017/"
                  >2017</a
                >
              </li>
              <li class="text-center text-inverse">
                <a
                  class="block transform-gpu p-4 transition-all hover:scale-105 hover:bg-accent hover:text-inverse"
                  href="/readings/stats/2016/"
                  >2016</a
                >
              </li>
              <li class="text-center text-inverse">
                <a
                  class="block transform-gpu p-4 transition-all hover:scale-105 hover:bg-accent hover:text-inverse"
                  href="/readings/stats/2015/"
                  >2015</a
                >
              </li>
              <li class="text-center text-inverse">
                <a
                  class="block transform-gpu p-4 transition-all hover:scale-105 hover:bg-accent hover:text-inverse"
                  href="/readings/stats/2014/"
                  >2014</a
                >
              </li>
              <li class="text-center bg-subtle text-default">
                <div class="bg-subtle p-4 text-default desktop:py-4">2013</div>
              </li>
              <li class="text-center text-inverse">
                <a
                  class="block transform-gpu p-4 transition-all hover:scale-105 hover:bg-accent hover:text-inverse"
                  href="/readings/stats/2012/"
                  >2012</a
                >
              </li>
              <li class="text-center text-inverse">
                <a
                  class="block transform-gpu p-4 transition-all hover:scale-105 hover:bg-accent hover:text-inverse"
                  href="/readings/stats/2011/"
                  >2011</a
                >
              </li>
            </ul>
          </nav>
          <div class="flex flex-wrap justify-center gap-6 desktop:flex-nowrap">
            <div
              class="flex size-36 flex-col justify-center rounded-full bg-stripe text-center text-default shadow-all"
            >
              <div class="text-[2rem] leading-8">2</div>
              <div class="font-sans text-sm leading-6 font-light text-subtle">
                Titles
              </div>
            </div>
            <div
              class="flex size-36 flex-col justify-center rounded-full bg-stripe text-center text-default shadow-all"
            >
              <div class="text-[2rem] leading-8">2</div>
              <div class="font-sans text-sm leading-6 font-light text-subtle">
                Books
              </div>
            </div>
          </div>
          <div
            class="mx-auto flex w-full max-w-(--breakpoint-laptop) flex-col items-stretch gap-y-8 py-10 tablet:px-container"
          >
            <div
              class="mx-auto flex w-full flex-col gap-y-8 laptop:max-w-[calc(66%+24px)]"
            ></div>
            <div
              class="flex flex-col items-start gap-y-8 laptop:flex-row laptop:gap-x-8"
            >
              <section class="w-full bg-default px-container pb-8">
                <h2 class="py-4 font-medium laptop:text-xl">
                  By Year Published
                </h2>
                <div
                  class="grid w-full grid-cols-[1fr_auto] tablet:whitespace-nowrap"
                >
                  <div class="col-span-2 grid grid-cols-subgrid py-3">
                    <div class="col-span-2 grid grid-cols-subgrid">
                      <div class="font-sans text-xs text-muted">1950s</div>
                      <div
                        class="col-start-2 self-center pb-1 text-right font-sans text-xs text-nowrap text-subtle"
                      >
                        1
                      </div>
                    </div>
                    <div class="col-span-2 row-start-2 bg-subtle">
                      <div
                        class="bg-progress-bar leading-[6px] tablet:mb-0"
                        style="--bar-percent: 50%"
                      >
                         
                      </div>
                    </div>
                  </div>
                  <div class="col-span-2 grid grid-cols-subgrid py-3">
                    <div class="col-span-2 grid grid-cols-subgrid">
                      <div class="font-sans text-xs text-muted">1990s</div>
                      <div
                        class="col-start-2 self-center pb-1 text-right font-sans text-xs text-nowrap text-subtle"
                      >
                        1
                      </div>
                    </div>
                    <div class="col-span-2 row-start-2 bg-subtle">
                      <div
                        class="bg-progress-bar leading-[6px] tablet:mb-0"
                        style="--bar-percent: 50%"
                      >
                         
                      </div>
                    </div>
                  </div>
                </div>
              </section>
              <section class="w-full bg-default px-container pb-8">
                <h2 class="py-4 font-medium laptop:text-xl">By Kind</h2>
                <div
                  class="grid w-full grid-cols-[1fr_auto] tablet:whitespace-nowrap"
                >
                  <div class="col-span-2 grid grid-cols-subgrid py-3">
                    <div class="col-span-2 grid grid-cols-subgrid">
                      <div class="font-sans text-xs text-muted">Nonfiction</div>
                      <div
                        class="col-start-2 self-center pb-1 text-right font-sans text-xs text-nowrap text-subtle"
                      >
                        1
                      </div>
                    </div>
                    <div class="col-span-2 row-start-2 bg-subtle">
                      <div
                        class="bg-progress-bar leading-[6px] tablet:mb-0"
                        style="--bar-percent: 50%"
                      >
                         
                      </div>
                    </div>
                  </div>
                  <div class="col-span-2 grid grid-cols-subgrid py-3">
                    <div class="col-span-2 grid grid-cols-subgrid">
                      <div class="font-sans text-xs text-muted">Novel</div>
                      <div
                        class="col-start-2 self-center pb-1 text-right font-sans text-xs text-nowrap text-subtle"
                      >
                        1
                      </div>
                    </div>
                    <div class="col-span-2 row-start-2 bg-subtle">
                      <div
                        class="bg-progress-bar leading-[6px] tablet:mb-0"
                        style="--bar-percent: 50%"
                      >
                         
                      </div>
                    </div>
                  </div>
                </div>
              </section>
              <section class="w-full bg-default px-container pb-8">
                <h2 class="py-4 font-medium laptop:text-xl">By Edition</h2>
                <div
                  class="grid w-full grid-cols-[1fr_auto] tablet:whitespace-nowrap"
                >
                  <div class="col-span-2 grid grid-cols-subgrid py-3">
                    <div class="col-span-2 grid grid-cols-subgrid">
                      <div class="font-sans text-xs text-muted">Hardcover</div>
                      <div
                        class="col-start-2 self-center pb-1 text-right font-sans text-xs text-nowrap text-subtle"
                      >
                        1
                      </div>
                    </div>
                    <div class="col-span-2 row-start-2 bg-subtle">
                      <div
                        class="bg-progress-bar leading-[6px] tablet:mb-0"
                        style="--bar-percent: 50%"
                      >
                         
                      </div>
                    </div>
                  </div>
                  <div class="col-span-2 grid grid-cols-subgrid py-3">
                    <div class="col-span-2 grid grid-cols-subgrid">
                      <div class="font-sans text-xs text-muted">Paperback</div>
                      <div
                        class="col-start-2 self-center pb-1 text-right font-sans text-xs text-nowrap text-subtle"
                      >
                        1
                      </div>
                    </div>
                    <div class="col-span-2 row-start-2 bg-subtle">
                      <div
                        class="bg-progress-bar leading-[6px] tablet:mb-0"
                        style="--bar-percent: 50%"
                      >
                         
                      </div>
                    </div>
                  </div>
                </div>
              </section>
            </div>
          </div>
        </main>
        <footer class="bg-canvas">
          <div class="mx-auto max-w-(--breakpoint-laptop) px-container py-20">
            <div
              class="flex w-full flex-col tablet:flex-row-reverse tablet:justify-between"
            >
              <a
                class="mx-auto mb-8 w-full max-w-button transform-gpu bg-footer py-5 text-center font-sans text-xs tracking-wide text-inverse uppercase transition-all hover:scale-105 hover:bg-subtle hover:text-default tablet:mx-0"
                href="#top"
                >To the top</a
              >
              <div
                class="flex transform-gpu flex-col transition-transform has-[a:hover]:scale-105 undefined"
              >
                <div
                  class="text-[1.375rem] leading-8 font-normal whitespace-nowrap tablet:text-[1.5625rem]"
                >
                  <a href="/">Frank&#x27;s Book Log</a>
                </div>
                <p class="w-full pl-px text-sm leading-4 italic opacity-85">
                  by Frank Showalter
                </p>
              </div>
            </div>
            <div class="justify-between tablet:flex">
              <div class="flex max-w-[640px] flex-col pb-12 tablet:pr-32">
                <div class="pt-10 font-sans text-sm font-light text-subtle">
                  <p
                    class="mb-6 text-pretty first-letter:float-left first-letter:mt-[6px] first-letter:pr-1 first-letter:font-sans first-letter:text-[40px] first-letter:leading-[.8] first-letter:font-bold first-letter:text-default desktop:first-letter:text-[64px]"
                  >
                    Hi there, I&#x27;m Frank, a husband and father old enough to
                    have read Stephen King&#x27;s <em>The Dark Half</em> during
                    its first printing.
                  </p>
                  <p class="mb-6 text-pretty">
                    This site began in 2012, when I realized I&#x27;d
                    accumulated more books than I could ever hope to finish.
                    Worse still, I had books I thought I&#x27;d read but
                    couldn&#x27;t remember. Clearly, I needed a system.
                  </p>
                  <p class="mb-6 text-pretty">
                    What started on Goodreads evolved into this little corner of
                    the internet where I share my thoughts on what I&#x27;ve
                    read.
                  </p>
                  <p class="mb-6 text-pretty">
                    New visitors might want to start by reading about<!-- -->
                    <a
                      class="text-muted underline decoration-muted decoration-dashed underline-offset-4 transition-colors hover:text-default hover:decoration-default"
                      href="/how-i-grade/"
                      >how I grade</a
                    >. After that, feel free to browse my<!-- -->
                    <a
                      class="text-muted underline decoration-muted decoration-dashed underline-offset-4 transition-colors hover:text-default hover:decoration-default"
                      href="/reviews/"
                      >reviews</a
                    >, which are also indexed
                    <a
                      class="text-muted underline decoration-muted decoration-dashed underline-offset-4 transition-colors hover:text-default hover:decoration-default"
                      href="/authors/"
                      >by author</a
                    >.
                  </p>
                  <p class="mb-6 text-pretty">
                    I also keep a<!-- -->
                    <a
                      class="text-muted underline decoration-muted decoration-dashed underline-offset-4 transition-colors hover:text-default hover:decoration-default"
                      href="/readings/"
                      >reading log</a
                    >
                    that tracks everything I read, whether it gets a full review
                    or not, complete with<!-- -->
                    <a
                      class="text-muted underline decoration-muted decoration-dashed underline-offset-4 transition-colors hover:text-default hover:decoration-default"
                      href="/readings/stats/"
                      >stats</a
                    >. In an age of endless content, sometimes the act of
                    remembering what we&#x27;ve read becomes as important as the
                    reading itself.
                  </p>
                  <p class="text-pretty">
                    In an era of algorithmic recommendations and corporate
                    marketing machines, consider this site a human
                    alternative—one person&#x27;s attempt to catalog his
                    personal library and maybe help a few fellow travelers along
                    the way.
                  </p>
                </div>
              </div>
              <div
                class="flex w-full max-w-button grow flex-col gap-20 pt-10 pb-20 tablet:basis-button tablet:pr-10"
              >
                <ul class="flex w-full flex-col gap-y-10 desktop:w-auto">
                  <li class="block w-1/2 text-2xl whitespace-nowrap">
                    <a
                      class="block origin-left transform-gpu transition-all hover:scale-105"
                      href="/"
                      >Home</a
                    >
                  </li>
                  <li class="block w-1/2 text-2xl whitespace-nowrap">
                    <a
                      class="block origin-left transform-gpu transition-all hover:scale-105"
                      href="/how-i-grade/"
                      >How I Grade</a
                    >
                  </li>
                  <li class="block w-1/2 text-2xl whitespace-nowrap">
                    <a
                      class="block origin-left transform-gpu transition-all hover:scale-105"
                      href="/reviews/"
                      >Reviews</a
                    >
                  </li>
                  <li class="block w-1/2 text-2xl whitespace-nowrap">
                    <a
                      class="block origin-left transform-gpu transition-all hover:scale-105"
                      href="/authors/"
                      >Authors</a
                    >
                  </li>
                  <li class="block w-1/2 text-2xl whitespace-nowrap">
                    <a
                      class="block origin-left transform-gpu transition-all hover:scale-105"
                      href="/readings/"
                      >Reading Log</a
                    >
                    <ol class="mt-4">
                      <li
                        class="mb-4 ml-1 font-sans text-xs tracking-wide text-subtle uppercase last:mb-0"
                      >
                        <a
                          class="block origin-left transform-gpu transition-all hover:scale-105 hover:text-default"
                          href="/readings/stats/"
                          >Stats</a
                        >
                      </li>
                    </ol>
                  </li>
                </ul>
              </div>
            </div>
          </div>
          <p
            class="w-full bg-footer px-container py-10 text-center leading-5 font-normal text-inverse"
          >
            All reviews by Frank Showalter. All images used in accordance with
            the<!-- -->
            <a
              class="text-inherit underline decoration-dashed underline-offset-4 hover:bg-default hover:text-default"
              href="http://www.copyright.gov/title17/92chap1.html#107"
              rel="nofollow"
              >Fair Use Law</a
            >.
          </p>
        </footer>
      </div>
    </div>
    <dialog
      aria-label="Search"
      class="fixed inset-x-4 m-auto h-screen w-full rounded-lg border border-default bg-default shadow-lg backdrop:bg-[#000] backdrop:opacity-40 open:flex open:flex-col tablet:mx-auto tablet:mt-16 tablet:h-min tablet:max-h-[min(100vh-128px,900px)] tablet:min-h-60 tablet:max-w-[min(100vw-64px,36rem)] tablet:rounded-xl desktop:min-h-0"
    >
      <div class="contents" data-dialog-frame>
        <button
          class="absolute right-[var(--search-dialog-padding)] z-10 mt-5 h-[calc(24px_*_var(---pagefind-ui-scale))] cursor-pointer border-none bg-subtle px-2 font-mono text-xs font-light text-muted hover:bg-inverse hover:text-inverse focus:outline-accent"
          data-close-modal
        >
          ESC
        </button>
        <div class="contents"><div id="pagefind__search"></div></div>
        <div
          class="hidden px-(--search-dialog-padding) py-4 font-sans text-xs font-light tracking-wide text-subtle desktop:block"
        >
          <kbd class="rounded-md bg-default p-2 font-mono text-xs text-subtle"
            >Tab</kbd
          >
          to navigate
          <kbd
            class="ml-4 rounded-md bg-default p-2 font-mono text-xs text-subtle"
            >ESC</kbd
          >
          to close
        </div>
      </div>
    </dialog>
    <script
      type="module"
      src="/src/layouts/Layout.astro?astro&type=script&index=0&lang.ts"
    ></script>
  </body>
</html>
