<!doctype html>
<html class="h-full" lang="en">
  <head>
    <meta charset="utf-8" />
    <meta content="width=device-width" name="viewport" />
    <link
      href="https://www.franksbooklog.com/readings/stats/2016/"
      rel="canonical"
    />
    <link href="/favicon.ico" rel="icon" sizes="48x48" />
    <link href="/favicon.svg" rel="icon" sizes="any" type="image/svg+xml" />
    <link href="/apple-touch-icon.png" rel="apple-touch-icon" />
    <link href="/site.webmanifest" rel="manifest" />
    <link href="/sitemap-index.xml" rel="sitemap" />
    <meta
      content="My 2016 reading stats. Includes my most-read authors; as well as kind, year published, and edition distributions."
      name="description"
    />
    <meta
      content="#f2f0e8"
      media="(prefers-color-scheme: light)"
      name="theme-color"
    />
    <meta
      content="#484745"
      media="(prefers-color-scheme: dark)"
      name="theme-color"
    />
    <link
      href="https://www.franksbooklog.com/feed.xml"
      rel="alternate"
      title="Frank's Book Log"
      type="application/rss+xml"
    />
    <meta
      content="https://www.franksbooklog.com/readings/stats/2016/og.jpg"
      property="og:image"
    />
    <meta
      content="https://www.franksbooklog.com/readings/stats/2016/"
      property="og:url"
    />
    <meta content="2016 Stats" property="og:title" />
    <meta content="A Year in Review" property="og:description" />
    <meta content="website" property="og:type" />
    <title>2016 Stats - Frank&#39;s Book Log</title>
  </head>
  <body
    class="h-full w-full bg-canvas text-default has-[#nav:checked]:fixed has-[#nav:checked]:overflow-y-scroll data-search-modal-open:overflow-hidden data-search-modal-open:before:fixed data-search-modal-open:before:inset-0 data-search-modal-open:before:z-50 data-search-modal-open:before:backdrop-blur-xs"
  >
    <div class="group">
      <a
        class="absolute top-0.5 left-1/2 z-50 mx-auto bg-subtle px-6 py-2 text-center text-accent [transform:translate(-50%,calc(-100%-2px))] focus:[transform:translate(-50%,0%)]"
        href="#content"
        >Skip to content</a
      >
      <div class="flex min-h-full w-full flex-col bg-default">
        <header
          class="group z-20 flex w-full items-center justify-between px-container py-4 tablet:p-6 desktop:inset-x-0 desktop:z-40 desktop:flex-row desktop:flex-wrap desktop:px-16 desktop:py-8 desktop:text-left"
          style="color: var(--fg-default); position: absolute"
        >
          <div class="flex flex-col">
            <div
              class="text-[1.375rem] leading-8 font-normal whitespace-nowrap tablet:text-[1.5625rem]"
            >
              <a href="/">Frank&#x27;s Book Log</a>
            </div>
            <p class="w-full pl-px text-sm leading-4 italic opacity-85">
              by Frank Showalter
            </p>
          </div>
          <div class="flex items-center">
            <nav class="hidden w-full desktop:block desktop:w-auto">
              <ul class="flex flex-wrap justify-start gap-x-6 text-xl">
                <li class="block tracking-serif-wide whitespace-nowrap">
                  <a
                    class="text-inherit transition-all duration-500 ease-in-out hover:text-accent"
                    href="/"
                    >Home</a
                  >
                </li>
                <li class="block tracking-serif-wide whitespace-nowrap">
                  <a
                    class="text-inherit transition-all duration-500 ease-in-out hover:text-accent"
                    href="/how-i-grade/"
                    >How I Grade</a
                  >
                </li>
                <li class="block tracking-serif-wide whitespace-nowrap">
                  <a
                    class="text-inherit transition-all duration-500 ease-in-out hover:text-accent"
                    href="/reviews/"
                    >Reviews</a
                  >
                </li>
                <li class="block tracking-serif-wide whitespace-nowrap">
                  <a
                    class="text-inherit transition-all duration-500 ease-in-out hover:text-accent"
                    href="/authors/"
                    >Authors</a
                  >
                </li>
                <li class="block tracking-serif-wide whitespace-nowrap">
                  <a
                    class="text-inherit transition-all duration-500 ease-in-out hover:text-accent"
                    href="/readings/"
                    >Reading Log</a
                  >
                </li>
              </ul>
            </nav>
            <div class="z-1000 group-has-[#nav:checked]:!text-[#fff]">
              <button
                aria-keyshortcuts="Control+K"
                aria-label="Search"
                class="flex size-10 items-center justify-center overflow-hidden text-sm leading-6 ring-default desktop:ml-6"
                data-open-modal="true"
                disabled=""
                title="Search: Control+K"
                type="button"
              >
                <svg
                  class="size-7"
                  fill="none"
                  stroke="currentColor"
                  stroke-width="1.5"
                  viewBox="0 0 24 24"
                  xmlns="http://www.w3.org/2000/svg"
                >
                  <path
                    d="m21 21-5.197-5.197m0 0A7.5 7.5 0 1 0 5.196 5.196a7.5 7.5 0 0 0 10.607 10.607Z"
                    stroke-linecap="round"
                    stroke-linejoin="round"
                  ></path>
                </svg>
              </button>
            </div>
            <div class="group">
              <input class="hidden" id="nav" type="checkbox" /><label
                class="relative z-40 ml-2 flex h-10 w-10 cursor-pointer items-center justify-center desktop:hidden"
                for="nav"
                ><span
                  class="relative block h-0.5 w-6 origin-center transition-[top,bottom,transform] duration-200 ease-in-out group-has-[#nav:checked]:transform-[rotate(45deg)] group-has-[#nav:checked]:!bg-[#fff] group-has-[#nav:checked]:before:top-0 group-has-[#nav:checked]:before:transform-[rotate(90deg)] group-has-[#nav:checked]:after:bottom-0 group-has-[#nav:checked]:after:transform-[rotate(90deg)] before:absolute before:-top-2 before:block before:h-0.5 before:w-6 before:bg-inherit before:transition before:duration-200 before:ease-in-out after:absolute after:-bottom-2 after:block after:h-0.5 after:w-6 after:bg-inherit after:transition after:duration-200 after:ease-in-out"
                  style="background-color: var(--fg-default)"
                ></span
              ></label>
              <ul
                class="fixed top-0 right-0 z-20 flex h-full w-0 transform-[translateX(100%)] flex-col items-start gap-y-5 overflow-hidden bg-footer text-left text-inverse opacity-0 duration-200 ease-in-out group-has-[#nav:checked]:bottom-0 group-has-[#nav:checked]:z-20 group-has-[#nav:checked]:h-full group-has-[#nav:checked]:w-full group-has-[#nav:checked]:transform-[translateX(0)] group-has-[#nav:checked]:overflow-y-auto group-has-[#nav:checked]:pt-20 group-has-[#nav:checked]:pr-[16%] group-has-[#nav:checked]:pb-5 group-has-[#nav:checked]:pl-[12%] group-has-[#nav:checked]:opacity-100 group-has-[#nav:checked]:tablet:px-10 group-has-[#nav:checked]:tablet:py-40 tablet:max-w-[35vw] desktop:hidden"
              >
                <li class="block w-1/2 text-2xl whitespace-nowrap">
                  <a href="/">Home</a>
                </li>
                <li class="block w-1/2 text-2xl whitespace-nowrap">
                  <a href="/how-i-grade/">How I Grade</a>
                </li>
                <li class="block w-1/2 text-2xl whitespace-nowrap">
                  <a href="/reviews/">Reviews</a>
                </li>
                <li class="block w-1/2 text-2xl whitespace-nowrap">
                  <a href="/authors/">Authors</a>
                </li>
                <li class="block w-1/2 text-2xl whitespace-nowrap">
                  <a href="/readings/">Reading Log</a>
                  <ol class="mt-4">
                    <li
                      class="mb-4 ml-1 font-sans text-xs tracking-wider text-inverse-subtle uppercase last:mb-0"
                    >
                      <a href="/readings/stats/">Stats</a>
                    </li>
                  </ol>
                </li>
              </ul>
            </div>
          </div>
        </header>
        <main
          class="grow transition-[opacity] duration-200 ease-in-out group-has-[#nav:checked]:opacity-80 flex flex-col items-center bg-subtle"
          id="content"
        >
          <header
            class="min-h-[clamp(340px,50vh,1350px)] bg-canvas relative flex w-full flex-col content-start items-center justify-end gap-6 pt-40"
          >
            <div
              class="z-10 mx-auto flex w-full px-container text-center tablet:max-w-none tablet:px-0 flex-col py-8 tablet:pt-20 tablet:pb-10"
            >
              <p
                class="mb-6 font-sans text-sm tracking-wide text-subtle uppercase"
              >
                <a class="text-accent" href="/readings/">Reading Log</a>
              </p>
              <h1
                class="font-sans text-3xl font-bold tracking-widest uppercase tablet:text-4xl tablet-landscape:text-5xl desktop:text-7xl"
              >
                2016 Stats
              </h1>
              <p class="mt-1 text-base desktop:my-4 desktop:text-xl">
                A Year in Review
              </p>
            </div>
          </header>
          <nav class="bg-footer mb-12 w-full">
            <ul
              class="mx-auto flex scrollbar-hidden max-w-(--breakpoint-max) overflow-x-auto px-container font-sans text-sm font-normal tracking-wide desktop:justify-center"
            >
              <li class="text-center text-inverse">
                <a
                  class="block p-4 whitespace-nowrap hover:bg-accent hover:text-inverse desktop:py-4"
                  href="/readings/stats/"
                  >All-Time</a
                >
              </li>
              <li class="text-center text-inverse">
                <a
                  class="block p-4 hover:bg-accent hover:text-inverse"
                  href="/readings/stats/2025/"
                  >2025</a
                >
              </li>
              <li class="text-center text-inverse">
                <a
                  class="block p-4 hover:bg-accent hover:text-inverse"
                  href="/readings/stats/2024/"
                  >2024</a
                >
              </li>
              <li class="text-center text-inverse">
                <a
                  class="block p-4 hover:bg-accent hover:text-inverse"
                  href="/readings/stats/2023/"
                  >2023</a
                >
              </li>
              <li class="text-center text-inverse">
                <a
                  class="block p-4 hover:bg-accent hover:text-inverse"
                  href="/readings/stats/2022/"
                  >2022</a
                >
              </li>
              <li class="text-center text-inverse">
                <a
                  class="block p-4 hover:bg-accent hover:text-inverse"
                  href="/readings/stats/2019/"
                  >2019</a
                >
              </li>
              <li class="text-center text-inverse">
                <a
                  class="block p-4 hover:bg-accent hover:text-inverse"
                  href="/readings/stats/2018/"
                  >2018</a
                >
              </li>
              <li class="text-center text-inverse">
                <a
                  class="block p-4 hover:bg-accent hover:text-inverse"
                  href="/readings/stats/2017/"
                  >2017</a
                >
              </li>
              <li class="text-center bg-subtle text-default">
                <div class="bg-subtle p-4 text-default desktop:py-4">2016</div>
              </li>
              <li class="text-center text-inverse">
                <a
                  class="block p-4 hover:bg-accent hover:text-inverse"
                  href="/readings/stats/2015/"
                  >2015</a
                >
              </li>
              <li class="text-center text-inverse">
                <a
                  class="block p-4 hover:bg-accent hover:text-inverse"
                  href="/readings/stats/2014/"
                  >2014</a
                >
              </li>
              <li class="text-center text-inverse">
                <a
                  class="block p-4 hover:bg-accent hover:text-inverse"
                  href="/readings/stats/2013/"
                  >2013</a
                >
              </li>
              <li class="text-center text-inverse">
                <a
                  class="block p-4 hover:bg-accent hover:text-inverse"
                  href="/readings/stats/2012/"
                  >2012</a
                >
              </li>
              <li class="text-center text-inverse">
                <a
                  class="block p-4 hover:bg-accent hover:text-inverse"
                  href="/readings/stats/2011/"
                  >2011</a
                >
              </li>
            </ul>
          </nav>
          <div class="flex flex-wrap justify-center gap-6 desktop:flex-nowrap">
            <div
              class="flex size-36 flex-col justify-center rounded-full bg-stripe text-center text-default shadow-all"
            >
              <div class="text-[2rem] leading-8">10</div>
              <div class="font-sans text-sm leading-6 font-light text-subtle">
                Titles
              </div>
            </div>
            <div
              class="flex size-36 flex-col justify-center rounded-full bg-stripe text-center text-default shadow-all"
            >
              <div class="text-[2rem] leading-8">10</div>
              <div class="font-sans text-sm leading-6 font-light text-subtle">
                Books
              </div>
            </div>
          </div>
          <div
            class="mx-auto flex w-full max-w-(--breakpoint-max) flex-col items-stretch gap-y-8 py-10 tablet:px-container"
          >
            <div
              class="mx-auto flex w-full flex-col gap-y-8 desktop:max-w-[calc(66%+24px)]"
            ></div>
            <div
              class="flex flex-col items-start gap-y-8 desktop:flex-row desktop:gap-x-8"
            >
              <section class="w-full bg-default px-container pb-8">
                <h2 class="py-4 font-medium desktop:text-xl">
                  By Year Published
                </h2>
                <div
                  class="grid w-full grid-cols-[1fr_auto] tablet:whitespace-nowrap"
                >
                  <div class="col-span-2 grid grid-cols-subgrid py-3">
                    <div class="col-span-2 grid grid-cols-subgrid">
                      <div class="font-sans text-xs text-muted">1930s</div>
                      <div
                        class="col-start-2 self-center pb-1 text-right font-sans text-xs text-nowrap text-subtle"
                      >
                        1
                      </div>
                    </div>
                    <div class="col-span-2 row-start-2 bg-subtle">
                      <div
                        class="bg-progress-bar leading-[6px] tablet:mb-0"
                        style="--bar-percent: 10%"
                      >
                         
                      </div>
                    </div>
                  </div>
                  <div class="col-span-2 grid grid-cols-subgrid py-3">
                    <div class="col-span-2 grid grid-cols-subgrid">
                      <div class="font-sans text-xs text-muted">1970s</div>
                      <div
                        class="col-start-2 self-center pb-1 text-right font-sans text-xs text-nowrap text-subtle"
                      >
                        2
                      </div>
                    </div>
                    <div class="col-span-2 row-start-2 bg-subtle">
                      <div
                        class="bg-progress-bar leading-[6px] tablet:mb-0"
                        style="--bar-percent: 20%"
                      >
                         
                      </div>
                    </div>
                  </div>
                  <div class="col-span-2 grid grid-cols-subgrid py-3">
                    <div class="col-span-2 grid grid-cols-subgrid">
                      <div class="font-sans text-xs text-muted">1980s</div>
                      <div
                        class="col-start-2 self-center pb-1 text-right font-sans text-xs text-nowrap text-subtle"
                      >
                        2
                      </div>
                    </div>
                    <div class="col-span-2 row-start-2 bg-subtle">
                      <div
                        class="bg-progress-bar leading-[6px] tablet:mb-0"
                        style="--bar-percent: 20%"
                      >
                         
                      </div>
                    </div>
                  </div>
                  <div class="col-span-2 grid grid-cols-subgrid py-3">
                    <div class="col-span-2 grid grid-cols-subgrid">
                      <div class="font-sans text-xs text-muted">1990s</div>
                      <div
                        class="col-start-2 self-center pb-1 text-right font-sans text-xs text-nowrap text-subtle"
                      >
                        1
                      </div>
                    </div>
                    <div class="col-span-2 row-start-2 bg-subtle">
                      <div
                        class="bg-progress-bar leading-[6px] tablet:mb-0"
                        style="--bar-percent: 10%"
                      >
                         
                      </div>
                    </div>
                  </div>
                  <div class="col-span-2 grid grid-cols-subgrid py-3">
                    <div class="col-span-2 grid grid-cols-subgrid">
                      <div class="font-sans text-xs text-muted">2000s</div>
                      <div
                        class="col-start-2 self-center pb-1 text-right font-sans text-xs text-nowrap text-subtle"
                      >
                        1
                      </div>
                    </div>
                    <div class="col-span-2 row-start-2 bg-subtle">
                      <div
                        class="bg-progress-bar leading-[6px] tablet:mb-0"
                        style="--bar-percent: 10%"
                      >
                         
                      </div>
                    </div>
                  </div>
                  <div class="col-span-2 grid grid-cols-subgrid py-3">
                    <div class="col-span-2 grid grid-cols-subgrid">
                      <div class="font-sans text-xs text-muted">2010s</div>
                      <div
                        class="col-start-2 self-center pb-1 text-right font-sans text-xs text-nowrap text-subtle"
                      >
                        3
                      </div>
                    </div>
                    <div class="col-span-2 row-start-2 bg-subtle">
                      <div
                        class="bg-progress-bar leading-[6px] tablet:mb-0"
                        style="--bar-percent: 30%"
                      >
                         
                      </div>
                    </div>
                  </div>
                </div>
              </section>
              <section class="w-full bg-default px-container pb-8">
                <h2 class="py-4 font-medium desktop:text-xl">By Kind</h2>
                <div
                  class="grid w-full grid-cols-[1fr_auto] tablet:whitespace-nowrap"
                >
                  <div class="col-span-2 grid grid-cols-subgrid py-3">
                    <div class="col-span-2 grid grid-cols-subgrid">
                      <div class="font-sans text-xs text-muted">Nonfiction</div>
                      <div
                        class="col-start-2 self-center pb-1 text-right font-sans text-xs text-nowrap text-subtle"
                      >
                        6
                      </div>
                    </div>
                    <div class="col-span-2 row-start-2 bg-subtle">
                      <div
                        class="bg-progress-bar leading-[6px] tablet:mb-0"
                        style="--bar-percent: 60%"
                      >
                         
                      </div>
                    </div>
                  </div>
                  <div class="col-span-2 grid grid-cols-subgrid py-3">
                    <div class="col-span-2 grid grid-cols-subgrid">
                      <div class="font-sans text-xs text-muted">Novel</div>
                      <div
                        class="col-start-2 self-center pb-1 text-right font-sans text-xs text-nowrap text-subtle"
                      >
                        4
                      </div>
                    </div>
                    <div class="col-span-2 row-start-2 bg-subtle">
                      <div
                        class="bg-progress-bar leading-[6px] tablet:mb-0"
                        style="--bar-percent: 40%"
                      >
                         
                      </div>
                    </div>
                  </div>
                </div>
              </section>
              <section class="w-full bg-default px-container pb-8">
                <h2 class="py-4 font-medium desktop:text-xl">By Edition</h2>
                <div
                  class="grid w-full grid-cols-[1fr_auto] tablet:whitespace-nowrap"
                >
                  <div class="col-span-2 grid grid-cols-subgrid py-3">
                    <div class="col-span-2 grid grid-cols-subgrid">
                      <div class="font-sans text-xs text-muted">Hardcover</div>
                      <div
                        class="col-start-2 self-center pb-1 text-right font-sans text-xs text-nowrap text-subtle"
                      >
                        3
                      </div>
                    </div>
                    <div class="col-span-2 row-start-2 bg-subtle">
                      <div
                        class="bg-progress-bar leading-[6px] tablet:mb-0"
                        style="--bar-percent: 30%"
                      >
                         
                      </div>
                    </div>
                  </div>
                  <div class="col-span-2 grid grid-cols-subgrid py-3">
                    <div class="col-span-2 grid grid-cols-subgrid">
                      <div class="font-sans text-xs text-muted">Paperback</div>
                      <div
                        class="col-start-2 self-center pb-1 text-right font-sans text-xs text-nowrap text-subtle"
                      >
                        7
                      </div>
                    </div>
                    <div class="col-span-2 row-start-2 bg-subtle">
                      <div
                        class="bg-progress-bar leading-[6px] tablet:mb-0"
                        style="--bar-percent: 70%"
                      >
                         
                      </div>
                    </div>
                  </div>
                </div>
              </section>
            </div>
          </div>
        </main>
        <footer class="bg-canvas">
          <div class="mx-auto max-w-(--breakpoint-desktop) px-container py-20">
            <div
              class="flex w-full flex-col tablet:flex-row-reverse tablet:justify-between"
            >
              <a
                class="mx-auto mb-8 w-full max-w-button bg-footer py-5 text-center font-sans text-xs tracking-wide text-inverse uppercase hover:bg-subtle hover:text-default tablet:mx-0"
                href="#top"
                >To the top</a
              >
              <div class="flex flex-col">
                <div
                  class="text-[1.375rem] leading-8 font-normal whitespace-nowrap tablet:text-[1.5625rem]"
                >
                  <a href="/">Frank&#x27;s Book Log</a>
                </div>
                <p class="w-full pl-px text-sm leading-4 italic opacity-85">
                  by Frank Showalter
                </p>
              </div>
            </div>
            <div class="justify-between tablet:flex">
              <div class="flex max-w-prose flex-col pb-12 tablet:pr-32">
                <div class="pt-10 font-sans text-base font-light text-subtle">
                  <p class="mb-6 text-pretty">
                    Hi there, I&#x27;m Frank, a husband and father old enough to
                    have read Stephen King&#x27;s <em>The Dark Half</em> during
                    its first printing.
                  </p>
                  <p class="mb-6 text-pretty">
                    This site began in 2012, when I realized I&#x27;d
                    accumulated more books than I could ever hope to finish.
                    Worse still, I had books I thought I&#x27;d read but
                    couldn&#x27;t remember. Clearly, I needed a system.
                  </p>
                  <p class="mb-6 text-pretty">
                    What started on Goodreads evolved into this little corner of
                    the internet where I share my thoughts on what I&#x27;ve
                    read.
                  </p>
                  <p class="mb-6 text-pretty">
                    New visitors might want to start by reading about<!-- -->
                    <a
                      class="text-default underline decoration-subtle decoration-dashed underline-offset-4 transition-all duration-150 ease-out hover:bg-(--fg-inverse) hover:text-default hover:decoration-default hover:duration-75 hover:ease-in"
                      href="/how-i-grade/"
                      >how I grade</a
                    >. After that, feel free to browse my<!-- -->
                    <a
                      class="text-default underline decoration-subtle decoration-dashed underline-offset-4 transition-all duration-150 ease-out hover:bg-(--fg-inverse) hover:text-default hover:decoration-default hover:duration-75 hover:ease-in"
                      href="/reviews/"
                      >reviews</a
                    >, which are also indexed
                    <a
                      class="text-default underline decoration-subtle decoration-dashed underline-offset-4 transition-all duration-150 ease-out hover:bg-(--fg-inverse) hover:text-default hover:decoration-default hover:duration-75 hover:ease-in"
                      href="/authors/"
                      >by author</a
                    >.
                  </p>
                  <p class="mb-6 text-pretty">
                    I also keep a<!-- -->
                    <a
                      class="text-default underline decoration-subtle decoration-dashed underline-offset-4 transition-all duration-150 ease-out hover:bg-(--fg-inverse) hover:text-default hover:decoration-default hover:duration-75 hover:ease-in"
                      href="/readings/"
                      >reading log</a
                    >
                    that tracks everything I read, whether it gets a full review
                    or not, complete with<!-- -->
                    <a
                      class="text-default underline decoration-subtle decoration-dashed underline-offset-4 transition-all duration-150 ease-out hover:bg-(--fg-inverse) hover:text-default hover:decoration-default hover:duration-75 hover:ease-in"
                      href="/readings/stats/"
                      >stats</a
                    >. In an age of endless content, sometimes the act of
                    remembering what we&#x27;ve read becomes as important as the
                    reading itself.
                  </p>
                  <p class="text-pretty">
                    In an era of algorithmic recommendations and corporate
                    marketing machines, consider this site a human
                    alternative—one person&#x27;s attempt to catalog his
                    personal library and maybe help a few fellow travelers along
                    the way.
                  </p>
                </div>
              </div>
              <div
                class="flex grow-0 flex-col gap-20 pt-10 pb-20 tablet:basis-button tablet:pr-10"
              >
                <ul class="flex w-full flex-col gap-y-10 max:w-auto">
                  <li class="block w-1/2 text-2xl whitespace-nowrap">
                    <a class="hover:text-accent" href="/">Home</a>
                  </li>
                  <li class="block w-1/2 text-2xl whitespace-nowrap">
                    <a class="hover:text-accent" href="/how-i-grade/"
                      >How I Grade</a
                    >
                  </li>
                  <li class="block w-1/2 text-2xl whitespace-nowrap">
                    <a class="hover:text-accent" href="/reviews/">Reviews</a>
                  </li>
                  <li class="block w-1/2 text-2xl whitespace-nowrap">
                    <a class="hover:text-accent" href="/authors/">Authors</a>
                  </li>
                  <li class="block w-1/2 text-2xl whitespace-nowrap">
                    <a class="hover:text-accent" href="/readings/"
                      >Reading Log</a
                    >
                    <ol class="mt-4">
                      <li
                        class="mb-4 ml-1 font-sans text-xs tracking-wide text-subtle uppercase last:mb-0"
                      >
                        <a class="hover:text-default" href="/readings/stats/"
                          >Stats</a
                        >
                      </li>
                    </ol>
                  </li>
                </ul>
              </div>
            </div>
          </div>
          <p
            class="w-full bg-footer px-container py-10 text-center leading-5 font-normal text-inverse"
          >
            All reviews by Frank Showalter. All images used in accordance with
            the<!-- -->
            <a
              class="text-inherit underline decoration-dashed underline-offset-4 hover:bg-default hover:text-default"
              href="http://www.copyright.gov/title17/92chap1.html#107"
              rel="nofollow"
              >Fair Use Law</a
            >.
          </p>
        </footer>
      </div>
    </div>
    <dialog
      aria-label="Search"
      class="fixed inset-x-4 m-auto h-screen w-full rounded-lg border border-default bg-default shadow-lg backdrop:bg-[#000] backdrop:opacity-40 open:flex open:flex-col tablet:mx-auto tablet:mt-16 tablet:h-min tablet:max-h-[min(100vh-128px,900px)] tablet:min-h-60 tablet:max-w-[min(100vw-64px,36rem)] tablet:rounded-xl desktop:min-h-0"
    >
      <div class="contents" data-dialog-frame>
        <button
          class="absolute right-[var(--search-dialog-padding)] z-10 mt-5 h-[calc(24px_*_var(---pagefind-ui-scale))] cursor-pointer border-none bg-subtle px-2 font-mono text-xs font-light text-muted hover:bg-inverse hover:text-inverse focus:outline-accent"
          data-close-modal
        >
          ESC
        </button>
        <div class="contents"><div id="pagefind__search"></div></div>
        <div
          class="hidden px-(--search-dialog-padding) py-4 font-sans text-xs font-light tracking-wide text-subtle desktop:block"
        >
          <kbd class="rounded-md bg-default p-2 font-mono text-xs text-subtle"
            >Tab</kbd
          >
          to navigate
          <kbd
            class="ml-4 rounded-md bg-default p-2 font-mono text-xs text-subtle"
            >ESC</kbd
          >
          to close
        </div>
      </div>
    </dialog>
    <script
      type="module"
      src="/src/layouts/Layout.astro?astro&type=script&index=0&lang.ts"
    ></script>
  </body>
</html>
