<!doctype html>
<html lang="en">
  <head>
    <meta charset="utf-8" />
    <meta content="width=device-width" name="viewport" />
    <link
      href="https://www.franksbooklog.com/readings/stats/2019/"
      rel="canonical"
    />
    <link href="/favicon.ico" rel="icon" sizes="48x48" />
    <link href="/favicon.svg" rel="icon" sizes="any" type="image/svg+xml" />
    <link href="/apple-touch-icon.png" rel="apple-touch-icon" />
    <link href="/site.webmanifest" rel="manifest" />
    <link href="/sitemap-index.xml" rel="sitemap" />
    <meta
      content="My 2019 reading stats. Includes my most-read authors; as well as kind, year published, and edition distributions."
      name="description"
    />
    <meta
      content="#f2f0e8"
      media="(prefers-color-scheme: light)"
      name="theme-color"
    />
    <meta
      content="#484745"
      media="(prefers-color-scheme: dark)"
      name="theme-color"
    />
    <link
      href="https://www.franksbooklog.com/feed.xml"
      rel="alternate"
      title="Frank's Book Log"
      type="application/rss+xml"
    />
    <meta
      content="https://www.franksbooklog.com/readings/stats/2019/og.jpg"
      property="og:image"
    />
    <meta
      content="https://www.franksbooklog.com/readings/stats/2019/"
      property="og:url"
    />
    <meta content="2019 Stats" property="og:title" />
    <meta content="A Year in Review" property="og:description" />
    <meta content="website" property="og:type" />
    <title>2019 Stats - Frank&#39;s Book Log</title>
  </head>
  <body>
    <div>
      <a
        class="absolute left-1/2 top-0.5 z-50 mx-auto bg-subtle px-6 py-2 text-center text-accent [transform:translate(-50%,calc(-100%_-_2px))] focus:[transform:translate(-50%,0%)]"
        href="#content"
        >Skip to content</a
      >
      <div class="flex min-h-full w-full flex-col bg-default">
        <header
          class="z-20 flex w-full items-center justify-between px-container py-4 tablet:p-6 desktop:inset-x-0 desktop:z-40 desktop:flex-row desktop:flex-wrap desktop:px-16 desktop:py-8 desktop:text-left"
          style="position: absolute"
        >
          <div class="flex flex-col">
            <div
              class="whitespace-nowrap font-normal leading-8"
              style="font-size: 1.5625rem"
            >
              <a href="/">Frank&#x27;s Book Log</a>
            </div>
            <p class="w-full pl-px text-sm italic leading-4 opacity-85">
              Literature is a relative term.
            </p>
          </div>
          <div class="flex items-center">
            <nav class="hidden w-full desktop:block desktop:w-auto">
              <ul class="flex flex-wrap justify-start gap-x-6 text-xl">
                <li class="block whitespace-nowrap tracking-serif-wide">
                  <a
                    class="text-inherit transition-all duration-500 ease-in-out hover:text-accent"
                    href="/"
                    >Home</a
                  >
                </li>
                <li class="block whitespace-nowrap tracking-serif-wide">
                  <a
                    class="text-inherit transition-all duration-500 ease-in-out hover:text-accent"
                    href="/how-i-grade/"
                    >How I Grade</a
                  >
                </li>
                <li class="block whitespace-nowrap tracking-serif-wide">
                  <a
                    class="text-inherit transition-all duration-500 ease-in-out hover:text-accent"
                    href="/reviews/"
                    >Reviews</a
                  >
                </li>
                <li class="block whitespace-nowrap tracking-serif-wide">
                  <a
                    class="text-inherit transition-all duration-500 ease-in-out hover:text-accent"
                    href="/authors/"
                    >Authors</a
                  >
                </li>
                <li class="block whitespace-nowrap tracking-serif-wide">
                  <a
                    class="text-inherit transition-all duration-500 ease-in-out hover:text-accent"
                    href="/readings/"
                    >Reading Log</a
                  >
                </li>
              </ul>
            </nav>
            <div class="search-button z-[1000]">
              <button
                aria-keyshortcuts="Control+K"
                aria-label="Search"
                class="flex items-center justify-between overflow-hidden text-sm leading-6 ring-default desktop:ml-6"
                data-open-modal="true"
                disabled=""
                title="Search: Control+K"
                type="button"
              >
                <svg
                  class="size-7"
                  fill="none"
                  stroke="currentColor"
                  stroke-width="1.5"
                  viewBox="0 0 24 24"
                  xmlns="http://www.w3.org/2000/svg"
                >
                  <path
                    d="m21 21-5.197-5.197m0 0A7.5 7.5 0 1 0 5.196 5.196a7.5 7.5 0 0 0 10.607 10.607Z"
                    stroke-linecap="round"
                    stroke-linejoin="round"
                  ></path>
                </svg>
              </button>
            </div>
            <input class="hidden" id="mobile-nav" type="checkbox" /><label
              class="hamburger-icon desktop:hidden"
              for="mobile-nav"
              ><span
                class="hamburger-icon-bars"
                style="background-color: var(--fg-default)"
              ></span
            ></label>
            <ul
              class="hamburger-menu flex flex-col items-start gap-y-5 text-left text-inverse desktop:hidden"
            >
              <li class="block w-1/2 whitespace-nowrap text-2xl">
                <a href="/">Home</a>
              </li>
              <li class="block w-1/2 whitespace-nowrap text-2xl">
                <a href="/how-i-grade/">How I Grade</a>
              </li>
              <li class="block w-1/2 whitespace-nowrap text-2xl">
                <a href="/reviews/">Reviews</a>
              </li>
              <li class="block w-1/2 whitespace-nowrap text-2xl">
                <a href="/authors/">Authors</a>
              </li>
              <li class="block w-1/2 whitespace-nowrap text-2xl">
                <a href="/readings/">Reading Log</a>
                <ol class="mt-4">
                  <li
                    class="mb-2 font-sans text-xs uppercase tracking-wide text-inverse-subtle"
                  >
                    <a href="/readings/stats/">Stats</a>
                  </li>
                </ol>
              </li>
            </ul>
          </div>
        </header>
        <main class="grow flex flex-col items-center bg-subtle" id="content">
          <header
            class="min-h-[clamp(340px,50vh,1350px)] relative flex w-full flex-col content-start items-center justify-end gap-6 bg-canvas pb-8 pt-40 tablet:pb-10 tablet:pt-40 desktop:pb-16 desktop:pt-40"
          >
            <div
              class="z-10 mx-auto flex w-full max-w-screen-max px-container flex-col"
            >
              <p
                class="mb-6 font-sans text-sm uppercase tracking-wide text-subtle"
              >
                <a class="text-accent" href="/readings/">Reading Log</a>
              </p>
              <h1
                class="font-sans text-3xl font-bold uppercase tracking-widest tablet:text-4xl tablet-landscape:text-5xl desktop:text-7xl"
              >
                2019 Stats
              </h1>
              <p class="mt-1 text-base desktop:my-4 desktop:text-xl">
                A Year in Review
              </p>
            </div>
          </header>
          <nav class="bg-footer mb-12 w-full">
            <ul
              class="scrollbar-hidden mx-auto flex max-w-screen-max overflow-x-auto px-container font-sans text-sm font-normal tracking-wide desktop:justify-center"
            >
              <li class="text-center text-inverse">
                <a
                  class="block whitespace-nowrap p-4 hover:bg-accent hover:text-inverse desktop:py-4"
                  href="/readings/stats/"
                  >All-Time</a
                >
              </li>
              <li class="text-center text-inverse">
                <a
                  class="block p-4 hover:bg-accent hover:text-inverse"
                  href="/readings/stats/2024/"
                  >2024</a
                >
              </li>
              <li class="text-center text-inverse">
                <a
                  class="block p-4 hover:bg-accent hover:text-inverse"
                  href="/readings/stats/2023/"
                  >2023</a
                >
              </li>
              <li class="text-center text-inverse">
                <a
                  class="block p-4 hover:bg-accent hover:text-inverse"
                  href="/readings/stats/2022/"
                  >2022</a
                >
              </li>
              <li class="text-center bg-subtle text-default">
                <div class="bg-subtle p-4 text-default desktop:py-4">2019</div>
              </li>
              <li class="text-center text-inverse">
                <a
                  class="block p-4 hover:bg-accent hover:text-inverse"
                  href="/readings/stats/2017/"
                  >2017</a
                >
              </li>
              <li class="text-center text-inverse">
                <a
                  class="block p-4 hover:bg-accent hover:text-inverse"
                  href="/readings/stats/2015/"
                  >2015</a
                >
              </li>
              <li class="text-center text-inverse">
                <a
                  class="block p-4 hover:bg-accent hover:text-inverse"
                  href="/readings/stats/2014/"
                  >2014</a
                >
              </li>
              <li class="text-center text-inverse">
                <a
                  class="block p-4 hover:bg-accent hover:text-inverse"
                  href="/readings/stats/2013/"
                  >2013</a
                >
              </li>
              <li class="text-center text-inverse">
                <a
                  class="block p-4 hover:bg-accent hover:text-inverse"
                  href="/readings/stats/2012/"
                  >2012</a
                >
              </li>
              <li class="text-center text-inverse">
                <a
                  class="block p-4 hover:bg-accent hover:text-inverse"
                  href="/readings/stats/2011/"
                  >2011</a
                >
              </li>
            </ul>
          </nav>
          <div class="flex flex-wrap justify-center gap-6 desktop:flex-nowrap">
            <div
              class="flex size-36 flex-col justify-center rounded-full bg-stripe text-center text-default shadow-all"
            >
              <div class="text-[2rem] leading-8">1</div>
              <div class="font-sans text-sm font-light leading-6 text-subtle">
                Titles
              </div>
            </div>
            <div
              class="flex size-36 flex-col justify-center rounded-full bg-stripe text-center text-default shadow-all"
            >
              <div class="text-[2rem] leading-8">1</div>
              <div class="font-sans text-sm font-light leading-6 text-subtle">
                Books
              </div>
            </div>
          </div>
          <div
            class="mx-auto flex w-full max-w-screen-max flex-col items-stretch gap-y-8 py-10 tablet:px-container"
          >
            <div
              class="mx-auto flex w-full flex-col gap-y-8 desktop:max-w-[calc(66%_+_24px)]"
            ></div>
            <div
              class="flex flex-col items-start gap-y-8 desktop:flex-row desktop:gap-x-8"
            >
              <section class="w-full bg-default px-container pb-8">
                <h2 class="py-4 font-medium desktop:text-xl">
                  By Year Published
                </h2>
                <div
                  class="grid w-full grid-cols-[1fr,auto] tablet:whitespace-nowrap"
                >
                  <div class="col-span-2 grid grid-cols-subgrid py-3">
                    <div class="col-span-2 grid grid-cols-subgrid">
                      <div class="font-sans text-xs text-muted">1980s</div>
                      <div
                        class="col-start-2 self-center text-nowrap pb-1 text-right font-sans text-xs text-subtle"
                      >
                        1
                      </div>
                    </div>
                    <div class="col-span-2 row-start-2 bg-subtle">
                      <div
                        class="progress-bar-bg leading-[6px] tablet:mb-0"
                        style="--bar-percent: 100%"
                      >
                         
                      </div>
                    </div>
                  </div>
                </div>
              </section>
              <section class="w-full bg-default px-container pb-8">
                <h2 class="py-4 font-medium desktop:text-xl">By Kind</h2>
                <div
                  class="grid w-full grid-cols-[1fr,auto] tablet:whitespace-nowrap"
                >
                  <div class="col-span-2 grid grid-cols-subgrid py-3">
                    <div class="col-span-2 grid grid-cols-subgrid">
                      <div class="font-sans text-xs text-muted">Novel</div>
                      <div
                        class="col-start-2 self-center text-nowrap pb-1 text-right font-sans text-xs text-subtle"
                      >
                        1
                      </div>
                    </div>
                    <div class="col-span-2 row-start-2 bg-subtle">
                      <div
                        class="progress-bar-bg leading-[6px] tablet:mb-0"
                        style="--bar-percent: 100%"
                      >
                         
                      </div>
                    </div>
                  </div>
                </div>
              </section>
              <section class="w-full bg-default px-container pb-8">
                <h2 class="py-4 font-medium desktop:text-xl">By Edition</h2>
                <div
                  class="grid w-full grid-cols-[1fr,auto] tablet:whitespace-nowrap"
                >
                  <div class="col-span-2 grid grid-cols-subgrid py-3">
                    <div class="col-span-2 grid grid-cols-subgrid">
                      <div class="font-sans text-xs text-muted">Kindle</div>
                      <div
                        class="col-start-2 self-center text-nowrap pb-1 text-right font-sans text-xs text-subtle"
                      >
                        1
                      </div>
                    </div>
                    <div class="col-span-2 row-start-2 bg-subtle">
                      <div
                        class="progress-bar-bg leading-[6px] tablet:mb-0"
                        style="--bar-percent: 100%"
                      >
                         
                      </div>
                    </div>
                  </div>
                </div>
              </section>
            </div>
          </div>
        </main>
        <footer
          class="flex flex-wrap items-start justify-between gap-[10%] bg-footer px-container py-20 text-inverse tablet:px-12 tablet:pt-10 desktop:p-20"
        >
          <div class="flex flex-col pb-12">
            <div class="flex flex-col">
              <div
                class="whitespace-nowrap font-normal leading-8"
                style="font-size: 1.5625rem"
              >
                <a href="/">Frank&#x27;s Book Log</a>
              </div>
              <p class="w-full pl-px text-sm italic leading-4 opacity-85">
                Literature is a relative term.
              </p>
            </div>
          </div>
          <div
            class="flex flex-col gap-20 pb-20 pt-10 tablet:basis-1/2 tablet:pt-20"
          >
            <ul class="flex w-full flex-col gap-y-10 text-inverse max:w-auto">
              <li class="block w-1/2 whitespace-nowrap text-2xl">
                <a class="hover:text-accent" href="/">Home</a>
              </li>
              <li class="block w-1/2 whitespace-nowrap text-2xl">
                <a class="hover:text-accent" href="/how-i-grade/"
                  >How I Grade</a
                >
              </li>
              <li class="block w-1/2 whitespace-nowrap text-2xl">
                <a class="hover:text-accent" href="/reviews/">Reviews</a>
              </li>
              <li class="block w-1/2 whitespace-nowrap text-2xl">
                <a class="hover:text-accent" href="/authors/">Authors</a>
              </li>
              <li class="block w-1/2 whitespace-nowrap text-2xl">
                <a class="hover:text-accent" href="/readings/">Reading Log</a>
                <ol class="mt-4">
                  <li
                    class="mb-2 font-sans text-xs uppercase tracking-wide text-inverse-subtle"
                  >
                    <a class="hover:text-inverse" href="/readings/stats/"
                      >Stats</a
                    >
                  </li>
                </ol>
              </li>
            </ul>
            <a
              class="mb-8 w-full max-w-button bg-canvas py-5 text-center font-sans text-xs uppercase tracking-wide text-default hover:bg-inverse hover:text-inverse"
              href="#top"
              >To the top</a
            >
            <p class="w-full font-normal leading-5 text-inverse-subtle">
              All covers used in accordance with the<!-- -->
              <a
                class="text-inherit underline decoration-2 underline-offset-4 hover:bg-default hover:text-default"
                href="http://www.copyright.gov/title17/92chap1.html#107"
                >Fair Use Law.</a
              >
            </p>
          </div>
        </footer>
      </div>
    </div>
    <dialog
      aria-label="Search"
      class="fixed inset-x-4 h-screen w-full rounded-lg border border-default bg-default shadow-lg backdrop:bg-[#000] backdrop:opacity-40 open:flex open:flex-col tablet:mx-auto tablet:mt-16 tablet:h-min tablet:max-h-[min(100vh_-_128px,900px)] tablet:min-h-60 tablet:max-w-[min(100vw_-_64px,36rem)] tablet:rounded-xl desktop:min-h-0"
    >
      <div class="contents" data-dialog-frame>
        <button
          class="px-2 font-mono text-xs font-light hover:bg-inverse hover:text-inverse focus:outline-accent"
          data-close-modal
        >
          ESC
        </button>
        <div class="contents"><div id="pagefind__search"></div></div>
        <div
          class="hidden px-[var(--search-dialog-padding)] py-4 font-sans text-xs font-light tracking-wide text-subtle desktop:block"
        >
          <kbd class="rounded-md bg-default p-2 font-mono text-xs text-subtle"
            >Tab</kbd
          >
          to navigate
          <kbd
            class="ml-4 rounded-md bg-default p-2 font-mono text-xs text-subtle"
            >ESC</kbd
          >
          to close
        </div>
      </div>
    </dialog>
    <script>
      (() => {
        const openBtn = document.querySelector("button[data-open-modal]");
        if (!openBtn) return;
        if (/(Mac|iPhone|iPod|iPad)/i.test(navigator.platform)) {
          openBtn.setAttribute("aria-keyshortcuts", "Meta+K");
          openBtn.setAttribute("title", `Search: ⌘K`);
        }
      })();
    </script>
    <script
      type="module"
      src="/src/layouts/Layout.astro?astro&type=script&index=0&lang.ts"
    ></script>
  </body>
</html>
