<!doctype html>
<html lang="en">
  <head>
    <meta charset="utf-8" />
    <meta content="width=device-width" name="viewport" />
    <link href="/favicon.ico" rel="icon" sizes="48x48" />
    <link href="/favicon.svg" rel="icon" sizes="any" type="image/svg+xml" />
    <link href="/apple-touch-icon.png" rel="apple-touch-icon" />
    <link href="/site.webmanifest" rel="manifest" />
    <link href="/sitemap-index.xml" rel="sitemap" />
    <meta content="A Year in Review" name="description" />
    <meta
      content="https://www.franksbooklog.com/readings/stats/2023/og.jpg"
      name="og:image"
    />
    <meta
      content="https://www.franksbooklog.com/readings/stats/2023/"
      property="og:url"
    />
    <meta content="2023 Stats" property="og:title" />
    <meta content="A Year in Review" property="og:description" />
    <title>2023 Stats | Frank&#39;s Book Log</title>
  </head>
  <body>
    <div>
      <a
        class="absolute left-1/2 top-0.5 z-50 mx-auto bg-subtle px-6 py-2 text-center text-accent [transform:translate(-50%,calc(-100%_-_2px))] focus:[transform:translate(-50%,0%)]"
        href="#content"
        >Skip to content</a
      >
      <div class="flex min-h-full w-full flex-col bg-default">
        <header
          class="z-20 flex w-full items-center justify-between px-container py-4 tablet:p-6 desktop:inset-x-0 desktop:z-40 desktop:flex-row desktop:flex-wrap desktop:px-16 desktop:py-8 desktop:text-left"
          style="position: absolute"
        >
          <div class="flex flex-col mt-2 tablet:mt-0">
            <div
              class="whitespace-nowrap font-normal leading-8"
              style="font-size: 1.5625rem"
            >
              <a href="/">Frank&#x27;s Book Log</a>
            </div>
            <p class="w-full pl-px text-sm italic leading-4 opacity-85">
              Literature is a relative term.
            </p>
          </div>
          <div class="flex items-center">
            <nav class="hidden w-full desktop:block desktop:w-auto">
              <ul class="flex flex-wrap justify-start gap-x-6 text-xl">
                <li class="block whitespace-nowrap tracking-serif-wide">
                  <a
                    class="text-inherit transition-all duration-500 ease-in-out hover:text-accent"
                    href="/"
                    >Home</a
                  >
                </li>
                <li class="block whitespace-nowrap tracking-serif-wide">
                  <a
                    class="text-inherit transition-all duration-500 ease-in-out hover:text-accent"
                    href="/how-i-grade/"
                    >How I Grade</a
                  >
                </li>
                <li class="block whitespace-nowrap tracking-serif-wide">
                  <a
                    class="text-inherit transition-all duration-500 ease-in-out hover:text-accent"
                    href="/reviews/"
                    >Reviews</a
                  >
                </li>
                <li class="block whitespace-nowrap tracking-serif-wide">
                  <a
                    class="text-inherit transition-all duration-500 ease-in-out hover:text-accent"
                    href="/readings/"
                    >Reading Log</a
                  >
                </li>
                <li class="block whitespace-nowrap tracking-serif-wide">
                  <a
                    class="text-inherit transition-all duration-500 ease-in-out hover:text-accent"
                    href="/authors/"
                    >Authors</a
                  >
                </li>
                <li class="block whitespace-nowrap tracking-serif-wide">
                  <a
                    class="text-inherit transition-all duration-500 ease-in-out hover:text-accent"
                    href="/shelf/"
                    >Shelf</a
                  >
                </li>
              </ul>
            </nav>
            <div class="z-[1000]">
              <button
                aria-keyshortcuts="Control+K"
                aria-label="Search"
                class="flex items-center justify-between overflow-hidden text-sm leading-6 ring-default desktop:ml-6"
                data-open-modal="true"
                disabled=""
                title="Search: Control+K"
                type="button"
              >
                <svg
                  class="size-7"
                  fill="none"
                  stroke="currentColor"
                  stroke-width="1.5"
                  viewBox="0 0 24 24"
                  xmlns="http://www.w3.org/2000/svg"
                >
                  <path
                    d="m21 21-5.197-5.197m0 0A7.5 7.5 0 1 0 5.196 5.196a7.5 7.5 0 0 0 10.607 10.607Z"
                    stroke-linecap="round"
                    stroke-linejoin="round"
                  ></path>
                </svg>
              </button>
            </div>
            <input class="hidden" id="mobile-nav" type="checkbox" /><label
              class="hamburger-icon desktop:hidden"
              for="mobile-nav"
              ><span
                class="hamburger-icon-bars"
                style="background: var(--fg-default)"
              ></span
            ></label>
            <ul
              class="hamburger-menu flex flex-col items-start gap-y-5 text-left text-inverse desktop:hidden"
            >
              <li class="block w-1/2 whitespace-nowrap text-2xl">
                <a href="/">Home</a>
              </li>
              <li class="block w-1/2 whitespace-nowrap text-2xl">
                <a href="/how-i-grade/">How I Grade</a>
              </li>
              <li class="block w-1/2 whitespace-nowrap text-2xl">
                <a href="/reviews/">Reviews</a>
              </li>
              <li class="block w-1/2 whitespace-nowrap text-2xl">
                <a href="/readings/">Reading Log</a>
                <ol class="mt-4">
                  <li
                    class="mb-2 font-sans text-xs uppercase tracking-wide text-inverse-subtle"
                  >
                    <a href="/readings/stats/">Stats</a>
                  </li>
                </ol>
              </li>
              <li class="block w-1/2 whitespace-nowrap text-2xl">
                <a href="/authors/">Authors</a>
              </li>
              <li class="block w-1/2 whitespace-nowrap text-2xl">
                <a href="/shelf/">Shelf</a>
              </li>
            </ul>
          </div>
        </header>
        <main class="grow flex flex-col items-center bg-subtle" id="content">
          <header
            class="min-h-[clamp(340px,50vh,1350px)] relative flex w-full flex-col content-start items-center justify-end gap-6 bg-canvas pb-8 pt-40 tablet:pb-10 tablet:pt-40 desktop:pb-16 desktop:pt-40"
          >
            <div
              class="z-10 mx-auto flex w-full max-w-screen-max flex-col px-container"
            >
              <p
                class="mb-2 font-sans text-sm uppercase tracking-wide text-subtle"
              >
                <a
                  class="decoration-2 underline-offset-8 hover:text-accent hover:underline"
                  href="/readings/"
                  >Reading Log</a
                >
              </p>
              <h1
                class="font-sans text-3xl font-bold uppercase tracking-widest tablet:text-4xl tablet-landscape:text-5xl desktop:text-7xl"
              >
                2023 Stats
              </h1>
              <p class="mt-1 text-base desktop:my-4 desktop:text-xl">
                A Year in Review
              </p>
            </div>
          </header>
          <nav class="bg-accent mb-12 w-full">
            <ul
              class="mx-auto flex max-w-screen-max overflow-x-auto px-container font-sans text-sm font-normal tracking-wide desktop:justify-center"
            >
              <li class="text-center text-inverse">
                <a
                  class="block whitespace-nowrap p-4 hover:bg-default hover:text-default desktop:py-4"
                  href="/readings/stats/"
                  >All-Time</a
                >
              </li>
              <li class="text-center text-inverse">
                <a
                  class="block p-4 hover:bg-subtle hover:text-accent"
                  href="/readings/stats/2024/"
                  >2024</a
                >
              </li>
              <li class="text-center bg-subtle text-default">
                <div class="p-4 desktop:py-4">2023</div>
              </li>
              <li class="text-center text-inverse">
                <a
                  class="block p-4 hover:bg-subtle hover:text-accent"
                  href="/readings/stats/2022/"
                  >2022</a
                >
              </li>
            </ul>
          </nav>
          <div class="flex flex-wrap justify-center gap-6 desktop:flex-nowrap">
            <div
              class="flex size-36 flex-col justify-center rounded-full bg-stripe text-center text-default shadow-all"
            >
              <div class="text-[2rem] leading-8">10</div>
              <div class="font-sans text-sm font-light leading-6 text-subtle">
                Titles
              </div>
            </div>
            <div
              class="flex size-36 flex-col justify-center rounded-full bg-stripe text-center text-default shadow-all"
            >
              <div class="text-[2rem] leading-8">8</div>
              <div class="font-sans text-sm font-light leading-6 text-subtle">
                Books
              </div>
            </div>
          </div>
          <div
            class="mx-auto flex w-full max-w-screen-max flex-col items-stretch gap-y-8 py-10 tablet:px-container"
          >
            <div
              class="mx-auto flex w-full flex-col gap-y-8 desktop:max-w-[calc(66%_+_24px)]"
            >
              <section class="w-full bg-default pb-8 tablet:px-container">
                <h2
                  class="px-container py-4 font-medium tablet:px-0 desktop:text-xl"
                >
                  Most Read Authors
                </h2>
                <div class="w-full tablet:whitespace-nowrap">
                  <div class="py-3">
                    <div class="flex justify-between px-container tablet:px-0">
                      <div class="font-sans text-sm text-muted">
                        <a
                          class="inline-block font-normal leading-6 text-accent"
                          href="/authors/philip-fracassi/"
                          >Philip Fracassi</a
                        >
                      </div>
                      <div
                        class="col-start-2 self-center text-nowrap pb-1 text-right font-sans text-xs text-subtle"
                      >
                        2
                      </div>
                    </div>
                    <div
                      class="col-span-2 row-start-2 px-container tablet:px-0"
                    >
                      <details class="bg-group tablet:px-2">
                        <summary
                          class="cursor-pointer px-4 py-1 font-sans text-sm text-subtle tablet:px-0"
                        >
                          Details
                        </summary>
                        <ol class="py-2 tablet:px-4">
                          <li
                            class="bg-default relative mb-1 flex max-w-screen-max flex-row gap-x-4 px-container py-4 last-of-type:mb-0 tablet:gap-x-6 tablet:px-4 desktop:px-6"
                          >
                            <div class="w-list-item-cover shrink-0">
                              <img
                                src="/_image?/content%2Fassets%2Fcovers%2Fsacculina-by-philip-fracassi.png%3ForigWidth%3D500%26origHeight%3D750%26origFormat%3Dpng&amp;w=80&amp;h=113&amp;q=80&amp;f=avif"
                                srcset="
                                  /_image?/content%2Fassets%2Fcovers%2Fsacculina-by-philip-fracassi.png%3ForigWidth%3D500%26origHeight%3D750%26origFormat%3Dpng&amp;w=20&amp;q=80&amp;f=avif   20w,
                                  /_image?/content%2Fassets%2Fcovers%2Fsacculina-by-philip-fracassi.png%3ForigWidth%3D500%26origHeight%3D750%26origFormat%3Dpng&amp;w=40&amp;q=80&amp;f=avif   40w,
                                  /_image?/content%2Fassets%2Fcovers%2Fsacculina-by-philip-fracassi.png%3ForigWidth%3D500%26origHeight%3D750%26origFormat%3Dpng&amp;w=80&amp;q=80&amp;f=avif   80w,
                                  /_image?/content%2Fassets%2Fcovers%2Fsacculina-by-philip-fracassi.png%3ForigWidth%3D500%26origHeight%3D750%26origFormat%3Dpng&amp;w=160&amp;q=80&amp;f=avif 160w
                                "
                                alt=""
                                height="113"
                                sizes="(max-width: 767px) 64px, (max-width: 1279px) 76px, 80px"
                                width="80"
                                class="aspect-cover"
                                decoding="async"
                                loading="lazy"
                              />
                            </div>
                            <div class="flex grow flex-col gap-y-1">
                              <a
                                class="block font-sans text-sm font-medium text-accent decoration-accent decoration-2 underline-offset-4 before:absolute before:left-[var(--container-padding)] before:top-4 before:aspect-cover before:w-list-item-cover before:bg-[#fff] before:opacity-15 hover:underline hover:before:opacity-0 tablet:before:left-4 desktop:before:left-6"
                                href="/reviews/sacculina-by-philip-fracassi/"
                                >Sacculina</a
                              >
                              <div class="-mt-px font-sans text-xs text-muted">
                                2023-10-09
                              </div>
                              <div
                                class="mt-1 font-sans text-xs font-light text-muted"
                              >
                                Kindle
                              </div>
                            </div>
                          </li>
                          <li
                            class="bg-default relative mb-1 flex max-w-screen-max flex-row gap-x-4 px-container py-4 last-of-type:mb-0 tablet:gap-x-6 tablet:px-4 desktop:px-6"
                          >
                            <div class="w-list-item-cover shrink-0">
                              <img
                                src="/_image?/content%2Fassets%2Fcovers%2Fdont-let-them-get-you-down-by-philip-fracassi.png%3ForigWidth%3D500%26origHeight%3D750%26origFormat%3Dpng&amp;w=80&amp;h=113&amp;q=80&amp;f=avif"
                                srcset="
                                  /_image?/content%2Fassets%2Fcovers%2Fdont-let-them-get-you-down-by-philip-fracassi.png%3ForigWidth%3D500%26origHeight%3D750%26origFormat%3Dpng&amp;w=20&amp;q=80&amp;f=avif   20w,
                                  /_image?/content%2Fassets%2Fcovers%2Fdont-let-them-get-you-down-by-philip-fracassi.png%3ForigWidth%3D500%26origHeight%3D750%26origFormat%3Dpng&amp;w=40&amp;q=80&amp;f=avif   40w,
                                  /_image?/content%2Fassets%2Fcovers%2Fdont-let-them-get-you-down-by-philip-fracassi.png%3ForigWidth%3D500%26origHeight%3D750%26origFormat%3Dpng&amp;w=80&amp;q=80&amp;f=avif   80w,
                                  /_image?/content%2Fassets%2Fcovers%2Fdont-let-them-get-you-down-by-philip-fracassi.png%3ForigWidth%3D500%26origHeight%3D750%26origFormat%3Dpng&amp;w=160&amp;q=80&amp;f=avif 160w
                                "
                                alt=""
                                height="113"
                                sizes="(max-width: 767px) 64px, (max-width: 1279px) 76px, 80px"
                                width="80"
                                class="aspect-cover"
                                decoding="async"
                                loading="lazy"
                              />
                            </div>
                            <div class="flex grow flex-col gap-y-1">
                              <a
                                class="block font-sans text-sm font-medium text-accent decoration-accent decoration-2 underline-offset-4 before:absolute before:left-[var(--container-padding)] before:top-4 before:aspect-cover before:w-list-item-cover before:bg-[#fff] before:opacity-15 hover:underline hover:before:opacity-0 tablet:before:left-4 desktop:before:left-6"
                                href="/reviews/dont-let-them-get-you-down-by-philip-fracassi/"
                                >Don&#x27;t Let Them Get You Down</a
                              >
                              <div class="-mt-px font-sans text-xs text-muted">
                                2023-10-29
                              </div>
                              <div
                                class="mt-1 font-sans text-xs font-light text-muted"
                              >
                                Kindle
                              </div>
                            </div>
                          </li>
                        </ol>
                      </details>
                    </div>
                  </div>
                  <div class="py-3">
                    <div class="flex justify-between px-container tablet:px-0">
                      <div class="font-sans text-sm text-muted">
                        <a
                          class="inline-block font-normal leading-6 text-accent"
                          href="/authors/stephen-morris/"
                          >Stephen Morris</a
                        >
                      </div>
                      <div
                        class="col-start-2 self-center text-nowrap pb-1 text-right font-sans text-xs text-subtle"
                      >
                        2
                      </div>
                    </div>
                    <div
                      class="col-span-2 row-start-2 px-container tablet:px-0"
                    >
                      <details class="bg-group tablet:px-2">
                        <summary
                          class="cursor-pointer px-4 py-1 font-sans text-sm text-subtle tablet:px-0"
                        >
                          Details
                        </summary>
                        <ol class="py-2 tablet:px-4">
                          <li
                            class="bg-default relative mb-1 flex max-w-screen-max flex-row gap-x-4 px-container py-4 last-of-type:mb-0 tablet:gap-x-6 tablet:px-4 desktop:px-6"
                          >
                            <div class="w-list-item-cover shrink-0">
                              <img
                                src="/_image?/content%2Fassets%2Fcovers%2Frecord-play-pause-by-stephen-morris.png%3ForigWidth%3D500%26origHeight%3D750%26origFormat%3Dpng&amp;w=80&amp;h=113&amp;q=80&amp;f=avif"
                                srcset="
                                  /_image?/content%2Fassets%2Fcovers%2Frecord-play-pause-by-stephen-morris.png%3ForigWidth%3D500%26origHeight%3D750%26origFormat%3Dpng&amp;w=20&amp;q=80&amp;f=avif   20w,
                                  /_image?/content%2Fassets%2Fcovers%2Frecord-play-pause-by-stephen-morris.png%3ForigWidth%3D500%26origHeight%3D750%26origFormat%3Dpng&amp;w=40&amp;q=80&amp;f=avif   40w,
                                  /_image?/content%2Fassets%2Fcovers%2Frecord-play-pause-by-stephen-morris.png%3ForigWidth%3D500%26origHeight%3D750%26origFormat%3Dpng&amp;w=80&amp;q=80&amp;f=avif   80w,
                                  /_image?/content%2Fassets%2Fcovers%2Frecord-play-pause-by-stephen-morris.png%3ForigWidth%3D500%26origHeight%3D750%26origFormat%3Dpng&amp;w=160&amp;q=80&amp;f=avif 160w
                                "
                                alt=""
                                height="113"
                                sizes="(max-width: 767px) 64px, (max-width: 1279px) 76px, 80px"
                                width="80"
                                class="aspect-cover"
                                decoding="async"
                                loading="lazy"
                              />
                            </div>
                            <div class="flex grow flex-col gap-y-1">
                              <a
                                class="block font-sans text-sm font-medium text-accent decoration-accent decoration-2 underline-offset-4 before:absolute before:left-[var(--container-padding)] before:top-4 before:aspect-cover before:w-list-item-cover before:bg-[#fff] before:opacity-15 hover:underline hover:before:opacity-0 tablet:before:left-4 desktop:before:left-6"
                                href="/reviews/record-play-pause-by-stephen-morris/"
                                >Record Play Pause</a
                              >
                              <div class="-mt-px font-sans text-xs text-muted">
                                2023-11-11
                              </div>
                              <div
                                class="mt-1 font-sans text-xs font-light text-muted"
                              >
                                Audible
                              </div>
                            </div>
                          </li>
                          <li
                            class="bg-default relative mb-1 flex max-w-screen-max flex-row gap-x-4 px-container py-4 last-of-type:mb-0 tablet:gap-x-6 tablet:px-4 desktop:px-6"
                          >
                            <div class="w-list-item-cover shrink-0">
                              <img
                                src="/_image?/content%2Fassets%2Fcovers%2Ffast-forward-by-stephen-morris.png%3ForigWidth%3D500%26origHeight%3D750%26origFormat%3Dpng&amp;w=80&amp;h=113&amp;q=80&amp;f=avif"
                                srcset="
                                  /_image?/content%2Fassets%2Fcovers%2Ffast-forward-by-stephen-morris.png%3ForigWidth%3D500%26origHeight%3D750%26origFormat%3Dpng&amp;w=20&amp;q=80&amp;f=avif   20w,
                                  /_image?/content%2Fassets%2Fcovers%2Ffast-forward-by-stephen-morris.png%3ForigWidth%3D500%26origHeight%3D750%26origFormat%3Dpng&amp;w=40&amp;q=80&amp;f=avif   40w,
                                  /_image?/content%2Fassets%2Fcovers%2Ffast-forward-by-stephen-morris.png%3ForigWidth%3D500%26origHeight%3D750%26origFormat%3Dpng&amp;w=80&amp;q=80&amp;f=avif   80w,
                                  /_image?/content%2Fassets%2Fcovers%2Ffast-forward-by-stephen-morris.png%3ForigWidth%3D500%26origHeight%3D750%26origFormat%3Dpng&amp;w=160&amp;q=80&amp;f=avif 160w
                                "
                                alt=""
                                height="113"
                                sizes="(max-width: 767px) 64px, (max-width: 1279px) 76px, 80px"
                                width="80"
                                class="aspect-cover"
                                decoding="async"
                                loading="lazy"
                              />
                            </div>
                            <div class="flex grow flex-col gap-y-1">
                              <a
                                class="block font-sans text-sm font-medium text-accent decoration-accent decoration-2 underline-offset-4 before:absolute before:left-[var(--container-padding)] before:top-4 before:aspect-cover before:w-list-item-cover before:bg-[#fff] before:opacity-15 hover:underline hover:before:opacity-0 tablet:before:left-4 desktop:before:left-6"
                                href="/reviews/fast-forward-by-stephen-morris/"
                                >Fast Forward</a
                              >
                              <div class="-mt-px font-sans text-xs text-muted">
                                2023-12-09
                              </div>
                              <div
                                class="mt-1 font-sans text-xs font-light text-muted"
                              >
                                Audible
                              </div>
                            </div>
                          </li>
                        </ol>
                      </details>
                    </div>
                  </div>
                </div>
              </section>
            </div>
            <div
              class="flex flex-col items-start gap-y-8 desktop:flex-row desktop:gap-x-8"
            >
              <section class="w-full bg-default px-container pb-8">
                <h2 class="py-4 font-medium desktop:text-xl">
                  By Year Published
                </h2>
                <div
                  class="grid w-full grid-cols-[1fr,auto] tablet:whitespace-nowrap"
                >
                  <div class="col-span-2 grid grid-cols-subgrid py-3">
                    <div class="col-span-2 grid grid-cols-subgrid">
                      <div class="font-sans text-xs text-muted">1970s</div>
                      <div
                        class="col-start-2 self-center text-nowrap pb-1 text-right font-sans text-xs text-subtle"
                      >
                        1
                      </div>
                    </div>
                    <div class="col-span-2 row-start-2 bg-subtle">
                      <div
                        class="progress-bar-bg leading-[6px] tablet:mb-0"
                        style="--bar-percent: 10%"
                      >
                         
                      </div>
                    </div>
                  </div>
                  <div class="col-span-2 grid grid-cols-subgrid py-3">
                    <div class="col-span-2 grid grid-cols-subgrid">
                      <div class="font-sans text-xs text-muted">1980s</div>
                      <div
                        class="col-start-2 self-center text-nowrap pb-1 text-right font-sans text-xs text-subtle"
                      >
                        1
                      </div>
                    </div>
                    <div class="col-span-2 row-start-2 bg-subtle">
                      <div
                        class="progress-bar-bg leading-[6px] tablet:mb-0"
                        style="--bar-percent: 10%"
                      >
                         
                      </div>
                    </div>
                  </div>
                  <div class="col-span-2 grid grid-cols-subgrid py-3">
                    <div class="col-span-2 grid grid-cols-subgrid">
                      <div class="font-sans text-xs text-muted">1990s</div>
                      <div
                        class="col-start-2 self-center text-nowrap pb-1 text-right font-sans text-xs text-subtle"
                      >
                        1
                      </div>
                    </div>
                    <div class="col-span-2 row-start-2 bg-subtle">
                      <div
                        class="progress-bar-bg leading-[6px] tablet:mb-0"
                        style="--bar-percent: 10%"
                      >
                         
                      </div>
                    </div>
                  </div>
                  <div class="col-span-2 grid grid-cols-subgrid py-3">
                    <div class="col-span-2 grid grid-cols-subgrid">
                      <div class="font-sans text-xs text-muted">2010s</div>
                      <div
                        class="col-start-2 self-center text-nowrap pb-1 text-right font-sans text-xs text-subtle"
                      >
                        3
                      </div>
                    </div>
                    <div class="col-span-2 row-start-2 bg-subtle">
                      <div
                        class="progress-bar-bg leading-[6px] tablet:mb-0"
                        style="--bar-percent: 30%"
                      >
                         
                      </div>
                    </div>
                  </div>
                  <div class="col-span-2 grid grid-cols-subgrid py-3">
                    <div class="col-span-2 grid grid-cols-subgrid">
                      <div class="font-sans text-xs text-muted">2020s</div>
                      <div
                        class="col-start-2 self-center text-nowrap pb-1 text-right font-sans text-xs text-subtle"
                      >
                        4
                      </div>
                    </div>
                    <div class="col-span-2 row-start-2 bg-subtle">
                      <div
                        class="progress-bar-bg leading-[6px] tablet:mb-0"
                        style="--bar-percent: 40%"
                      >
                         
                      </div>
                    </div>
                  </div>
                </div>
              </section>
              <section class="w-full bg-default px-container pb-8">
                <h2 class="py-4 font-medium desktop:text-xl">By Kind</h2>
                <div
                  class="grid w-full grid-cols-[1fr,auto] tablet:whitespace-nowrap"
                >
                  <div class="col-span-2 grid grid-cols-subgrid py-3">
                    <div class="col-span-2 grid grid-cols-subgrid">
                      <div class="font-sans text-xs text-muted">Nonfiction</div>
                      <div
                        class="col-start-2 self-center text-nowrap pb-1 text-right font-sans text-xs text-subtle"
                      >
                        3
                      </div>
                    </div>
                    <div class="col-span-2 row-start-2 bg-subtle">
                      <div
                        class="progress-bar-bg leading-[6px] tablet:mb-0"
                        style="--bar-percent: 30%"
                      >
                         
                      </div>
                    </div>
                  </div>
                  <div class="col-span-2 grid grid-cols-subgrid py-3">
                    <div class="col-span-2 grid grid-cols-subgrid">
                      <div class="font-sans text-xs text-muted">Novel</div>
                      <div
                        class="col-start-2 self-center text-nowrap pb-1 text-right font-sans text-xs text-subtle"
                      >
                        5
                      </div>
                    </div>
                    <div class="col-span-2 row-start-2 bg-subtle">
                      <div
                        class="progress-bar-bg leading-[6px] tablet:mb-0"
                        style="--bar-percent: 50%"
                      >
                         
                      </div>
                    </div>
                  </div>
                  <div class="col-span-2 grid grid-cols-subgrid py-3">
                    <div class="col-span-2 grid grid-cols-subgrid">
                      <div class="font-sans text-xs text-muted">Novella</div>
                      <div
                        class="col-start-2 self-center text-nowrap pb-1 text-right font-sans text-xs text-subtle"
                      >
                        1
                      </div>
                    </div>
                    <div class="col-span-2 row-start-2 bg-subtle">
                      <div
                        class="progress-bar-bg leading-[6px] tablet:mb-0"
                        style="--bar-percent: 10%"
                      >
                         
                      </div>
                    </div>
                  </div>
                  <div class="col-span-2 grid grid-cols-subgrid py-3">
                    <div class="col-span-2 grid grid-cols-subgrid">
                      <div class="font-sans text-xs text-muted">
                        Short Story
                      </div>
                      <div
                        class="col-start-2 self-center text-nowrap pb-1 text-right font-sans text-xs text-subtle"
                      >
                        1
                      </div>
                    </div>
                    <div class="col-span-2 row-start-2 bg-subtle">
                      <div
                        class="progress-bar-bg leading-[6px] tablet:mb-0"
                        style="--bar-percent: 10%"
                      >
                         
                      </div>
                    </div>
                  </div>
                </div>
              </section>
              <section class="w-full bg-default px-container pb-8">
                <h2 class="py-4 font-medium desktop:text-xl">By Edition</h2>
                <div
                  class="grid w-full grid-cols-[1fr,auto] tablet:whitespace-nowrap"
                >
                  <div class="col-span-2 grid grid-cols-subgrid py-3">
                    <div class="col-span-2 grid grid-cols-subgrid">
                      <div class="font-sans text-xs text-muted">Audible</div>
                      <div
                        class="col-start-2 self-center text-nowrap pb-1 text-right font-sans text-xs text-subtle"
                      >
                        4
                      </div>
                    </div>
                    <div class="col-span-2 row-start-2 bg-subtle">
                      <div
                        class="progress-bar-bg leading-[6px] tablet:mb-0"
                        style="--bar-percent: 40%"
                      >
                         
                      </div>
                    </div>
                  </div>
                  <div class="col-span-2 grid grid-cols-subgrid py-3">
                    <div class="col-span-2 grid grid-cols-subgrid">
                      <div class="font-sans text-xs text-muted">Kindle</div>
                      <div
                        class="col-start-2 self-center text-nowrap pb-1 text-right font-sans text-xs text-subtle"
                      >
                        6
                      </div>
                    </div>
                    <div class="col-span-2 row-start-2 bg-subtle">
                      <div
                        class="progress-bar-bg leading-[6px] tablet:mb-0"
                        style="--bar-percent: 60%"
                      >
                         
                      </div>
                    </div>
                  </div>
                </div>
              </section>
            </div>
          </div>
        </main>
        <footer
          class="flex flex-wrap items-start justify-between gap-[10%] bg-footer px-container py-20 text-inverse tablet:px-12 tablet:pt-10 desktop:p-20"
        >
          <div class="flex flex-col pb-12">
            <div class="flex flex-col">
              <div
                class="whitespace-nowrap font-normal leading-8"
                style="font-size: 1.5625rem"
              >
                <a href="/">Frank&#x27;s Book Log</a>
              </div>
              <p class="w-full pl-px text-sm italic leading-4 opacity-85">
                Literature is a relative term.
              </p>
            </div>
          </div>
          <div
            class="flex flex-col gap-20 pb-20 pt-10 tablet:basis-1/2 tablet:pt-20"
          >
            <ul class="flex w-full flex-col gap-y-10 text-inverse max:w-auto">
              <li class="block w-1/2 whitespace-nowrap text-2xl">
                <a class="hover:text-accent" href="/">Home</a>
              </li>
              <li class="block w-1/2 whitespace-nowrap text-2xl">
                <a class="hover:text-accent" href="/how-i-grade/"
                  >How I Grade</a
                >
              </li>
              <li class="block w-1/2 whitespace-nowrap text-2xl">
                <a class="hover:text-accent" href="/reviews/">Reviews</a>
              </li>
              <li class="block w-1/2 whitespace-nowrap text-2xl">
                <a class="hover:text-accent" href="/readings/">Reading Log</a>
                <ol class="mt-4">
                  <li
                    class="mb-2 font-sans text-xs uppercase tracking-wide text-inverse-subtle"
                  >
                    <a class="hover:text-inverse" href="/readings/stats/"
                      >Stats</a
                    >
                  </li>
                </ol>
              </li>
              <li class="block w-1/2 whitespace-nowrap text-2xl">
                <a class="hover:text-accent" href="/authors/">Authors</a>
              </li>
              <li class="block w-1/2 whitespace-nowrap text-2xl">
                <a class="hover:text-accent" href="/shelf/">Shelf</a>
              </li>
            </ul>
            <a
              class="mb-8 w-full max-w-button bg-canvas py-5 text-center font-sans text-xs uppercase tracking-wide text-default hover:bg-inverse hover:text-inverse"
              href="#top"
              >To the top</a
            >
            <p class="w-full font-normal leading-5 text-inverse-subtle">
              All covers used in accordance with the<!-- -->
              <a
                class="text-inherit underline decoration-2 underline-offset-4 hover:bg-default hover:text-default"
                href="http://www.copyright.gov/title17/92chap1.html#107"
                >Fair Use Law.</a
              >
            </p>
          </div>
        </footer>
      </div>
    </div>
    <dialog
      aria-label="Search"
      class="relative m-0 h-screen max-h-none w-screen max-w-unset border border-default bg-subtle shadow-lg open:flex open:flex-col tablet:mx-auto tablet:mt-16 tablet:h-min tablet:max-h-[min(100vh_-_128px,900px)] tablet:min-h-60 tablet:max-w-[min(100vw_-_64px,36rem)] tablet:rounded-xl desktop:min-h-0"
    >
      <div class="contents" data-dialog-frame>
        <button
          class="px-4 font-sans text-sm hover:text-accent focus:outline-accent"
          data-close-modal
        >
          Cancel
        </button>
        <div class="contents"><div id="pagefind__search"></div></div>
        <div
          class="hidden px-[var(--search-dialog-padding)] py-4 font-sans text-xs font-light tracking-wide text-subtle desktop:block"
        >
          <kbd class="rounded-md bg-default p-2 font-mono text-xs text-subtle"
            >Tab</kbd
          >
          to navigate
          <kbd
            class="ml-4 rounded-md bg-default p-2 font-mono text-xs text-subtle"
            >ESC</kbd
          >
          to close
        </div>
      </div>
    </dialog>
    <script>
      (() => {
        const openBtn = document.querySelector("button[data-open-modal]");
        if (!openBtn) return;
        if (/(Mac|iPhone|iPod|iPad)/i.test(navigator.platform)) {
          openBtn.setAttribute("aria-keyshortcuts", "Meta+K");
          openBtn.setAttribute("title", `Search: ⌘K`);
        }
      })();
    </script>
  </body>
</html>
